Godot Engine v4.7.1.stable.official.a13da4feb - https://godotengine.org
OpenGL API 3.3.0 NVIDIA 596.21 - Compatibility - Using Device: NVIDIA - NVIDIA GeForce RTX 5060 Laptop GPU

[GameData] nations=14 classes=17 maps=10 story=15
ERROR: Failed loading resource: res://assets/art/title-key-visual.jpg.
   at: _load (core/io/resource_loader.cpp:317)
   GDScript backtrace (most recent call first):
       [0] _load_tex (res://scripts/UI.gd:55)
       [1] show_menu (res://scripts/UI.gd:116)
       [2] _open_menu (res://scripts/Main.gd:368)
       [3] _ready (res://scripts/Main.gd:93)
[e2e] 1 主選單 → 劇情戰役
[e2e] 2 章節 01
[e2e] 3 簡報 → 出擊
[e2e] 4 對話：連點推進 (st=3)
[e2e]   對話結束 st=4 (應為 DEPLOY=4)
[e2e] 5 部署：點卡片 → 點藍框放置
[e2e]   已部署數=1 OK
[e2e] 6 開始戰鬥
[e2e]   st=5 (應為 CMD=5)
[e2e] 7 選兵 → 點地面移動
[e2e]   選取=OK
[e2e]   位移=4.21m OK
[selftest] saved res://e2e_battle.png
[e2e] DONE
