Godot Engine v4.7.1.stable.official.a13da4feb - https://godotengine.org
OpenGL API 3.3.0 NVIDIA 596.21 - Compatibility - Using Device: NVIDIA - NVIDIA GeForce RTX 5060 Laptop GPU

[GameData] nations=14 classes=17 maps=10 story=15
[anim] sniper idle=CharacterArmature|Idle_Gun_Pointing aim=CharacterArmature|Idle_Gun_Pointing shoot=CharacterArmature|Gun_Shoot
[gun] sniper chkX=(0.0, 0.0, 1.0) node=@MeshInstance3D@7 aabb=[P: (-2.043425, -0.78785, -0.154958), S: (7.294633, 1.483973, 0.45931)] localbasis=[X: (-0.001562, 0.000539, 0.000552), Y: (-0.000505, -0.001656, 0.000189), Z: (0.000583, 0.00001, 0.001641)]
[cat] sniper
[anim] mg idle=Idle_Gun_Pointing aim=Idle_Gun_Pointing shoot=Gun_Shoot
[gun] mg chkX=(1.0, 0.0, 0.0) node=@Node3D@22 aabb=proc localbasis=[X: (-0.317415, -0.002449, -0.908769), Y: (-0.291175, -0.911585, 0.104158), Z: (-0.860862, 0.309234, 0.299849)]
[cat] mg
[anim] at idle=Idle_Gun_Pointing aim=Idle_Gun_Pointing shoot=Gun_Shoot
[gun] at chkX=(1.0, 0.0, 0.0) node=@Node3D@31 aabb=proc localbasis=[X: (-0.317415, -0.002449, -0.908769), Y: (-0.291175, -0.911585, 0.104158), Z: (-0.860862, 0.309234, 0.299849)]
[cat] at
[anim] sam idle=Idle_Gun_Pointing aim=Idle_Gun_Pointing shoot=Gun_Shoot
[gun] sam chkX=(1.0, 0.0, 0.0) node=@Node3D@39 aabb=proc localbasis=[X: (-0.317415, -0.002449, -0.908769), Y: (-0.291175, -0.911585, 0.104158), Z: (-0.860862, 0.309234, 0.299849)]
[cat] sam
[anim] mortar idle=Idle_Gun_Pointing aim=Idle_Gun_Pointing shoot=Gun_Shoot
[gun] mortar chkX=(1.0, 0.0, 0.0) node=@Node3D@46 aabb=proc localbasis=[X: (-0.317415, -0.002449, -0.908769), Y: (-0.291175, -0.911585, 0.104158), Z: (-0.860862, 0.309234, 0.299849)]
[cat] mortar
[anim] rifleman idle=Idle_Gun_Pointing aim=Idle_Gun_Pointing shoot=Gun_Shoot
[gun] rifleman chkX=(-0.0, 0.0, 1.0) node=@MeshInstance3D@50 aabb=[P: (-0.188199, -0.437998, -0.09801), S: (3.104802, 1.260014, 0.196021)] localbasis=[X: (-0.249541, 0.089639, 0.086918), Y: (-0.084404, -0.264244, 0.030193), Z: (0.09201, 0.00071, 0.263428)]
[cat] rifleman
[cat] DONE
