Godot Engine v4.7.1.stable.official.a13da4feb - https://godotengine.org
Vulkan 1.4.329 - Forward+ - Using Device #0: NVIDIA - NVIDIA GeForce RTX 5060 Laptop GPU

[GameData] nations=14 classes=17 maps=25 story=15
[walk] 1 主選單 → 劇情戰役
[walk] 2 章節 13
[walk] 3 簡報 → 出擊
[walk] 4 對話：連點推進 (st=3)
[diff] 地形加碼（×0.85）：彈坑 +6、工事 +4
[water] 深水圍欄 74 根樁（水深 > 1.05m 的邊界）
[poles] 桿=6 電線段=60
[edge] 剔除邊界帶障礙 1 個（安全帶 1.62m，深水圍欄不剔）
ERROR: [edge] 有 1 個障礙被剔掉碰撞但視覺仍在（看得到穿得過）：{ "t=seg": 1 }
   at: push_error (core/variant/variant_utility.cpp:1023)
   GDScript backtrace (most recent call first):
       [0] _strip_edge_blockers (res://scripts/Main.gd:809)
       [1] _build_ground (res://scripts/Main.gd:7108)
       [2] _open_deploy (res://scripts/Main.gd:3844)
       [3] <anonymous lambda> (res://scripts/Main.gd:3834)
       [4] _dlg_step (res://scripts/UI.gd:461)
       [5] _input (res://scripts/UI.gd:580)
       [6] _send_click (res://scripts/Main.gd:2021)
       [7] _boot_to_battle (res://scripts/Main.gd:1846)
[rockmat] 型別=ORMMaterial3D albedo_tex=true normal_tex=true triplanar=true tint=(0.6388, 0.5776, 0.4969, 1.0)
[look] spawn mg side=1 player_side=0 mp=res://assets/models/chars/hr_m_Suit.fbx
[rig] mg 重定向骨對數=20
[look] spawn at side=1 player_side=0 mp=res://assets/models/chars/hr_m_Suit.fbx
[rig] at 重定向骨對數=20
[look] spawn sniper side=1 player_side=0 mp=res://assets/models/chars/hr_m_Suit.fbx
[rig] sniper 重定向骨對數=20
[look] spawn assault side=1 player_side=0 mp=res://assets/models/chars/hr_m_Suit.fbx
[rig] assault 重定向骨對數=20
[look] spawn rifleman side=1 player_side=0 mp=res://assets/models/chars/hr_m_Suit.fbx
[rig] rifleman 重定向骨對數=20
[look] spawn rifleman side=1 player_side=0 mp=res://assets/models/chars/hr_m_Suit.fbx
[rig] rifleman 重定向骨對數=20
[look] spawn engineer side=1 player_side=0 mp=res://assets/models/chars/hr_m_Suit.fbx
[rig] engineer 重定向骨對數=20
[look] spawn mortar side=1 player_side=0 mp=res://assets/models/chars/hr_m_Suit.fbx
[rig] mortar 重定向骨對數=20
[look] spawn specops side=1 player_side=0 mp=res://assets/models/chars/hr_m_Suit.fbx
[rig] specops 重定向骨對數=20
[look] spawn sam side=1 player_side=0 mp=res://assets/models/chars/hr_m_Suit.fbx
[rig] sam 重定向骨對數=20
[look] spawn rifleman side=1 player_side=0 mp=res://assets/models/chars/hr_m_Suit.fbx
[rig] rifleman 重定向骨對數=20
[diff] tank 落點外移 40px 找到合法地形（mob=tracked）
[look] spawn tank side=1 player_side=0 mp=res://assets/models/chars/soldier.glb
[vehart] tank 用立繪生成模型（車體+砲塔，車長 6.2m，縮放 3.107）
[look] spawn fighter side=1 player_side=0 mp=res://assets/models/chars/soldier.glb
[diff] attacker 落點外移 160px 找到合法地形（mob=air）
[look] spawn attacker side=1 player_side=0 mp=res://assets/models/chars/soldier.glb
[diff] 第 13 章：敵步兵 11、敵載具 3/3（實際/難度表）、掩體 0.66 集火 0.59 側翼 0.48 地形 0.85
[walk]   對話結束 st=4 (應為 DEPLOY=4)
[walk] 5 部署：點卡片 → 點藍框放置
ERROR: [pose] mg 持槍姿勢整段沒套用（雙手會自然垂下）：_gun_fixed=false（_fix_gun_scale 沒完成：mount 不在場景樹？）
   at: push_error (core/variant/variant_utility.cpp:1023)
   GDScript backtrace (most recent call first):
       [0] _aim_pose (res://scripts/Unit.gd:2311)
       [1] _on_skeleton_updated (res://scripts/Unit.gd:2646)
       [2] _process (res://scripts/Unit.gd:2120)
ERROR: [pose] at 持槍姿勢整段沒套用（雙手會自然垂下）：_gun_fixed=false（_fix_gun_scale 沒完成：mount 不在場景樹？）
   at: push_error (core/variant/variant_utility.cpp:1023)
   GDScript backtrace (most recent call first):
       [0] _aim_pose (res://scripts/Unit.gd:2311)
       [1] _on_skeleton_updated (res://scripts/Unit.gd:2646)
       [2] _process (res://scripts/Unit.gd:2120)
ERROR: [pose] sniper 持槍姿勢整段沒套用（雙手會自然垂下）：_gun_fixed=false（_fix_gun_scale 沒完成：mount 不在場景樹？）
   at: push_error (core/variant/variant_utility.cpp:1023)
   GDScript backtrace (most recent call first):
       [0] _aim_pose (res://scripts/Unit.gd:2311)
       [1] _on_skeleton_updated (res://scripts/Unit.gd:2646)
       [2] _process (res://scripts/Unit.gd:2120)
ERROR: [pose] assault 持槍姿勢整段沒套用（雙手會自然垂下）：_gun_fixed=false（_fix_gun_scale 沒完成：mount 不在場景樹？）
   at: push_error (core/variant/variant_utility.cpp:1023)
   GDScript backtrace (most recent call first):
       [0] _aim_pose (res://scripts/Unit.gd:2311)
       [1] _on_skeleton_updated (res://scripts/Unit.gd:2646)
       [2] _process (res://scripts/Unit.gd:2120)
ERROR: [pose] rifleman 持槍姿勢整段沒套用（雙手會自然垂下）：_gun_fixed=false（_fix_gun_scale 沒完成：mount 不在場景樹？）
   at: push_error (core/variant/variant_utility.cpp:1023)
   GDScript backtrace (most recent call first):
       [0] _aim_pose (res://scripts/Unit.gd:2311)
       [1] _on_skeleton_updated (res://scripts/Unit.gd:2646)
       [2] _process (res://scripts/Unit.gd:2120)
ERROR: [pose] rifleman 持槍姿勢整段沒套用（雙手會自然垂下）：_gun_fixed=false（_fix_gun_scale 沒完成：mount 不在場景樹？）
   at: push_error (core/variant/variant_utility.cpp:1023)
   GDScript backtrace (most recent call first):
       [0] _aim_pose (res://scripts/Unit.gd:2311)
       [1] _on_skeleton_updated (res://scripts/Unit.gd:2646)
       [2] _process (res://scripts/Unit.gd:2120)
ERROR: [pose] engineer 持槍姿勢整段沒套用（雙手會自然垂下）：_gun_fixed=false（_fix_gun_scale 沒完成：mount 不在場景樹？）
   at: push_error (core/variant/variant_utility.cpp:1023)
   GDScript backtrace (most recent call first):
       [0] _aim_pose (res://scripts/Unit.gd:2311)
       [1] _on_skeleton_updated (res://scripts/Unit.gd:2646)
       [2] _process (res://scripts/Unit.gd:2120)
ERROR: [pose] mortar 持槍姿勢整段沒套用（雙手會自然垂下）：_gun_fixed=false（_fix_gun_scale 沒完成：mount 不在場景樹？）
   at: push_error (core/variant/variant_utility.cpp:1023)
   GDScript backtrace (most recent call first):
       [0] _aim_pose (res://scripts/Unit.gd:2311)
       [1] _on_skeleton_updated (res://scripts/Unit.gd:2646)
       [2] _process (res://scripts/Unit.gd:2120)
ERROR: [pose] specops 持槍姿勢整段沒套用（雙手會自然垂下）：_gun_fixed=false（_fix_gun_scale 沒完成：mount 不在場景樹？）
   at: push_error (core/variant/variant_utility.cpp:1023)
   GDScript backtrace (most recent call first):
       [0] _aim_pose (res://scripts/Unit.gd:2311)
       [1] _on_skeleton_updated (res://scripts/Unit.gd:2646)
       [2] _process (res://scripts/Unit.gd:2120)
ERROR: [pose] sam 持槍姿勢整段沒套用（雙手會自然垂下）：_gun_fixed=false（_fix_gun_scale 沒完成：mount 不在場景樹？）
   at: push_error (core/variant/variant_utility.cpp:1023)
   GDScript backtrace (most recent call first):
       [0] _aim_pose (res://scripts/Unit.gd:2311)
       [1] _on_skeleton_updated (res://scripts/Unit.gd:2646)
       [2] _process (res://scripts/Unit.gd:2120)
ERROR: [pose] rifleman 持槍姿勢整段沒套用（雙手會自然垂下）：_gun_fixed=false（_fix_gun_scale 沒完成：mount 不在場景樹？）
   at: push_error (core/variant/variant_utility.cpp:1023)
   GDScript backtrace (most recent call first):
       [0] _aim_pose (res://scripts/Unit.gd:2311)
       [1] _on_skeleton_updated (res://scripts/Unit.gd:2646)
       [2] _process (res://scripts/Unit.gd:2120)
[look] spawn sniper side=0 player_side=0 mp=res://assets/models/chars/hr_w_Swat.fbx
[rig] sniper 重定向骨對數=20
ERROR: [pose] sniper 持槍姿勢整段沒套用（雙手會自然垂下）：_gun_fixed=false（_fix_gun_scale 沒完成：mount 不在場景樹？）
   at: push_error (core/variant/variant_utility.cpp:1023)
   GDScript backtrace (most recent call first):
       [0] _aim_pose (res://scripts/Unit.gd:2311)
       [1] _on_skeleton_updated (res://scripts/Unit.gd:2646)
       [2] _process (res://scripts/Unit.gd:2120)
[walk]   已部署數=1 OK
[walk] 6 開始戰鬥
[walk]   st=5 (應為 CMD=5)
[walk] 路線 280 個取樣點（14 列 × 20 行，間距 5.5m），地圖 109×76 m
[walk] 起點 px(688,18)（第 6 個點；前面的都在海裡或障礙裡）
ERROR: BUG: Unreferenced static string to 0: markers
   at: unref (core/string/string_name.cpp:117)
ERROR: BUG: Unreferenced static string to 0: _compression
   at: unref (core/string/string_name.cpp:117)
ERROR: BUG: Unreferenced static string to 0: _request_gizmo_for_id
   at: unref (core/string/string_name.cpp:117)
ERROR: BUG: Unreferenced static string to 0: .
   at: unref (core/string/string_name.cpp:117)
ERROR: BUG: Unreferenced static string to 0: Physics2DConstraintSolveIslands
   at: unref (core/string/string_name.cpp:117)
ERROR: BUG: Unreferenced static string to 0: Physics2DConstraintSetup
   at: unref (core/string/string_name.cpp:117)
ERROR: BUG: Unreferenced static string to 0: Physics3DConstraintSolveIslands
   at: unref (core/string/string_name.cpp:117)
ERROR: BUG: Unreferenced static string to 0: Physics3DConstraintSetup
   at: unref (core/string/string_name.cpp:117)
ERROR: BUG: Unreferenced static string to 0: servers
   at: unref (core/string/string_name.cpp:117)
ERROR: BUG: Unreferenced static string to 0: luminance_buffers
   at: unref (core/string/string_name.cpp:117)
ERROR: BUG: Unreferenced static string to 0: color_upscaled
   at: unref (core/string/string_name.cpp:117)
ERROR: BUG: Unreferenced static string to 0: quarter_texture
   at: unref (core/string/string_name.cpp:117)
ERROR: BUG: Unreferenced static string to 0: sky_buffers
   at: unref (core/string/string_name.cpp:117)
ERROR: BUG: Unreferenced static string to 0: half_texture
   at: unref (core/string/string_name.cpp:117)
ERROR: BUG: Unreferenced static string to 0: mip_level
   at: unref (core/string/string_name.cpp:117)
ERROR: BUG: Unreferenced static string to 0: rb_ssr
   at: unref (core/string/string_name.cpp:117)
ERROR: BUG: Unreferenced static string to 0: ssr
   at: unref (core/string/string_name.cpp:117)
ERROR: BUG: Unreferenced static string to 0: reflection
   at: unref (core/string/string_name.cpp:117)
ERROR: BUG: Unreferenced static string to 0: back_color
   at: unref (core/string/string_name.cpp:117)
ERROR: BUG: Unreferenced static string to 0: back_depth
   at: unref (core/string/string_name.cpp:117)
ERROR: BUG: Unreferenced static string to 0: VRS
   at: unref (core/string/string_name.cpp:117)
ERROR: BUG: Unreferenced static string to 0: sdfgi
   at: unref (core/string/string_name.cpp:117)
ERROR: BUG: Unreferenced static string to 0: _enter_world
   at: unref (core/string/string_name.cpp:117)
ERROR: BUG: Unreferenced static string to 0: Variant
   at: unref (core/string/string_name.cpp:117)
ERROR: 7 RID allocations of type '23NavMeshGeometryParser2D' were leaked at exit.
ERROR: 6 RID allocations of type '23NavMeshGeometryParser3D' were leaked at exit.
ERROR: Pages in use exist at exit in PagedAllocator: N12VariantPools11BucketLargeE
   at: ~PagedAllocator (./core/templates/paged_allocator.h:170)
