Godot Engine v4.7.1.stable.official.a13da4feb - https://godotengine.org
Vulkan 1.4.329 - Forward+ - Using Device #0: NVIDIA - NVIDIA GeForce RTX 5060 Laptop GPU

[GameData] nations=14 classes=17 maps=25 story=15
[poles] 桿=4 電線段=36
[city] Building_Large_2 s0 型別=StandardMaterial3D emis=false
[city] Building_Large_2 s1 型別=StandardMaterial3D emis=false
[city] Building_Large_2 s2 型別=StandardMaterial3D emis=false
[city] Building_Large_2 s3 型別=StandardMaterial3D emis=false
[city] Building_Large_2 s4 型別=StandardMaterial3D emis=false
[city] Building_Large_2 s5 型別=StandardMaterial3D emis=false
[city] Building_Large_2 s6 型別=StandardMaterial3D emis=false
[city] Building_Large_2 s7 型別=StandardMaterial3D emis=false
[city] Building_Large_2 s8 型別=StandardMaterial3D emis=false
[city] Building_Large_2 s9 型別=StandardMaterial3D emis=false
[city] Building_Large_2 s10 型別=StandardMaterial3D emis=false
[city] Building_Large_2 s11 型別=StandardMaterial3D emis=false
[city] Building_Medium_2_001 s0 型別=StandardMaterial3D emis=false
[city] Building_Medium_2_001 s1 型別=StandardMaterial3D emis=false
[city] Building_Medium_2_001 s2 型別=StandardMaterial3D emis=false
[city] Building_Medium_2_001 s3 型別=StandardMaterial3D emis=false
[city] Building_Medium_2_001 s4 型別=StandardMaterial3D emis=false
[city] Building_Medium_2_001 s5 型別=StandardMaterial3D emis=false
[city] Building_Medium_2_001 s6 型別=StandardMaterial3D emis=false
[city] Building_Medium_2_001 s7 型別=StandardMaterial3D emis=false
[city] Building_Medium_2_001 s8 型別=StandardMaterial3D emis=false
[city] Building_Medium_2_001 s9 型別=StandardMaterial3D emis=false
[city] Building_Medium_2_001 s10 型別=StandardMaterial3D emis=false
[city] Building_Medium_2_001 s11 型別=StandardMaterial3D emis=false
[city] Building_Small_1 s0 型別=StandardMaterial3D emis=false
[city] Building_Small_1 s1 型別=StandardMaterial3D emis=false
[city] Building_Small_1 s2 型別=StandardMaterial3D emis=false
[city] Building_Small_1 s3 型別=StandardMaterial3D emis=false
[city] Building_Small_1 s4 型別=StandardMaterial3D emis=false
[city] Building_Small_1 s5 型別=StandardMaterial3D emis=false
[city] Building_Small_1 s6 型別=StandardMaterial3D emis=false
[city] Building_Small_1 s7 型別=StandardMaterial3D emis=false
[city] Building_Small_1 s8 型別=StandardMaterial3D emis=false
[city] Building_Small_1 s9 型別=StandardMaterial3D emis=false
[city] Building_Small_1 s10 型別=StandardMaterial3D emis=false
[city] Building_Small_1 s11 型別=StandardMaterial3D emis=false
[city] Building_Small_1 s12 型別=StandardMaterial3D emis=false
[city] Sidewalk_Straight_3m s0 型別=StandardMaterial3D emis=false
[city] Prop_Bollard s0 型別=StandardMaterial3D emis=false
[city] Prop_Planter_Single s0 型別=StandardMaterial3D emis=false
[city] Prop_Planter_Single s1 型別=StandardMaterial3D emis=false
[city] Prop_ManholeCover s0 型別=StandardMaterial3D emis=false
[city] Prop_Drain s0 型別=StandardMaterial3D emis=false
[city] 街廓建築 68 棟、網格 3 種
[selftest] saved res://qa/art_ch15_scene.png
[selftest] saved res://qa/art_ch15_road.png
[selftest] saved res://qa/art_ch15_pole.png
[selftest] saved res://qa/art_ch15_tree.png
[selftest] saved res://qa/art_ch15_bld0.png
[selftest] saved res://qa/art_ch15_bld1.png
[selftest] saved res://qa/art_ch15_bld2.png
[selftest] saved res://qa/art_ch15_bld3.png
[selftest] saved res://qa/art_ch15_pillbox.png
[artshots] ch15 DONE
