Godot Engine v4.7.1.stable.official.a13da4feb - https://godotengine.org
Vulkan 1.4.329 - Forward+ - Using Device #0: NVIDIA - NVIDIA GeForce RTX 5060 Laptop GPU

[GameData] nations=14 classes=17 maps=25 story=15
[blkdump] 1 主選單 → 劇情戰役
[blkdump] 2 章節 01
[blkdump] 3 簡報 → 出擊
[blkdump] 4 對話：連點推進 (st=3)
[water] 深水圍欄 78 根樁（水深 > 1.05m 的邊界）
[rig] mg 重定向骨對數=20
[rig] at 重定向骨對數=20
[rig] sniper 重定向骨對數=20
[diff] 第 1 章：敵步兵 3、敵載具 0、掩體 0.00 集火 0.00 側翼 0.00 地形 0.00
[blkdump]   對話結束 st=4 (應為 DEPLOY=4)
[blkdump] 5 部署：點卡片 → 點藍框放置
[rig] sniper 重定向骨對數=20
[blkdump]   已部署數=1 OK
[blkdump] 6 開始戰鬥
[blkdump]   st=5 (應為 CMD=5)
[blkdump] 區域 x∈[820,960] y∈[700,820] 的障礙：
[blkdump] { "t": "cir", "c": (931.3098, 807.4574), "r": 3.89983266592026, "h": 0.23398995995522, "pen": false }
[blkdump] { "t": "cir", "c": (828.4692, 706.546), "k": "furniture", "r": 8.4, "h": 1.12, "pen": true }
[blkdump] DONE
