Godot Engine v4.7.1.stable.official.a13da4feb - https://godotengine.org
Vulkan 1.4.329 - Forward+ - Using Device #0: NVIDIA - NVIDIA GeForce RTX 5060 Laptop GPU

[GameData] nations=14 classes=17 maps=25 story=15
[blkdump] 1 主選單 → 劇情戰役
[blkdump] 2 章節 01
[blkdump] 3 簡報 → 出擊
[blkdump] 4 對話：連點推進 (st=3)
[water] 深水圍欄 78 根樁（水深 > 1.05m 的邊界）
[rig] mg 重定向骨對數=20
[rig] at 重定向骨對數=20
[rig] sniper 重定向骨對數=20
[diff] 第 1 章：敵步兵 3、敵載具 0、掩體 0.00 集火 0.00 側翼 0.00 地形 0.00
[blkdump]   對話結束 st=4 (應為 DEPLOY=4)
[blkdump] 5 部署：點卡片 → 點藍框放置
[rig] sniper 重定向骨對數=20
[blkdump]   已部署數=1 OK
[blkdump] 6 開始戰鬥
[blkdump]   st=5 (應為 CMD=5)
[blkdump] 區域 x∈[1050,1200] y∈[650,850] 的障礙：
[blkdump] { "t": "seg", "a": (1121.104, 649.8221), "b": (1121.582, 704.8201), "r": 2.8, "h": 1.05, "pen": true, "m": (1121.343, 677.3211), "hl": 27.5000019073486 }
[blkdump] { "t": "seg", "a": (1121.582, 704.8201), "b": (1122.06, 759.818), "r": 2.8, "h": 1.05, "pen": true, "m": (1121.821, 732.319), "hl": 27.5000019073486 }
[blkdump] { "t": "seg", "a": (1122.06, 759.818), "b": (1122.538, 814.8159), "r": 2.8, "h": 1.05, "pen": true, "m": (1122.299, 787.317), "hl": 27.5000019073486 }
[blkdump] { "t": "seg", "a": (1081.505, 650.1665), "b": (1081.983, 705.1644), "r": 2.8, "h": 1.05, "pen": true, "m": (1081.744, 677.6655), "hl": 27.5000019073486 }
[blkdump] { "t": "seg", "a": (1082.462, 760.1624), "b": (1082.94, 815.1603), "r": 2.8, "h": 1.05, "pen": true, "m": (1082.701, 787.6613), "hl": 27.5000019073486 }
[blkdump] { "t": "seg", "a": (1082.94, 815.1603), "b": (1083.418, 870.1582), "r": 2.8, "h": 1.05, "pen": true, "m": (1083.179, 842.6592), "hl": 27.5000019073486 }
[blkdump] { "t": "cir", "c": (1120.157, 822.223), "r": 6.4, "h": 6.2, "pen": true }
[blkdump] { "t": "cir", "c": (1067.093, 826.0497), "r": 3.80771845579147, "h": 0.22846310734749, "pen": false }
[blkdump] { "t": "cir", "c": (1060.558, 834.4736), "r": 10.0, "h": 0.64, "pen": true }
[blkdump] { "t": "cir", "c": (1147.486, 684.6291), "r": 6.41305017471313, "h": 0.34, "pen": false }
[blkdump] { "t": "cir", "c": (1143.268, 746.9622), "r": 6.8, "h": 0.42, "pen": true }
[blkdump] { "t": "cir", "c": (1117.675, 657.2877), "r": 9.90760231018066, "h": 0.34, "pen": false }
[blkdump] { "t": "cir", "c": (1101.101, 793.6165), "r": 9.0, "h": 0.43428707122803, "pen": true }
[blkdump] { "t": "cir", "c": (1156.903, 794.8776), "r": 9.0, "h": 0.38941407203674, "pen": true }
[blkdump] { "t": "cir", "c": (1159.984, 676.5099), "r": 5.2, "h": 0.22, "k": "sandbag_loose" }
[blkdump] { "t": "cir", "c": (1136.952, 815.202), "r": 17.9328086128747, "h": 0.50308500855128 }
[blkdump] DONE
