Godot Engine v4.7.1.stable.official.a13da4feb - https://godotengine.org
Vulkan 1.4.329 - Forward+ - Using Device #0: NVIDIA - NVIDIA GeForce RTX 5060 Laptop GPU

[GameData] nations=14 classes=11 maps=25 story=15
[test] 固定亂數種子 20260804（測試結果要可重現）
[stress] 1 主選單 → 劇情戰役
[stress] 2 章節 12
[stress] 3 簡報 → 出擊
[stress] 4 對話：連點推進 (st=3)
[diff] 地形加碼（×0.77）：彈坑 +5、工事 +4
[poles] 桿=5 電線段=48
[edge] 剔除邊界帶障礙 0 個（安全帶 1.62m，深水圍欄不剔）
[look] spawn mg side=0 player_side=1 mp=res://assets/models/chars/hr_m_Suit.fbx
[rig] mg 重定向骨對數=20
[look] spawn at side=0 player_side=1 mp=res://assets/models/chars/hr_m_Suit.fbx
[rig] at 重定向骨對數=20
[look] spawn sniper side=0 player_side=1 mp=res://assets/models/chars/hr_m_Suit.fbx
[rig] sniper 重定向骨對數=20
[look] spawn assault side=0 player_side=1 mp=res://assets/models/chars/hr_m_Suit.fbx
[rig] assault 重定向骨對數=20
[look] spawn rifleman side=0 player_side=1 mp=res://assets/models/chars/hr_m_Suit.fbx
[rig] rifleman 重定向骨對數=20
[look] spawn rifleman side=0 player_side=1 mp=res://assets/models/chars/hr_m_Suit.fbx
[rig] rifleman 重定向骨對數=20
[look] spawn engineer side=0 player_side=1 mp=res://assets/models/chars/hr_m_Suit.fbx
[rig] engineer 重定向骨對數=20
[look] spawn mortar side=0 player_side=1 mp=res://assets/models/chars/hr_m_Suit.fbx
[rig] mortar 重定向骨對數=20
[look] spawn specops side=0 player_side=1 mp=res://assets/models/chars/hr_m_Suit.fbx
[rig] specops 重定向骨對數=20
[look] spawn sam side=0 player_side=1 mp=res://assets/models/chars/hr_m_Suit.fbx
[rig] sam 重定向骨對數=20
[diff] 敵方載具池：{ "land": ["tank"], "air": ["drone"] }（依作戰域輪流取：["land", "air"]）
[look] spawn tank side=0 player_side=1 mp=res://assets/models/chars/soldier.glb
[vehart] tank 引擎內切分砲塔：車體 27897 面／砲塔 15591 面（切面 46% 高）
[vehart] tank 用立繪生成模型（車體+砲塔，車長 6.2m，縮放 4.248，實體 8.1×3.1×2.4m）
[look] spawn drone side=0 player_side=1 mp=res://assets/models/chars/soldier.glb
[look] spawn tank side=0 player_side=1 mp=res://assets/models/chars/soldier.glb
[vehart] tank 引擎內切分砲塔：車體 27897 面／砲塔 15591 面（切面 46% 高）
[vehart] tank 用立繪生成模型（車體+砲塔，車長 6.2m，縮放 4.248，實體 8.1×3.1×2.4m）
[diff] 第 12 章：敵步兵 10、敵載具 3/3（實際/難度表）、掩體 0.61 集火 0.54 側翼 0.42 地形 0.77
[stress]   對話結束 st=4 (應為 DEPLOY=4)
[stress] 5 部署：點卡片 → 點藍框放置
[look] spawn sniper side=1 player_side=1 mp=res://assets/models/chars/hr_w_Swat.fbx
[rig] sniper 重定向骨對數=20
[look] spawn mg side=1 player_side=1 mp=res://assets/models/chars/hr_m_Adventurer.fbx
[rig] mg 重定向骨對數=20
[look] spawn rifleman side=1 player_side=1 mp=res://assets/models/chars/hr_m_Soldier.fbx
[rig] rifleman 重定向骨對數=20
[stress]   已部署數=3 OK
[stress] 6 開始戰鬥
[stress]   st=5 (應為 CMD=5)
[terrchk] 實戰 wrap：wade=0.00m slope=0.08 elev=0.21m crater=false
[stress] 回合1 我方開火累計0 我方HP300 敵方HP2340 最近敵距51.9m
[veh] tank 頂著障礙空轉，停車改路 px=(1086,832)
[stress] 回合2 我方開火累計0 我方HP300 敵方HP2340 最近敵距9.0m
[veh] tank 頂著障礙空轉，停車改路 px=(1087,834)
[veh] tank 頂著障礙空轉，停車改路 px=(1083,823)
[veh] tank 頂著障礙空轉，停車改路 px=(1086,885)
[stress] 回合3 我方開火累計0 我方HP200 敵方HP2340 最近敵距21.3m
[veh] tank 頂著障礙空轉，停車改路 px=(1082,821)
[veh] tank 頂著障礙空轉，停車改路 px=(1086,873)
[veh] tank 頂著障礙空轉，停車改路 px=(1078,810)
[stress] 回合4 我方開火累計1 我方HP200 敵方HP2339 最近敵距13.8m
[stress] 回合5 我方開火累計2 我方HP96 敵方HP2332 最近敵距5.0m
[stress] 回合6 我方開火累計3 我方HP0 敵方HP2331 最近敵距50000000000000000.0m
[stress] ch12 回合=6 我方存活=0 敵方存活=13 取樣=227 最差幀=806ms 結局=打完
[selftest] saved res://qa/stress_ch12_end.png
[stress] ch12 FAILS=0
[stress] DONE
