Godot Engine v4.7.1.stable.official.a13da4feb - https://godotengine.org
Vulkan 1.4.329 - Forward+ - Using Device #0: NVIDIA - NVIDIA GeForce RTX 5060 Laptop GPU

[GameData] nations=14 classes=17 maps=10 story=15
ERROR: glTF: Buffer 1 has no data and cannot be loaded.
   at: _parse_buffers (modules/gltf/gltf_document.cpp:798)
   GDScript backtrace (most recent call first):
       [0] _run (res://scripts/GlbDecimate.gd:40)
       [1] _ready (res://scripts/GlbDecimate.gd:34)
ERROR: glTF: Can't import file '459cfa82-14fa-4cb5-9d13-2ab0a247d9c8_782fe4754375fec17dd51f6238e09cdb', required extension 'KHR_mesh_quantization' is not supported. Are you missing a GLTFDocumentExtension plugin?
   at: _parse_gltf_extensions (modules/gltf/gltf_document.cpp:7377)
   GDScript backtrace (most recent call first):
       [0] _run (res://scripts/GlbDecimate.gd:40)
       [1] _ready (res://scripts/GlbDecimate.gd:34)
ERROR: glTF: Can't import file '459cfa82-14fa-4cb5-9d13-2ab0a247d9c8_782fe4754375fec17dd51f6238e09cdb', required extension 'EXT_meshopt_compression' is not supported. Are you missing a GLTFDocumentExtension plugin?
   at: _parse_gltf_extensions (modules/gltf/gltf_document.cpp:7377)
   GDScript backtrace (most recent call first):
       [0] _run (res://scripts/GlbDecimate.gd:40)
       [1] _ready (res://scripts/GlbDecimate.gd:34)
ERROR: Condition "err != OK" is true. Returning: ERR_PARSE_ERROR
   at: _parse_gltf_state (modules/gltf/gltf_document.cpp:7122)
   GDScript backtrace (most recent call first):
       [0] _run (res://scripts/GlbDecimate.gd:40)
       [1] _ready (res://scripts/GlbDecimate.gd:34)
ERROR: Condition "err != OK" is true. Returning: err
   at: _parse (modules/gltf/gltf_document.cpp:6716)
   GDScript backtrace (most recent call first):
       [0] _run (res://scripts/GlbDecimate.gd:40)
       [1] _ready (res://scripts/GlbDecimate.gd:34)
ERROR: Condition "err != OK" is true. Returning: err
   at: append_from_file (modules/gltf/gltf_document.cpp:7354)
   GDScript backtrace (most recent call first):
       [0] _run (res://scripts/GlbDecimate.gd:40)
       [1] _ready (res://scripts/GlbDecimate.gd:34)
[decimate] FAIL 讀不到來源：43
