Godot Engine v4.7.1.stable.official.a13da4feb - https://godotengine.org
Vulkan 1.4.329 - Forward+ - Using Device #0: NVIDIA - NVIDIA GeForce RTX 5060 Laptop GPU

[GameData] nations=14 classes=17 maps=10 story=15
[e2e] 1 主選單 → 劇情戰役
[e2e] 2 章節 01
[e2e] 3 簡報 → 出擊
[e2e] 4 對話：連點推進 (st=3)
[rig] mg 重定向骨對數=20
[rig] at 重定向骨對數=20
[rig] sniper 重定向骨對數=20
[rig] assault 重定向骨對數=20
[e2e]   對話結束 st=4 (應為 DEPLOY=4)
[e2e] 5 部署：點卡片 → 點藍框放置
[rig] sniper 重定向骨對數=20
[e2e]   已部署數=1 OK
[e2e] 6 開始戰鬥
[e2e]   st=5 (應為 CMD=5)
[e2e] 7 選兵 → 點地面移動
[e2e]   選取=OK
[e2e]   第三人稱=OK
[e2e]   出發點 px=(870,293) yaw=-180 AP=100 推擠=0.000m 地高=-0.07 附近障礙=seg h=1.05 r=3 d=11 k=
[e2e]   輸入診斷 W按住幀數=248 面板開著幀數=0 st=5 tps=true
[e2e]   狀態 acting=true prone=1.00 crouch=0.00 dirmov=false state=idle AP=100 wade=1.00
[e2e]   位移=0.00m 終點 px=(870,293) FAIL(人沒動)
[sinkchk] 靜止 3 秒的垂直漂移：身體 +0.000m 模型 +0.000m 鏡頭 -0.000m OK(沒有下沉)
[selftest] saved res://qa/e2e_battle.png
[selftest] saved res://qa/e2e_hero_idle.png
[selftest] saved res://qa/e2e_hero_crouchwalk.png
[selftest] saved res://qa/e2e_hero_run.png
[selftest] saved res://qa/crawl_move_0.png
[selftest] saved res://qa/crawl_move_1.png
[selftest] saved res://qa/crawl_move_2.png
[selftest] saved res://qa/crawl_move_3.png
[selftest] saved res://qa/e2e_hero_prone_side.png
[selftest] saved res://qa/e2e_hero_prone_front.png
[bonechk] cls=sniper 骨數=62 找不到的骨=["Wrist.R"]
[bonechk] 前 20 根骨名=["Root", "Hips", "Abdomen", "Torso", "Chest", "Neck", "Head", "Head_end", "Shoulder.L", "UpperArm.L", "LowerArm.L", "Hand.L", "Index2.L", "Index3.L", "Index4.L", "Index4.L_end", "Middle2.L", "Middle3.L", "Middle4.L", "Middle4.L_end"]
[bonechk] want_prone=true _prone=1.00
[e2e] DONE
