Godot Engine v4.7.1.stable.official.a13da4feb - https://godotengine.org
Vulkan 1.4.329 - Forward+ - Using Device #0: NVIDIA - NVIDIA GeForce RTX 5060 Laptop GPU

[GameData] nations=14 classes=17 maps=25 story=15
[water] 深水圍欄 68 根樁（水深 > 1.05m 的邊界）
[selftest] saved res://qa/map_ch01_over.png
[selftest] saved res://qa/map_ch01_eye.png
[mapshots] ch01 biome=coast sky=dawn OK
ERROR: [water] 深水圍欄一根樁都沒立（這張圖真的沒有深過 1.05m 的水嗎？）
   at: push_error (core/variant/variant_utility.cpp:1023)
   GDScript backtrace (most recent call first):
       [0] _build_deepwater_fence (res://scripts/Main.gd:6097)
       [1] _build_water (res://scripts/Main.gd:6040)
       [2] _build_ground (res://scripts/Main.gd:5555)
       [3] _mapshots (res://scripts/Main.gd:210)
[selftest] saved res://qa/map_ch02_over.png
[selftest] saved res://qa/map_ch02_eye.png
[mapshots] ch02 biome=grass sky=day OK
[selftest] saved res://qa/map_ch03_over.png
[selftest] saved res://qa/map_ch03_eye.png
[mapshots] ch03 biome=mud sky=day OK
ERROR: [bldskip] 超過 6 棟上限，略過 民宅N3
   at: push_error (core/variant/variant_utility.cpp:1023)
   GDScript backtrace (most recent call first):
       [0] _build_ground (res://scripts/Main.gd:5610)
       [1] _mapshots (res://scripts/Main.gd:210)
[bldskip] FAIL 超過 6 棟上限 → 民宅N3
[city] 街廓建築 68 棟、網格 3 種
[selftest] saved res://qa/map_ch04_over.png
[selftest] saved res://qa/map_ch04_eye.png
[mapshots] ch04 biome=urban sky=day OK
[selftest] saved res://qa/map_ch05_over.png
[selftest] saved res://qa/map_ch05_eye.png
[mapshots] ch05 biome=desert sky=day OK
[water] 深水圍欄 8 根樁（水深 > 1.05m 的邊界）
[selftest] saved res://qa/map_ch06_over.png
[selftest] saved res://qa/map_ch06_eye.png
[mapshots] ch06 biome=forest sky=day OK
[water] 深水圍欄 110 根樁（水深 > 1.05m 的邊界）
ERROR: [bldskip] 超過 6 棟上限，略過 街區B1
   at: push_error (core/variant/variant_utility.cpp:1023)
   GDScript backtrace (most recent call first):
       [0] _build_ground (res://scripts/Main.gd:5610)
       [1] _mapshots (res://scripts/Main.gd:210)
[bldskip] FAIL 超過 6 棟上限 → 街區B1
[city] 街廓建築 68 棟、網格 3 種
[selftest] saved res://qa/map_ch07_over.png
[selftest] saved res://qa/map_ch07_eye.png
[mapshots] ch07 biome=urban sky=day OK
[water] 深水圍欄 68 根樁（水深 > 1.05m 的邊界）
[selftest] saved res://qa/map_ch08_over.png
[selftest] saved res://qa/map_ch08_eye.png
[mapshots] ch08 biome=coast sky=dawn OK
[water] 深水圍欄 90 根樁（水深 > 1.05m 的邊界）
[selftest] saved res://qa/map_ch09_over.png
[selftest] saved res://qa/map_ch09_eye.png
[mapshots] ch09 biome=coast sky=day OK
[water] 深水圍欄 94 根樁（水深 > 1.05m 的邊界）
[selftest] saved res://qa/map_ch10_over.png
[selftest] saved res://qa/map_ch10_eye.png
[mapshots] ch10 biome=coast sky=night OK
[selftest] saved res://qa/map_ch11_over.png
[selftest] saved res://qa/map_ch11_eye.png
[mapshots] ch11 biome=grass sky=day OK
[selftest] saved res://qa/map_ch12_over.png
[selftest] saved res://qa/map_ch12_eye.png
[mapshots] ch12 biome=grass sky=dusk OK
[water] 深水圍欄 74 根樁（水深 > 1.05m 的邊界）
[selftest] saved res://qa/map_ch13_over.png
[selftest] saved res://qa/map_ch13_eye.png
[mapshots] ch13 biome=coast sky=day OK
ERROR: [bldskip] 超過 6 棟上限，略過 街廓N2
   at: push_error (core/variant/variant_utility.cpp:1023)
   GDScript backtrace (most recent call first):
       [0] _build_ground (res://scripts/Main.gd:5610)
       [1] _mapshots (res://scripts/Main.gd:210)
[bldskip] FAIL 超過 6 棟上限 → 街廓N2
[city] 街廓建築 68 棟、網格 3 種
[selftest] saved res://qa/map_ch14_over.png
[selftest] saved res://qa/map_ch14_eye.png
[mapshots] ch14 biome=urban sky=night OK
[city] 街廓建築 68 棟、網格 3 種
[selftest] saved res://qa/map_ch15_over.png
[selftest] saved res://qa/map_ch15_eye.png
[mapshots] ch15 biome=urban sky=dawn OK
