Godot Engine v4.7.1.stable.official.a13da4feb - https://godotengine.org
Vulkan 1.4.329 - Forward+ - Using Device #0: NVIDIA - NVIDIA GeForce RTX 5060 Laptop GPU

[GameData] nations=14 classes=17 maps=10 story=15
ERROR: [bldskip] 壓在部署區被丟掉：?（改 maps.json 的 deploy 讓開，別讓劇情建築消失）
   at: push_error (core/variant/variant_utility.cpp:1023)
   GDScript backtrace (most recent call first):
       [0] _build_ground (res://scripts/Main.gd:5224)
       [1] _mapshots (res://scripts/Main.gd:203)
[bldskip] FAIL 壓在部署區 → ?
WARNING: Godot 3.x SpatialMaterial remapped parameter not found: specular
   at: _set (scene/resources/material.cpp:4096)
   GDScript backtrace (most recent call first):
       [0] _scatter_trees (res://scripts/Main.gd:6084)
       [1] _build_ground (res://scripts/Main.gd:5336)
       [2] _mapshots (res://scripts/Main.gd:203)
[selftest] saved res://qa/map_plain_over.png
[selftest] saved res://qa/map_plain_eye.png
[mapshots] plain biome=grass sky=day OK
WARNING: Godot 3.x SpatialMaterial remapped parameter not found: specular
   at: _set (scene/resources/material.cpp:4096)
   GDScript backtrace (most recent call first):
       [0] _scatter_trees (res://scripts/Main.gd:6084)
       [1] _build_ground (res://scripts/Main.gd:5336)
       [2] _mapshots (res://scripts/Main.gd:203)
[selftest] saved res://qa/map_verdun_over.png
[selftest] saved res://qa/map_verdun_eye.png
[mapshots] verdun biome=mud sky=dusk OK
ERROR: [bldskip] 壓在部署區被丟掉：?（改 maps.json 的 deploy 讓開，別讓劇情建築消失）
   at: push_error (core/variant/variant_utility.cpp:1023)
   GDScript backtrace (most recent call first):
       [0] _build_ground (res://scripts/Main.gd:5224)
       [1] _mapshots (res://scripts/Main.gd:203)
[bldskip] FAIL 壓在部署區 → ?
ERROR: [bldskip] 壓在部署區被丟掉：?（改 maps.json 的 deploy 讓開，別讓劇情建築消失）
   at: push_error (core/variant/variant_utility.cpp:1023)
   GDScript backtrace (most recent call first):
       [0] _build_ground (res://scripts/Main.gd:5224)
       [1] _mapshots (res://scripts/Main.gd:203)
[bldskip] FAIL 壓在部署區 → ?
WARNING: Godot 3.x SpatialMaterial remapped parameter not found: specular
   at: _set (scene/resources/material.cpp:4096)
   GDScript backtrace (most recent call first):
       [0] _scatter_trees (res://scripts/Main.gd:6084)
       [1] _build_ground (res://scripts/Main.gd:5336)
       [2] _mapshots (res://scripts/Main.gd:203)
[city] 街廓建築 68 棟、網格 3 種
[selftest] saved res://qa/map_town_over.png
[selftest] saved res://qa/map_town_eye.png
[mapshots] town biome=urban sky=day OK
ERROR: [bldskip] 壓在部署區被丟掉：?（改 maps.json 的 deploy 讓開，別讓劇情建築消失）
   at: push_error (core/variant/variant_utility.cpp:1023)
   GDScript backtrace (most recent call first):
       [0] _build_ground (res://scripts/Main.gd:5224)
       [1] _mapshots (res://scripts/Main.gd:203)
[bldskip] FAIL 壓在部署區 → ?
ERROR: [bldskip] 壓在部署區被丟掉：?（改 maps.json 的 deploy 讓開，別讓劇情建築消失）
   at: push_error (core/variant/variant_utility.cpp:1023)
   GDScript backtrace (most recent call first):
       [0] _build_ground (res://scripts/Main.gd:5224)
       [1] _mapshots (res://scripts/Main.gd:203)
[bldskip] FAIL 壓在部署區 → ?
[selftest] saved res://qa/map_desert_over.png
[selftest] saved res://qa/map_desert_eye.png
[mapshots] desert biome=desert sky=day OK
WARNING: Godot 3.x SpatialMaterial remapped parameter not found: specular
   at: _set (scene/resources/material.cpp:4096)
   GDScript backtrace (most recent call first):
       [0] _scatter_trees (res://scripts/Main.gd:6084)
       [1] _build_ground (res://scripts/Main.gd:5336)
       [2] _mapshots (res://scripts/Main.gd:203)
[selftest] saved res://qa/map_forest_over.png
[selftest] saved res://qa/map_forest_eye.png
[mapshots] forest biome=forest sky=day OK
ERROR: [bldskip] 超過 6 棟上限，略過 ?
   at: push_error (core/variant/variant_utility.cpp:1023)
   GDScript backtrace (most recent call first):
       [0] _build_ground (res://scripts/Main.gd:5216)
       [1] _mapshots (res://scripts/Main.gd:203)
[bldskip] FAIL 超過 6 棟上限 → ?
WARNING: Godot 3.x SpatialMaterial remapped parameter not found: specular
   at: _set (scene/resources/material.cpp:4096)
   GDScript backtrace (most recent call first):
       [0] _scatter_trees (res://scripts/Main.gd:6084)
       [1] _build_ground (res://scripts/Main.gd:5336)
       [2] _mapshots (res://scripts/Main.gd:203)
[city] 街廓建築 68 棟、網格 3 種
[selftest] saved res://qa/map_urban_over.png
[selftest] saved res://qa/map_urban_eye.png
[mapshots] urban biome=urban sky=dusk OK
ERROR: [bldskip] 壓在部署區被丟掉：?（改 maps.json 的 deploy 讓開，別讓劇情建築消失）
   at: push_error (core/variant/variant_utility.cpp:1023)
   GDScript backtrace (most recent call first):
       [0] _build_ground (res://scripts/Main.gd:5224)
       [1] _mapshots (res://scripts/Main.gd:203)
[bldskip] FAIL 壓在部署區 → ?
WARNING: Godot 3.x SpatialMaterial remapped parameter not found: specular
   at: _set (scene/resources/material.cpp:4096)
   GDScript backtrace (most recent call first):
       [0] _scatter_trees (res://scripts/Main.gd:6084)
       [1] _build_ground (res://scripts/Main.gd:5336)
       [2] _mapshots (res://scripts/Main.gd:203)
[selftest] saved res://qa/map_beach_over.png
[selftest] saved res://qa/map_beach_eye.png
[mapshots] beach biome=coast sky=dawn OK
ERROR: [bldskip] 泡在水裡被丟掉：?
   at: push_error (core/variant/variant_utility.cpp:1023)
   GDScript backtrace (most recent call first):
       [0] _build_ground (res://scripts/Main.gd:5245)
       [1] _mapshots (res://scripts/Main.gd:203)
[bldskip] FAIL 泡在水裡 → ?
ERROR: [bldskip] 壓在部署區被丟掉：?（改 maps.json 的 deploy 讓開，別讓劇情建築消失）
   at: push_error (core/variant/variant_utility.cpp:1023)
   GDScript backtrace (most recent call first):
       [0] _build_ground (res://scripts/Main.gd:5224)
       [1] _mapshots (res://scripts/Main.gd:203)
[bldskip] FAIL 壓在部署區 → ?
ERROR: [bldskip] 壓在部署區被丟掉：?（改 maps.json 的 deploy 讓開，別讓劇情建築消失）
   at: push_error (core/variant/variant_utility.cpp:1023)
   GDScript backtrace (most recent call first):
       [0] _build_ground (res://scripts/Main.gd:5224)
       [1] _mapshots (res://scripts/Main.gd:203)
[bldskip] FAIL 壓在部署區 → ?
WARNING: Godot 3.x SpatialMaterial remapped parameter not found: specular
   at: _set (scene/resources/material.cpp:4096)
   GDScript backtrace (most recent call first):
       [0] _scatter_trees (res://scripts/Main.gd:6084)
       [1] _build_ground (res://scripts/Main.gd:5336)
       [2] _mapshots (res://scripts/Main.gd:203)
[selftest] saved res://qa/map_strait_over.png
[selftest] saved res://qa/map_strait_eye.png
[mapshots] strait biome=coast sky=day OK
ERROR: [bldskip] 壓在部署區被丟掉：?（改 maps.json 的 deploy 讓開，別讓劇情建築消失）
   at: push_error (core/variant/variant_utility.cpp:1023)
   GDScript backtrace (most recent call first):
       [0] _build_ground (res://scripts/Main.gd:5224)
       [1] _mapshots (res://scripts/Main.gd:203)
[bldskip] FAIL 壓在部署區 → ?
ERROR: [bldskip] 壓在部署區被丟掉：?（改 maps.json 的 deploy 讓開，別讓劇情建築消失）
   at: push_error (core/variant/variant_utility.cpp:1023)
   GDScript backtrace (most recent call first):
       [0] _build_ground (res://scripts/Main.gd:5224)
       [1] _mapshots (res://scripts/Main.gd:203)
[bldskip] FAIL 壓在部署區 → ?
ERROR: [bldskip] 壓在部署區被丟掉：?（改 maps.json 的 deploy 讓開，別讓劇情建築消失）
   at: push_error (core/variant/variant_utility.cpp:1023)
   GDScript backtrace (most recent call first):
       [0] _build_ground (res://scripts/Main.gd:5224)
       [1] _mapshots (res://scripts/Main.gd:203)
[bldskip] FAIL 壓在部署區 → ?
ERROR: [bldskip] 壓在部署區被丟掉：?（改 maps.json 的 deploy 讓開，別讓劇情建築消失）
   at: push_error (core/variant/variant_utility.cpp:1023)
   GDScript backtrace (most recent call first):
       [0] _build_ground (res://scripts/Main.gd:5224)
       [1] _mapshots (res://scripts/Main.gd:203)
[bldskip] FAIL 壓在部署區 → ?
WARNING: Godot 3.x SpatialMaterial remapped parameter not found: specular
   at: _set (scene/resources/material.cpp:4096)
   GDScript backtrace (most recent call first):
       [0] _scatter_trees (res://scripts/Main.gd:6084)
       [1] _build_ground (res://scripts/Main.gd:5336)
       [2] _mapshots (res://scripts/Main.gd:203)
[selftest] saved res://qa/map_harbor_over.png
[selftest] saved res://qa/map_harbor_eye.png
[mapshots] harbor biome=coast sky=night OK
WARNING: Godot 3.x SpatialMaterial remapped parameter not found: specular
   at: _set (scene/resources/material.cpp:4096)
   GDScript backtrace (most recent call first):
       [0] _scatter_trees (res://scripts/Main.gd:6084)
       [1] _build_ground (res://scripts/Main.gd:5336)
       [2] _mapshots (res://scripts/Main.gd:203)
[selftest] saved res://qa/map_tutorial_over.png
[selftest] saved res://qa/map_tutorial_eye.png
[mapshots] tutorial biome=coast sky=dawn OK
