Godot Engine v4.7.1.stable.official.a13da4feb - https://godotengine.org
Vulkan 1.4.329 - Forward+ - Using Device #0: NVIDIA - NVIDIA GeForce RTX 5060 Laptop GPU

[GameData] nations=14 classes=17 maps=25 story=15
[play] 1 主選單 → 劇情戰役
[play] 2 章節 01
[play] 3 簡報 → 出擊
[play] 4 對話：連點推進 (st=3)
[water] 深水圍欄 78 根樁（水深 > 1.05m 的邊界）
[rig] mg 重定向骨對數=20
[rig] at 重定向骨對數=20
[rig] sniper 重定向骨對數=20
[diff] 第 1 章：敵步兵 3、敵載具 0、掩體 0.00 集火 0.00 側翼 0.00 地形 0.00
[play]   對話結束 st=4 (應為 DEPLOY=4)
[play] 5 部署：點卡片 → 點藍框放置
[rig] sniper 重定向骨對數=20
[play]   已部署數=1 OK
[play] 6 開始戰鬥
[play]   st=5 (應為 CMD=5)
[play][切換單位] 按 Tab 後 selected=sniper OK
[selftest] saved res://qa/play_cycle.png
[play][下令] 第三人稱 OK
[play][停下不自動蹲] want_cover=true 靜置 1.6s 後 _crouch=0.00 OK
[selftest] saved res://qa/play_stand.png
[selftest] saved res://qa/play_key_c.png
[selftest] saved res://qa/play_key_z.png
[selftest] saved res://qa/play_key_space.png
[play][姿勢鍵] C→_crouch=1.00 動畫=crouch OK ／ Z→_prone=1.00 OK ／ Space→最大姿勢值=0.00 OK
[play][停下不原地跑步] 放開 W 一秒後動畫=idle 移動中=false OK
[selftest] saved res://qa/play_stop_idle.png
[play][鏡頭不抖] 角色靜止 1.5 秒，鏡頭每幀最大位移=0.0000m OK
[play][手在身體前面] 鏡頭轉 180 度後：持槍手在胸口前方 0.323m、身體與鏡頭夾角 0 度 OK
[selftest] saved res://qa/play_arm_front.png
[play][走路] 還差 24.2m　AP=9999　px=(1280,545)
[play][走路] 還差 21.2m　AP=9979　px=(1225,572)
[play][走路] 還差 18.6m　AP=9961　px=(1180,598)
[play][走路] 還差 18.1m　AP=9955　px=(1180,619)
[play][走路] 還差 17.8m　AP=9948　px=(1180,639)
[play][走路] 還差 17.5m　AP=9942　px=(1180,657)
[play][走路] 還差 16.2m　AP=9931　px=(1161,678)
[play][走路] 還差 14.7m　AP=9921　px=(1133,691)
[play][走路] 還差 14.6m　AP=9921　px=(1133,702)
[play][走路] 還差 14.7m　AP=9912　px=(1133,689)
[play][走路] 還差 14.5m　AP=9897　px=(1133,722)
[play][走路] 還差 14.4m　AP=9894　px=(1133,731)
[play][走路] 還差 14.5m　AP=9886　px=(1133,713)
[play][走路] 還差 14.4m　AP=9874　px=(1133,739)
[play][走路] 還差 14.4m　AP=9873　px=(1133,745)
[play][走路] 還差 14.4m　AP=9866　px=(1133,726)
[play][走路] 還差 14.4m　AP=9866　px=(1133,730)
[play][走路] 還差 14.5m　AP=9858　px=(1133,714)
[play][走路] 還差 14.4m　AP=9848　px=(1133,739)
[play][走路] 還差 14.4m　AP=9846　px=(1133,744)
[play][走路] 還差 14.4m　AP=9840　px=(1133,726)
[play][走路] 還差 14.3m　AP=9831　px=(1133,749)
[play][走路] 還差 14.3m　AP=9830　px=(1133,753)
[play][走路] 還差 14.4m　AP=9824　px=(1133,733)
[play][走路] 還差 14.4m　AP=9823　px=(1133,732)
[play][走路] 還差 14.4m　AP=9823　px=(1133,736)
[play][走路] 還差 14.5m　AP=9816　px=(1133,719)
[play][走路] 還差 14.4m　AP=9806　px=(1133,742)
[play][走路] 還差 14.4m　AP=9805　px=(1133,747)
[play][走路] 還差 14.4m　AP=9799　px=(1133,729)
[play][走路] 還差 14.3m　AP=9791　px=(1133,751)
[play][走路] 還差 14.4m　AP=9783　px=(1133,735)
[play][走路] 還差 14.3m　AP=9776　px=(1133,756)
[play][走路] 還差 14.4m　AP=9768　px=(1133,739)
[play][走路] 還差 14.3m　AP=9760　px=(1133,759)
[play][走路] 還差 14.4m　AP=9753　px=(1133,742)
[play][走路] 還差 14.3m　AP=9745　px=(1133,762)
[play][走路] 還差 14.3m　AP=9745　px=(1133,764)
[play][走路] 還差 14.3m　AP=9745　px=(1133,763)
[play][走路] 還差 14.4m　AP=9738　px=(1133,742)
[play][走路] 還差 14.3m　AP=9730　px=(1133,762)
[play][走路] 還差 14.4m　AP=9723　px=(1133,744)
[play][走路] 還差 14.3m　AP=9715　px=(1133,764)
[play][走路] 還差 14.4m　AP=9708　px=(1133,746)
[play][走路] 還差 14.3m　AP=9700　px=(1133,765)
[play][走路] 還差 14.4m　AP=9699　px=(1133,767)
[play][走路] 還差 14.3m　AP=9699　px=(1133,766)
[play][走路] 還差 14.4m　AP=9692　px=(1133,745)
[play][走路] 還差 14.3m　AP=9685　px=(1133,765)
[play][走路] 還差 14.4m　AP=9677　px=(1133,746)
[play][走路] 還差 14.3m　AP=9669　px=(1133,766)
[play][走路] 還差 14.4m　AP=9662　px=(1133,747)
[play][走路] 還差 14.3m　AP=9654　px=(1133,766)
[play][走路] 還差 14.4m　AP=9647　px=(1133,747)
[play][走路] 還差 14.3m　AP=9639　px=(1133,767)
[play][走路] 還差 14.4m　AP=9631　px=(1133,748)
[play][走路] 還差 14.4m　AP=9624　px=(1133,767)
[play][走路] 還差 14.4m　AP=9616　px=(1133,748)
[play][走路] 還差 14.3m　AP=9616　px=(1133,749)
[play][走路] 還差 14.4m　AP=9610　px=(1133,730)
[play][走路] 還差 14.3m　AP=9602　px=(1133,752)
[play][走路] 還差 14.4m　AP=9594　px=(1133,736)
[play][走路] 還差 14.3m　AP=9587　px=(1133,757)
[play][走路] 還差 14.4m　AP=9579　px=(1133,741)
[play][走路] 還差 14.3m　AP=9571　px=(1133,762)
[play][走路] 還差 14.3m　AP=9570　px=(1133,764)
[play][走路] 還差 14.3m　AP=9570　px=(1133,763)
[play][走路] 還差 14.4m　AP=9564　px=(1133,743)
[play][走路] 還差 14.3m　AP=9556　px=(1133,763)
[play][走路] 還差 14.4m　AP=9549　px=(1133,745)
[play][走路] 還差 14.3m　AP=9541　px=(1133,764)
[play][走路] 還差 14.4m　AP=9533　px=(1133,746)
[play][走路] 還差 14.3m　AP=9526　px=(1133,765)
[play][走路] 還差 14.4m　AP=9518　px=(1133,747)
[play][走路] 還差 14.3m　AP=9510　px=(1133,766)
[play][走路] 還差 14.4m　AP=9503　px=(1133,747)
[play][走路] 還差 14.3m　AP=9495　px=(1133,766)
[play][走路] 還差 14.4m　AP=9487　px=(1133,747)
[play][走路] 還差 14.3m　AP=9487　px=(1133,749)
[play][走路] 還差 14.4m　AP=9481　px=(1133,730)
[play][走路] 還差 14.3m　AP=9473　px=(1133,752)
[play][走路] 還差 14.4m　AP=9466　px=(1133,735)
[play][走路] 還差 14.3m　AP=9458　px=(1133,757)
[play][走路] 還差 14.4m　AP=9451　px=(1133,740)
[play][走路] 還差 14.3m　AP=9443　px=(1133,760)
[play][走路] 還差 14.3m　AP=9442　px=(1133,763)
[play][走路] 還差 14.3m　AP=9442　px=(1133,762)
[play][走路] 還差 14.4m　AP=9435　px=(1133,742)
[play][走路] 還差 14.3m　AP=9428　px=(1133,762)
[play][走路] 還差 14.4m　AP=9420　px=(1133,744)
[play][走路] 還差 14.3m　AP=9412　px=(1133,764)
[play][走路] 還差 14.4m　AP=9405　px=(1133,745)
[play][走路] 還差 14.3m　AP=9397　px=(1133,765)
[play][走路] 還差 14.4m　AP=9390　px=(1133,746)
[play][走路] 還差 14.3m　AP=9382　px=(1133,766)
[play][走路] 還差 14.4m　AP=9374　px=(1133,747)
[play][走路] 還差 14.3m　AP=9367　px=(1133,766)
[play][進屋] 走進去=FAIL(走不進去)（人在 px(1133,747)、門在 px(846,760)、屋框 [P: (760.0, 545.0), S: (270.0, 215.0)]）
[selftest] saved res://qa/play_indoor.png
[play][鏡頭穿牆] 頭→鏡頭的牆體命中比例=1.00（1.00＝沒穿牆）OK
[play][室內留屋頂] 鏡頭在屋裡時屋頂 alpha=1.00 OK(室內是室內)
[play][俯瞰淡屋頂] 鏡頭在屋外時屋頂 alpha=1.00 FAIL(屋頂還蓋著，屋內的人點不到)
[play][屋內點兵] selected=sniper OK
[selftest] saved res://qa/play_indoor_pick.png
[play][走路] 還差 12.8m　AP=9999　px=(1133,747)
[play][走路] 還差 12.6m　AP=9994　px=(1133,732)
[play][走路] 還差 12.3m　AP=9989　px=(1133,718)
[play][走路] 還差 12.2m　AP=9989　px=(1133,707)
[play][走路] 還差 11.9m　AP=9978　px=(1133,676)
[play][走路] 還差 11.9m　AP=9977　px=(1132,669)
[play][走路] 還差 12.0m　AP=9971　px=(1133,686)
[play][走路] 還差 11.9m　AP=9962　px=(1132,661)
[selftest] saved res://qa/play_in_look0.png
[selftest] saved res://qa/play_in_look1.png
[selftest] saved res://qa/play_in_look2.png
[selftest] saved res://qa/play_in_look3.png
[play][屋內環顧] 已拍四個方向 play_in_look0~3.png
[selftest] saved res://qa/play_hero0.png
[selftest] saved res://qa/play_hero1.png
[selftest] saved res://qa/play_hero2.png
[selftest] saved res://qa/play_hero3.png
[play][英雄骨頭] cls=sniper 模型骨數=62 UpperArm.L=有 LowerArm.L=有 Hand.L=有 UpperArm.R=有 LowerArm.R=有 Hand.R=有
[play][英雄近拍] play_hero0~3.png（手臂與武器要在畫面上）
[play][撞牆] 對外牆走 5 秒：進到室內=false OK(牆擋住了)
[selftest] saved res://qa/play_wall.png
[play][撞窗戶] 對著窗戶走 5 秒：進到室內=false OK(窗台下是實心牆)
[selftest] saved res://qa/play_window.png
[play][撞室內家具] 對家具走 4 秒：離家具中心 1.00m（家具半徑 0.55m）OK(擋住了)
[selftest] saved res://qa/play_furniture.png
[play][撞戰車] 場上沒有載具，生成一台 tank 來撞
[play][撞戰車] 從車尾走 6 秒：離車體表面 0.42m｜車體座標 沿車軸 3.42m(半長3.00)／沿車寬 0.42m(半寬1.75) OK(被車擋住)
[selftest] saved res://qa/play_tank_1.png
[play][撞戰車] 從車頭走 6 秒：離車體表面 0.56m｜車體座標 沿車軸 3.56m(半長3.00)／沿車寬 0.00m(半寬1.75) OK(被車擋住)
[selftest] saved res://qa/play_tank_2.png
[play][撞戰車] 從左側走 6 秒：離車體表面 0.42m｜車體座標 沿車軸 0.00m(半長3.00)／沿車寬 2.17m(半寬1.75) OK(被車擋住)
[selftest] saved res://qa/play_tank_3.png
[play][撞戰車] 從右側走 6 秒：離車體表面 0.42m｜車體座標 沿車軸 0.48m(半長3.00)／沿車寬 2.17m(半寬1.75) OK(被車擋住)
[selftest] saved res://qa/play_tank_4.png
[play] FAILS=2
[play] DONE
