Godot Engine v4.7.1.stable.official.a13da4feb - https://godotengine.org
Vulkan 1.4.329 - Forward+ - Using Device #0: NVIDIA - NVIDIA GeForce RTX 5060 Laptop GPU

[GameData] nations=14 classes=17 maps=25 story=15
[test] 固定亂數種子 20260804（測試結果要可重現）
[play] 1 主選單 → 劇情戰役
[play] 2 章節 01
[play] 3 簡報 → 出擊
[play] 4 對話：連點推進 (st=3)
[water] 深水圍欄 74 根樁（水深 > 1.05m 的邊界）
[poles] 桿=1 電線段=0
[edge] 剔除邊界帶障礙 0 個（安全帶 1.62m，深水圍欄不剔）
[rockmat] 型別=ORMMaterial3D albedo_tex=true normal_tex=true triplanar=true tint=(0.6388, 0.5776, 0.4969, 1.0)
[look] spawn mg side=0 player_side=1 mp=res://assets/models/chars/hr_m_Suit.fbx
[rig] mg 重定向骨對數=20
[look] spawn at side=0 player_side=1 mp=res://assets/models/chars/hr_m_Suit.fbx
[rig] at 重定向骨對數=20
[look] spawn sniper side=0 player_side=1 mp=res://assets/models/chars/hr_m_Suit.fbx
[rig] sniper 重定向骨對數=20
[diff] 第 1 章：敵步兵 3、敵載具 0/0（實際/難度表）、掩體 0.00 集火 0.00 側翼 0.00 地形 0.00
[play]   對話結束 st=4 (應為 DEPLOY=4)
[play] 5 部署：點卡片 → 點藍框放置
[look] spawn sniper side=1 player_side=1 mp=res://assets/models/chars/hr_w_Swat.fbx
[rig] sniper 重定向骨對數=20
[play]   已部署數=1 OK
[play] 6 開始戰鬥
[play]   st=5 (應為 CMD=5)
[play][切換單位] 按 Tab 後 selected=sniper OK
[selftest] saved res://qa/play_cycle.png
[play][下令] 第三人稱 OK
[play][停下不自動蹲] want_cover=true 靜置 1.6s 後 _crouch=0.00 OK
[selftest] saved res://qa/play_stand.png
[selftest] saved res://qa/play_key_c.png
[selftest] saved res://qa/play_key_z.png
[selftest] saved res://qa/play_key_space.png
[play][姿勢鍵] C→_crouch=1.00 動畫=crouch OK ／ Z→_prone=1.00 OK ／ Space→最大姿勢值=0.00 OK
[play][停下不原地跑步] 放開 W 一秒後動畫=idle 移動中=false OK
[selftest] saved res://qa/play_stop_idle.png
[play][鏡頭不抖] 角色靜止 1.5 秒，鏡頭每幀最大位移=0.0000m OK
[play][手在身體前面] 鏡頭轉 180 度後：持槍手在胸口前方 0.319m、身體與鏡頭夾角 0 度 OK
[selftest] saved res://qa/play_arm_front.png
[play][走路] 還差 24.8m　AP=9999　px=(1280,545)
[play][走路] 還差 21.8m　AP=9975　px=(1227,574)
[play][走路] 還差 19.1m　AP=9954　px=(1180,602)
[play][走路] 還差 18.5m　AP=9944　px=(1180,628)
[play][走路] 還差 18.0m　AP=9934　px=(1180,651)
[play][走路] 還差 17.8m　AP=9928　px=(1180,663)
[play][走路] 還差 17.9m　AP=9910　px=(1192,695)
[play][走路] 還差 18.0m　AP=9899　px=(1183,662)
[play][走路] 還差 18.0m　AP=9881　px=(1195,694)
[play][走路] 還差 18.1m　AP=9869　px=(1187,661)
[play][走路] 還差 18.2m　AP=9851　px=(1199,694)
[play][走路] 還差 18.3m　AP=9832　px=(1208,728)
[play][走路] 還差 18.4m　AP=9820　px=(1202,693)
[play][走路] 還差 18.5m　AP=9801　px=(1211,726)
[play][走路] 還差 16.0m　AP=9778　px=(1163,734)
[play][走路] 還差 14.5m　AP=9765　px=(1133,743)
[play][走路] 還差 14.6m　AP=9758　px=(1133,728)
[play][走路] 還差 14.4m　AP=9738　px=(1133,760)
[play][走路] 還差 14.4m　AP=9737　px=(1133,762)
[play][走路] 還差 14.4m　AP=9737　px=(1133,762)
[play][走路] 還差 14.4m　AP=9737　px=(1133,762)
[play][走路] 還差 14.4m　AP=9737　px=(1133,762)
[play][走路] 還差 14.4m　AP=9737　px=(1133,762)
[play][走路] 還差 14.5m　AP=9731　px=(1133,743)
[play][走路] 還差 14.6m　AP=9724　px=(1133,726)
[play][走路] 還差 14.4m　AP=9708　px=(1133,754)
[play][走路] 還差 14.4m　AP=9706　px=(1133,762)
[play][走路] 還差 14.4m　AP=9706　px=(1133,762)
[play][走路] 還差 14.4m　AP=9706　px=(1133,762)
[play][走路] 還差 14.4m　AP=9706　px=(1133,762)
[play][走路] 還差 14.4m　AP=9706　px=(1133,762)
[play][走路] 還差 14.4m　AP=9706　px=(1133,762)
[play][走路] 還差 14.4m　AP=9706　px=(1133,762)
[play][走路] 還差 14.4m　AP=9706　px=(1133,762)
[play][走路] 還差 14.4m　AP=9706　px=(1133,762)
[play][走路] 還差 14.4m　AP=9706　px=(1133,762)
[play][走路] 還差 14.5m　AP=9700　px=(1133,745)
[play][走路] 還差 14.6m　AP=9693　px=(1133,729)
[play][走路] 還差 14.4m　AP=9676　px=(1133,756)
[play][走路] 還差 14.4m　AP=9674　px=(1133,762)
[play][走路] 還差 14.4m　AP=9674　px=(1133,762)
[play][走路] 還差 14.4m　AP=9674　px=(1133,762)
[play][走路] 還差 14.4m　AP=9674　px=(1133,762)
[play][走路] 還差 14.4m　AP=9674　px=(1133,762)
[play][走路] 還差 14.5m　AP=9669　px=(1133,745)
[play][走路] 還差 14.6m　AP=9662　px=(1133,729)
[play][走路] 還差 14.4m　AP=9648　px=(1133,756)
[play][走路] 還差 14.4m　AP=9645　px=(1133,762)
[play][走路] 還差 14.4m　AP=9645　px=(1133,762)
[play][走路] 還差 14.4m　AP=9645　px=(1133,762)
[play][走路] 還差 14.4m　AP=9645　px=(1133,762)
[play][走路] 還差 14.4m　AP=9645　px=(1133,762)
[play][走路] 還差 14.4m　AP=9645　px=(1133,762)
[play][走路] 還差 14.4m　AP=9645　px=(1133,762)
[play][走路] 還差 14.4m　AP=9645　px=(1133,762)
[play][走路] 還差 14.4m　AP=9645　px=(1133,762)
[play][走路] 還差 14.4m　AP=9645　px=(1133,762)
[play][走路] 還差 14.5m　AP=9640　px=(1133,745)
[play][走路] 還差 14.6m　AP=9633　px=(1133,729)
[play][走路] 還差 14.4m　AP=9619　px=(1133,756)
[play][走路] 還差 14.4m　AP=9617　px=(1133,762)
[play][走路] 還差 14.4m　AP=9617　px=(1133,762)
[play][走路] 還差 14.4m　AP=9617　px=(1133,762)
[play][走路] 還差 14.4m　AP=9617　px=(1133,762)
[play][走路] 還差 14.4m　AP=9617　px=(1133,762)
[play][走路] 還差 14.5m　AP=9612　px=(1133,745)
[play][走路] 還差 14.6m　AP=9605　px=(1133,729)
[play][走路] 還差 14.4m　AP=9591　px=(1133,755)
[play][走路] 還差 14.4m　AP=9589　px=(1133,762)
[play][走路] 還差 14.4m　AP=9589　px=(1133,762)
[play][走路] 還差 14.4m　AP=9589　px=(1133,762)
[play][走路] 還差 14.4m　AP=9589　px=(1133,762)
[play][走路] 還差 14.4m　AP=9589　px=(1133,762)
[play][走路] 還差 14.4m　AP=9589　px=(1133,762)
[play][走路] 還差 14.4m　AP=9589　px=(1133,762)
[play][走路] 還差 14.4m　AP=9589　px=(1133,762)
[play][走路] 還差 14.4m　AP=9589　px=(1133,762)
[play][走路] 還差 14.4m　AP=9589　px=(1133,762)
[play][走路] 還差 14.5m　AP=9584　px=(1133,745)
[play][走路] 還差 14.6m　AP=9577　px=(1133,729)
[play][走路] 還差 14.4m　AP=9564　px=(1133,756)
[play][走路] 還差 14.4m　AP=9561　px=(1133,762)
[play][走路] 還差 14.4m　AP=9561　px=(1133,762)
[play][走路] 還差 14.4m　AP=9561　px=(1133,762)
[play][走路] 還差 14.4m　AP=9561　px=(1133,762)
[play][走路] 還差 14.4m　AP=9561　px=(1133,762)
[play][走路] 還差 14.5m　AP=9556　px=(1133,745)
[play][走路] 還差 14.6m　AP=9549　px=(1133,729)
[play][走路] 還差 14.4m　AP=9534　px=(1133,755)
[play][走路] 還差 14.4m　AP=9531　px=(1133,762)
[play][走路] 還差 14.4m　AP=9531　px=(1133,762)
[play][走路] 還差 14.4m　AP=9531　px=(1133,762)
[play][走路] 還差 14.4m　AP=9531　px=(1133,762)
[play][走路] 還差 14.4m　AP=9531　px=(1133,762)
[play][走路] 還差 14.4m　AP=9531　px=(1133,762)
[play][走路] 還差 14.4m　AP=9531　px=(1133,762)
[play][進屋] 走進去=FAIL(走不進去)（人在 px(1133,762)、門在 px(846,760)、屋框 [P: (760.0, 545.0), S: (270.0, 215.0)]）
[play][進屋] 人所在 px=(1133,762) 阻擋=["水深0.00m"]
[play][進屋] 門外定位點 px=(846,786) 阻擋=["水深0.00m"]
[play][進屋] 門口 px=(846,760) 阻擋=["水深0.00m"]
[play][進屋] 門內定位點 px=(846,734) 阻擋=["水深0.00m"]
[selftest] saved res://qa/play_indoor.png
[play][鏡頭穿牆] 頭→鏡頭的牆體命中比例=1.00（1.00＝沒穿牆）OK
[play][室內留屋頂] 鏡頭在屋裡時屋頂 alpha=1.00 OK(室內是室內)
[play][俯瞰淡屋頂] 鏡頭在屋外時屋頂 alpha=1.00 FAIL(屋頂還蓋著，屋內的人點不到)
[play][屋內點兵] selected=sniper OK
[selftest] saved res://qa/play_indoor_pick.png
[play][走路] 還差 13.1m　AP=9999　px=(1133,762)
[play][走路] 還差 12.8m　AP=9994　px=(1133,746)
[play][走路] 還差 12.5m　AP=9988　px=(1133,729)
[play][走路] 還差 12.3m　AP=9983　px=(1133,716)
[play][走路] 還差 12.2m　AP=9979　px=(1133,704)
[play][走路] 還差 10.5m　AP=9965　px=(1103,690)
[play][走路] 還差 10.0m　AP=9960　px=(1093,682)
[play][走路] 還差 9.9m　AP=9952　px=(1093,657)
[selftest] saved res://qa/play_in_look0.png
[selftest] saved res://qa/play_in_look1.png
[selftest] saved res://qa/play_in_look2.png
[selftest] saved res://qa/play_in_look3.png
[play][屋內環顧] 已拍四個方向 play_in_look0~3.png
[selftest] saved res://qa/play_hero0.png
[selftest] saved res://qa/play_hero1.png
[selftest] saved res://qa/play_hero2.png
[selftest] saved res://qa/play_hero3.png
[play][英雄骨頭] cls=sniper 模型骨數=62 UpperArm.L=有 LowerArm.L=有 Hand.L=有 UpperArm.R=有 LowerArm.R=有 Hand.R=有
[play][英雄近拍] play_hero0~3.png（手臂與武器要在畫面上）
[play][撞牆] 對外牆走 5 秒：進到室內=false OK(牆擋住了)
[selftest] saved res://qa/play_wall.png
[play][撞窗戶] 對著窗戶走 5 秒：進到室內=false OK(窗台下是實心牆)
[selftest] saved res://qa/play_window.png
[play][撞室內家具] 對家具走 4 秒：離家具中心 1.00m（家具半徑 0.55m）OK(擋住了)
[selftest] saved res://qa/play_furniture.png
[look] spawn tank side=0 player_side=1 mp=res://assets/models/chars/soldier.glb
[vehart] tank 引擎內切分砲塔：車體 27897 面／砲塔 15591 面（切面 46% 高）
[vehart] tank 用立繪生成模型（車體+砲塔，車長 6.2m，縮放 4.248，實體 8.1×3.1×2.4m）
[play][撞戰車] 場上沒有載具，生成一台 tank 來撞
[play][撞戰車] 從車尾走 6 秒：離車體表面 0.42m｜車體座標 沿車軸 3.42m(半長3.00)／沿車寬 0.42m(半寬1.55) OK(被車擋住)
[selftest] saved res://qa/play_tank_1.png
[play][撞戰車] 從車頭走 6 秒：離車體表面 0.56m｜車體座標 沿車軸 3.56m(半長3.00)／沿車寬 0.00m(半寬1.55) OK(被車擋住)
[selftest] saved res://qa/play_tank_2.png
[play][撞戰車] 從左側走 6 秒：離車體表面 0.42m｜車體座標 沿車軸 0.00m(半長3.00)／沿車寬 1.97m(半寬1.55) OK(被車擋住)
[selftest] saved res://qa/play_tank_3.png
[play][撞戰車] 從右側走 6 秒：離車體表面 0.42m｜車體座標 沿車軸 0.00m(半長3.00)／沿車寬 1.97m(半寬1.55) OK(被車擋住)
[selftest] saved res://qa/play_tank_4.png
[play] FAILS=2
[play] DONE
