Godot Engine v4.7.1.stable.official.a13da4feb - https://godotengine.org
Vulkan 1.4.329 - Forward+ - Using Device #0: NVIDIA - NVIDIA GeForce RTX 5060 Laptop GPU

[GameData] nations=14 classes=17 maps=25 story=15
[test] 固定亂數種子 20260804（測試結果要可重現）
[play] 1 主選單 → 劇情戰役
[play] 2 章節 01
[play] 3 簡報 → 出擊
[play] 4 對話：連點推進 (st=3)
[water] 深水圍欄 74 根樁（水深 > 1.05m 的邊界）
[poles] 桿=1 電線段=0
[edge] 剔除邊界帶障礙 0 個（安全帶 1.62m，深水圍欄不剔）
[rockmat] 型別=ORMMaterial3D albedo_tex=true normal_tex=true triplanar=true tint=(0.6388, 0.5776, 0.4969, 1.0)
[look] spawn mg side=0 player_side=1 mp=res://assets/models/chars/hr_m_Suit.fbx
[rig] mg 重定向骨對數=20
[look] spawn at side=0 player_side=1 mp=res://assets/models/chars/hr_m_Suit.fbx
[rig] at 重定向骨對數=20
[look] spawn sniper side=0 player_side=1 mp=res://assets/models/chars/hr_m_Suit.fbx
[rig] sniper 重定向骨對數=20
[diff] 第 1 章：敵步兵 3、敵載具 0/0（實際/難度表）、掩體 0.00 集火 0.00 側翼 0.00 地形 0.00
[play]   對話結束 st=4 (應為 DEPLOY=4)
[play] 5 部署：點卡片 → 點藍框放置
[look] spawn sniper side=1 player_side=1 mp=res://assets/models/chars/hr_w_Swat.fbx
[rig] sniper 重定向骨對數=20
[play]   已部署數=1 OK
[play] 6 開始戰鬥
[play]   st=5 (應為 CMD=5)
[play][切換單位] 按 Tab 後 selected=sniper OK
[selftest] saved res://qa/play_cycle.png
[play][下令] 第三人稱 OK
[play][停下不自動蹲] want_cover=true 靜置 1.6s 後 _crouch=0.00 OK
[selftest] saved res://qa/play_stand.png
[selftest] saved res://qa/play_key_c.png
[selftest] saved res://qa/play_key_z.png
[selftest] saved res://qa/play_key_space.png
[play][姿勢鍵] C→_crouch=1.00 動畫=crouch OK ／ Z→_prone=1.00 OK ／ Space→最大姿勢值=0.00 OK
[play][停下不原地跑步] 放開 W 一秒後動畫=idle 移動中=false OK
[selftest] saved res://qa/play_stop_idle.png
[play][鏡頭不抖] 角色靜止 1.5 秒，鏡頭每幀最大位移=0.0000m OK
[play][手在身體前面] 鏡頭轉 180 度後：持槍手在胸口前方 0.319m、身體與鏡頭夾角 0 度 OK
[selftest] saved res://qa/play_arm_front.png
[play][走路] 還差 24.8m　AP=9999　px=(1280,544)
[play][走路] 還差 21.9m　AP=9975　px=(1228,573)
[play][走路] 還差 19.1m　AP=9954　px=(1180,602)
[play][走路] 還差 18.7m　AP=9949　px=(1180,616)
[play][走路] 還差 18.8m　AP=9936　px=(1196,646)
[play][走路] 還差 18.9m　AP=9919　px=(1209,679)
[play][走路] 還差 19.0m　AP=9900　px=(1219,713)
[play][走路] 還差 19.1m　AP=9889　px=(1213,679)
[play][走路] 還差 19.2m　AP=9870　px=(1222,713)
[play][走路] 還差 19.2m　AP=9858　px=(1216,679)
[play][走路] 還差 19.3m　AP=9840　px=(1226,712)
[play][走路] 還差 19.6m　AP=9825　px=(1237,741)
[play][走路] 還差 19.7m　AP=9813　px=(1233,706)
[play][走路] 還差 19.8m　AP=9795　px=(1240,740)
[play][走路] 還差 19.9m　AP=9784　px=(1236,706)
[play][走路] 還差 20.0m　AP=9766　px=(1243,740)
[play][走路] 還差 20.0m　AP=9755　px=(1239,706)
[play][走路] 還差 20.1m　AP=9738　px=(1246,739)
[play][走路] 還差 20.2m　AP=9723　px=(1250,773)
[play][走路] 還差 20.3m　AP=9711　px=(1251,807)
[play][走路] 還差 20.4m　AP=9700　px=(1250,842)
[play][走路] 還差 20.4m　AP=9688　px=(1245,876)
[play][走路] 還差 20.4m　AP=9688　px=(1245,876)
[play][走路] 還差 17.9m　AP=9672　px=(1212,914)
[play][走路] 還差 14.9m　AP=9652　px=(1173,959)
[play][走路] 還差 12.9m　AP=9637　px=(1136,980)
[play][走路] 還差 12.0m　AP=9626　px=(1103,980)
[play][走路] 還差 11.4m　AP=9618　px=(1076,980)
[play][走路] 還差 11.0m　AP=9611　px=(1055,980)
[play][走路] 還差 10.7m　AP=9605　px=(1038,980)
[play][走路] 還差 10.5m　AP=9601　px=(1025,980)
[play][走路] 還差 10.7m　AP=9594　px=(1038,980)
[play][走路] 還差 14.0m　AP=9585　px=(1048,980)
[play][走路] 還差 12.0m　AP=9572　px=(1021,951)
[play][走路] 還差 11.0m　AP=9561　px=(1021,919)
[play][走路] 還差 10.2m　AP=9552　px=(1021,892)
[play][走路] 還差 9.7m　AP=9545　px=(1021,870)
[play][走路] 還差 9.4m　AP=9539　px=(1021,853)
[play][走路] 還差 9.1m　AP=9534　px=(1021,838)
[play][走路] 還差 8.9m　AP=9529　px=(1019,824)
[play][走路] 還差 6.7m　AP=9515　px=(979,812)
[play][走路] 還差 4.5m　AP=9500　px=(936,804)
[play][走路] 還差 2.4m　AP=9486　px=(893,795)
[play][走路] 還差 2.7m　AP=9472　px=(851,787)
[play][走路] 還差 0.7m　AP=9459　px=(848,749)
[play][走路] 還差 5.1m　AP=9457　px=(847,743)
[play][走路] 還差 3.2m　AP=9444　px=(865,709)
[play][進屋] 走進去=OK（人在 px(885,671)、門在 px(846,760)、屋框 [P: (760.0, 545.0), S: (270.0, 215.0)]）
[selftest] saved res://qa/play_indoor.png
[play][鏡頭穿牆] 頭→鏡頭的牆體命中比例=1.00（1.00＝沒穿牆）OK
[play][室內留屋頂] 鏡頭在屋裡時屋頂 alpha=1.00 OK(室內是室內)
[play][俯瞰淡屋頂] 鏡頭在屋外時屋頂 alpha=0.00 OK(看得到屋裡的人)
[play][屋內點兵] selected=sniper OK
[selftest] saved res://qa/play_indoor_pick.png
[selftest] saved res://qa/play_in_look0.png
[selftest] saved res://qa/play_in_look1.png
[selftest] saved res://qa/play_in_look2.png
[selftest] saved res://qa/play_in_look3.png
[play][屋內環顧] 已拍四個方向 play_in_look0~3.png
[selftest] saved res://qa/play_hero0.png
[selftest] saved res://qa/play_hero1.png
[selftest] saved res://qa/play_hero2.png
[selftest] saved res://qa/play_hero3.png
[play][英雄骨頭] cls=sniper 模型骨數=62 UpperArm.L=有 LowerArm.L=有 Hand.L=有 UpperArm.R=有 LowerArm.R=有 Hand.R=有
[play][英雄近拍] play_hero0~3.png（手臂與武器要在畫面上）
[play][撞牆] 對外牆走 5 秒：進到室內=false OK(牆擋住了)
[selftest] saved res://qa/play_wall.png
[play][撞窗戶] 對著窗戶走 5 秒：進到室內=false OK(窗台下是實心牆)
[selftest] saved res://qa/play_window.png
[play][撞室內家具] 對家具走 4 秒：離家具中心 1.00m（家具半徑 0.55m）OK(擋住了)
[selftest] saved res://qa/play_furniture.png
[look] spawn tank side=0 player_side=1 mp=res://assets/models/chars/soldier.glb
[vehart] tank 引擎內切分砲塔：車體 27897 面／砲塔 15591 面（切面 46% 高）
[vehart] tank 用立繪生成模型（車體+砲塔，車長 6.2m，縮放 4.248，實體 8.1×3.1×2.4m）
[play][撞戰車] 場上沒有載具，生成一台 tank 來撞
[play][撞戰車] 從車尾走 6 秒：離車體表面 0.42m｜車體座標 沿車軸 3.42m(半長3.00)／沿車寬 0.42m(半寬1.55) OK(被車擋住)
[selftest] saved res://qa/play_tank_1.png
[play][撞戰車] 從車頭走 6 秒：離車體表面 0.56m｜車體座標 沿車軸 3.56m(半長3.00)／沿車寬 0.00m(半寬1.55) OK(被車擋住)
[selftest] saved res://qa/play_tank_2.png
[play][撞戰車] 從左側走 6 秒：離車體表面 0.42m｜車體座標 沿車軸 0.00m(半長3.00)／沿車寬 1.97m(半寬1.55) OK(被車擋住)
[selftest] saved res://qa/play_tank_3.png
[play][撞戰車] 從右側走 6 秒：離車體表面 0.42m｜車體座標 沿車軸 0.00m(半長3.00)／沿車寬 1.97m(半寬1.55) OK(被車擋住)
[selftest] saved res://qa/play_tank_4.png
[play] FAILS=0
[play] DONE
