Godot Engine v4.7.1.stable.official.a13da4feb - https://godotengine.org
Vulkan 1.4.329 - Forward+ - Using Device #0: NVIDIA - NVIDIA GeForce RTX 5060 Laptop GPU

[GameData] nations=14 classes=17 maps=25 story=15
[play] 1 主選單 → 劇情戰役
[play] 2 章節 01
[play] 3 簡報 → 出擊
[play] 4 對話：連點推進 (st=3)
[water] 深水圍欄 78 根樁（水深 > 1.05m 的邊界）
[rig] mg 重定向骨對數=20
[rig] at 重定向骨對數=20
[rig] sniper 重定向骨對數=20
[diff] 第 1 章：敵步兵 3、敵載具 0、掩體 0.00 集火 0.00 側翼 0.00 地形 0.00
[play]   對話結束 st=4 (應為 DEPLOY=4)
[play] 5 部署：點卡片 → 點藍框放置
[rig] sniper 重定向骨對數=20
[play]   已部署數=1 OK
[play] 6 開始戰鬥
[play]   st=5 (應為 CMD=5)
[play][切換單位] 按 Tab 後 selected=sniper OK
[selftest] saved res://qa/play_cycle.png
[play][下令] 第三人稱 OK
[play][停下不自動蹲] want_cover=true 靜置 1.6s 後 _crouch=0.00 OK
[selftest] saved res://qa/play_stand.png
[selftest] saved res://qa/play_key_c.png
[selftest] saved res://qa/play_key_z.png
[selftest] saved res://qa/play_key_space.png
[play][姿勢鍵] C→_crouch=1.00 動畫=crouch OK ／ Z→_prone=1.00 OK ／ Space→最大姿勢值=0.00 OK
[play][停下不原地跑步] 放開 W 一秒後動畫=idle 移動中=false OK
[selftest] saved res://qa/play_stop_idle.png
[play][鏡頭不抖] 角色靜止 1.5 秒，鏡頭每幀最大位移=0.0000m OK
[play][手在身體前面] 鏡頭轉 180 度後：持槍手在胸口前方 0.323m、身體與鏡頭夾角 0 度 OK
[selftest] saved res://qa/play_arm_front.png
[play][走路] 還差 24.2m　AP=9999　px=(1280,545)
[play][走路] 還差 21.2m　AP=9979　px=(1226,572)
[play][走路] 還差 18.6m　AP=9961　px=(1180,598)
[play][走路] 還差 18.1m　AP=9954　px=(1180,619)
[play][走路] 還差 17.8m　AP=9947　px=(1180,640)
[play][走路] 還差 17.5m　AP=9941　px=(1180,658)
[play][走路] 還差 16.1m　AP=9930　px=(1159,679)
[play][走路] 還差 13.5m　AP=9912　px=(1107,692)
[play][走路] 還差 12.6m　AP=9903　px=(1093,705)
[play][走路] 還差 10.8m　AP=9883　px=(1059,721)
[play][走路] 還差 9.9m　AP=9877　px=(1041,729)
[play][走路] 還差 10.0m　AP=9871　px=(1041,715)
[play][走路] 還差 9.8m　AP=9861　px=(1041,745)
[play][走路] 還差 9.7m　AP=9859　px=(1041,752)
[play][走路] 還差 9.8m　AP=9853　px=(1041,732)
[play][走路] 還差 9.7m　AP=9844　px=(1041,757)
[play][走路] 還差 7.8m　AP=9831　px=(1039,796)
[play][走路] 還差 5.6m　AP=9816　px=(1035,839)
[play][走路] 還差 3.4m　AP=9802　px=(1032,883)
[play][走路] 還差 1.3m　AP=9788　px=(1029,926)
[play][走路] 還差 12.5m　AP=9786　px=(1029,930)
[play][走路] 還差 11.3m　AP=9777　px=(1021,905)
[play][走路] 還差 10.6m　AP=9768　px=(1021,879)
[play][走路] 還差 10.0m　AP=9761　px=(1021,856)
[play][走路] 還差 9.6m　AP=9754　px=(1021,837)
[play][走路] 還差 8.6m　AP=9745　px=(1008,817)
[play][走路] 還差 6.4m　AP=9731　px=(967,803)
[play][走路] 還差 4.2m　AP=9717　px=(926,788)
[play][走路] 還差 2.1m　AP=9702　px=(886,774)
[play][走路] 還差 6.1m　AP=9695　px=(865,771)
[play][走路] 還差 6.0m　AP=9695　px=(873,771)
[play][走路] 還差 5.9m　AP=9686　px=(900,771)
[play][走路] 還差 6.0m　AP=9678　px=(881,771)
[play][走路] 還差 5.9m　AP=9669　px=(903,771)
[play][走路] 還差 6.0m　AP=9661　px=(883,771)
[play][走路] 還差 6.0m　AP=9653　px=(905,771)
[play][進屋] 走進去=FAIL(走不進去)（人在 px(906,771)、門在 px(846,760)、屋框 [P: (760.0, 545.0), S: (270.0, 215.0)]）
[selftest] saved res://qa/play_indoor.png
[play][鏡頭穿牆] 頭→鏡頭的牆體命中比例=1.00（1.00＝沒穿牆）OK
[play][室內留屋頂] 鏡頭在屋裡時屋頂 alpha=1.00 OK(室內是室內)
[play][俯瞰淡屋頂] 鏡頭在屋外時屋頂 alpha=1.00 FAIL(屋頂還蓋著，屋內的人點不到)
[play][屋內點兵] selected=sniper OK
[selftest] saved res://qa/play_indoor_pick.png
[play][走路] 還差 6.0m　AP=9999　px=(906,771)
[play][走路] 還差 5.9m　AP=9999　px=(903,771)
[play][走路] 還差 6.1m　AP=9992　px=(922,771)
[play][走路] 還差 5.9m　AP=9983　px=(893,771)
[play][走路] 還差 5.9m　AP=9982　px=(890,771)
[play][走路] 還差 6.0m　AP=9975　px=(912,771)
[play][走路] 還差 5.9m　AP=9965　px=(889,771)
[selftest] saved res://qa/play_in_look0.png
[selftest] saved res://qa/play_in_look1.png
[selftest] saved res://qa/play_in_look2.png
[selftest] saved res://qa/play_in_look3.png
[play][屋內環顧] 已拍四個方向 play_in_look0~3.png
[selftest] saved res://qa/play_hero0.png
[selftest] saved res://qa/play_hero1.png
[selftest] saved res://qa/play_hero2.png
[selftest] saved res://qa/play_hero3.png
[play][英雄骨頭] cls=sniper 模型骨數=62 UpperArm.L=有 LowerArm.L=有 Hand.L=有 UpperArm.R=有 LowerArm.R=有 Hand.R=有
[play][英雄近拍] play_hero0~3.png（手臂與武器要在畫面上）
[play][撞牆] 對外牆走 5 秒：進到室內=false OK(牆擋住了)
[selftest] saved res://qa/play_wall.png
[play][撞窗戶] 對著窗戶走 5 秒：進到室內=false OK(窗台下是實心牆)
[selftest] saved res://qa/play_window.png
[play][撞室內家具] 對家具走 4 秒：離家具中心 1.00m（家具半徑 0.55m）OK(擋住了)
[selftest] saved res://qa/play_furniture.png
[play][撞戰車] 場上沒有載具，生成一台 tank 來撞
[play][撞戰車] 從車尾走 6 秒：離車體表面 0.42m｜車體座標 沿車軸 3.42m(半長3.00)／沿車寬 0.42m(半寬1.75) OK(被車擋住)
[selftest] saved res://qa/play_tank_1.png
[play][撞戰車] 從車頭走 6 秒：離車體表面 0.56m｜車體座標 沿車軸 3.56m(半長3.00)／沿車寬 0.00m(半寬1.75) OK(被車擋住)
[selftest] saved res://qa/play_tank_2.png
[play][撞戰車] 從左側走 6 秒：離車體表面 0.42m｜車體座標 沿車軸 0.00m(半長3.00)／沿車寬 2.17m(半寬1.75) OK(被車擋住)
[selftest] saved res://qa/play_tank_3.png
[play][撞戰車] 從右側走 6 秒：離車體表面 0.42m｜車體座標 沿車軸 0.48m(半長3.00)／沿車寬 2.17m(半寬1.75) OK(被車擋住)
[selftest] saved res://qa/play_tank_4.png
[play] FAILS=2
[play] DONE
