Godot Engine v4.7.1.stable.official.a13da4feb - https://godotengine.org
Vulkan 1.4.329 - Forward+ - Using Device #0: NVIDIA - NVIDIA GeForce RTX 5060 Laptop GPU

[GameData] nations=14 classes=17 maps=25 story=15
[play] 1 主選單 → 劇情戰役
[play] 2 章節 01
[play] 3 簡報 → 出擊
[play] 4 對話：連點推進 (st=3)
[water] 深水圍欄 78 根樁（水深 > 1.05m 的邊界）
[poles] 桿=4 電線段=12
[rig] mg 重定向骨對數=20
[rig] at 重定向骨對數=20
[rig] sniper 重定向骨對數=20
[diff] 第 1 章：敵步兵 3、敵載具 0、掩體 0.00 集火 0.00 側翼 0.00 地形 0.00
[play]   對話結束 st=4 (應為 DEPLOY=4)
[play] 5 部署：點卡片 → 點藍框放置
[rig] sniper 重定向骨對數=20
[play]   已部署數=1 OK
[play] 6 開始戰鬥
[play]   st=5 (應為 CMD=5)
[play][切換單位] 按 Tab 後 selected=sniper OK
[selftest] saved res://qa/play_cycle.png
[play][下令] 第三人稱 OK
[play][停下不自動蹲] want_cover=true 靜置 1.6s 後 _crouch=0.00 OK
[selftest] saved res://qa/play_stand.png
[selftest] saved res://qa/play_key_c.png
[selftest] saved res://qa/play_key_z.png
[selftest] saved res://qa/play_key_space.png
[play][姿勢鍵] C→_crouch=1.00 動畫=crouch OK ／ Z→_prone=1.00 OK ／ Space→最大姿勢值=1.00 FAIL
[play][停下不原地跑步] 放開 W 一秒後動畫=idle 移動中=false OK
[selftest] saved res://qa/play_stop_idle.png
[play][鏡頭不抖] 角色靜止 1.5 秒，鏡頭每幀最大位移=0.0000m OK
[play][手在身體前面] 鏡頭轉 180 度後：持槍手在胸口前方 0.360m、身體與鏡頭夾角 0 度 OK
[selftest] saved res://qa/play_arm_front.png
[play][走路] 還差 24.0m　AP=9999　px=(1280,581)
[play][走路] 還差 23.2m　AP=9995　px=(1266,588)
[play][走路] 還差 22.4m　AP=9991　px=(1252,595)
[play][走路] 還差 21.7m　AP=9987　px=(1238,601)
[play][走路] 還差 21.1m　AP=9983　px=(1226,603)
[play][走路] 還差 20.4m　AP=9979　px=(1211,604)
[play][走路] 還差 19.5m　AP=9974　px=(1195,611)
[play][走路] 還差 18.7m　AP=9969　px=(1180,619)
[play][走路] 還差 18.5m　AP=9968　px=(1180,627)
[play][走路] 還差 18.3m　AP=9966　px=(1180,634)
[play][走路] 還差 18.2m　AP=9965　px=(1180,640)
[play][走路] 還差 18.3m　AP=9964　px=(1180,637)
[play][走路] 還差 17.9m　AP=9959　px=(1180,656)
[play][走路] 還差 17.8m　AP=9958　px=(1180,661)
[play][走路] 還差 17.9m　AP=9957　px=(1180,656)
[play][走路] 還差 17.5m　AP=9952　px=(1177,673)
[play][走路] 還差 16.6m　AP=9948　px=(1162,679)
[play][走路] 還差 15.9m　AP=9944　px=(1147,684)
[play][走路] 還差 15.1m　AP=9939　px=(1132,689)
[play][走路] 還差 14.3m　AP=9933　px=(1118,694)
[play][走路] 還差 13.6m　AP=9927　px=(1104,698)
[play][走路] 還差 13.0m　AP=9922　px=(1093,703)
[play][走路] 還差 13.1m　AP=9920　px=(1093,701)
[play][走路] 還差 12.7m　AP=9915　px=(1090,714)
