Godot Engine v4.7.1.stable.official.a13da4feb - https://godotengine.org
Vulkan 1.4.329 - Forward+ - Using Device #0: NVIDIA - NVIDIA GeForce RTX 5060 Laptop GPU

[GameData] nations=14 classes=17 maps=10 story=15
[play] 1 主選單 → 劇情戰役
[play] 2 章節 01
[play] 3 簡報 → 出擊
[play] 4 對話：連點推進 (st=3)
[rig] mg 重定向骨對數=20
[rig] at 重定向骨對數=20
[rig] sniper 重定向骨對數=20
[rig] assault 重定向骨對數=20
[play]   對話結束 st=4 (應為 DEPLOY=4)
[play] 5 部署：點卡片 → 點藍框放置
[rig] sniper 重定向骨對數=20
[play]   已部署數=1 OK
[play] 6 開始戰鬥
[play]   st=5 (應為 CMD=5)
[play][切換單位] 按 Tab 後 selected=sniper OK
[selftest] saved res://qa/play_cycle.png
[play][下令] 第三人稱 OK
[play][停下不自動蹲] want_cover=true 靜置 1.6s 後 _crouch=0.00 OK
[selftest] saved res://qa/play_stand.png
[selftest] saved res://qa/play_key_c.png
[selftest] saved res://qa/play_key_z.png
[selftest] saved res://qa/play_key_space.png
[play][姿勢鍵] C→_crouch=1.00 動畫=crouch OK ／ Z→_prone=1.00 OK ／ Space→最大姿勢值=0.00 OK
[play][停下不原地跑步] 放開 W 一秒後動畫=idle 移動中=false OK
[selftest] saved res://qa/play_stop_idle.png
[play][鏡頭不抖] 角色靜止 1.5 秒，鏡頭每幀最大位移=0.0000m OK
[play][手在身體前面] 鏡頭轉 180 度後：持槍手在胸口前方 0.328m、身體與鏡頭夾角 0 度 OK
[selftest] saved res://qa/play_arm_front.png
[play][走路] 還差 14.3m　AP=9999　px=(863,226)
[play][走路] 還差 11.4m　AP=9970　px=(811,256)
[play][走路] 還差 8.4m　AP=9946　px=(761,285)
[play][走路] 還差 6.0m　AP=9922　px=(721,314)
[play][走路] 還差 5.6m　AP=9912　px=(721,336)
[play][走路] 還差 5.4m　AP=9905　px=(721,350)
[play][走路] 還差 5.6m　AP=9895　px=(721,335)
[play][走路] 還差 5.3m　AP=9875　px=(721,371)
[play][走路] 還差 3.6m　AP=9855　px=(685,387)
[play][走路] 還差 1.2m　AP=9839　px=(637,381)
[play][走路] 還差 4.1m　AP=9837　px=(633,381)
[play][走路] 還差 4.1m　AP=9837　px=(636,381)
[play][走路] 還差 4.2m　AP=9830　px=(660,381)
[play][走路] 還差 4.1m　AP=9818　px=(631,381)
[play][走路] 還差 2.8m　AP=9806　px=(623,354)
[play][進屋] 走進去=OK（人在 px(632,320)、門在 px(615,370)、屋框 [P: (570.0, 230.0), S: (140.0, 140.0)]）
[selftest] saved res://qa/play_indoor.png
[play][鏡頭穿牆] 頭→鏡頭的牆體命中比例=1.00（1.00＝沒穿牆）OK
[play][室內留屋頂] 鏡頭在屋裡時屋頂 alpha=1.00 OK(室內是室內)
[play][俯瞰淡屋頂] 鏡頭在屋外時屋頂 alpha=0.00 OK(看得到屋裡的人)
[play][屋內點兵] selected=sniper OK
[selftest] saved res://qa/play_indoor_pick.png
[selftest] saved res://qa/play_in_look0.png
[selftest] saved res://qa/play_in_look1.png
[selftest] saved res://qa/play_in_look2.png
[selftest] saved res://qa/play_in_look3.png
[play][屋內環顧] 已拍四個方向 play_in_look0~3.png
[selftest] saved res://qa/play_hero0.png
[selftest] saved res://qa/play_hero1.png
[selftest] saved res://qa/play_hero2.png
[selftest] saved res://qa/play_hero3.png
[play][英雄骨頭] cls=sniper 模型骨數=62 UpperArm.L=有 LowerArm.L=有 Hand.L=有 UpperArm.R=有 LowerArm.R=有 Hand.R=有
[play][英雄近拍] play_hero0~3.png（手臂與武器要在畫面上）
[play][撞牆] 對外牆走 5 秒：進到室內=false OK(牆擋住了)
[selftest] saved res://qa/play_wall.png
[play][撞窗戶] 對著窗戶走 5 秒：進到室內=false OK(窗台下是實心牆)
[selftest] saved res://qa/play_window.png
[play][撞室內家具] 對家具走 4 秒：離家具中心 2.39m（家具半徑 0.78m）OK(擋住了)
[selftest] saved res://qa/play_furniture.png
[play][撞戰車] 場上沒有載具，生成一台 tank 來撞
[play][撞戰車] 從車尾走 6 秒：車體座標 沿車軸 3.42m(半長3.00)／沿車寬 0.00m(半寬1.75) OK(被車擋住)
[selftest] saved res://qa/play_tank_1.png
[play][撞戰車] 從車頭走 6 秒：車體座標 沿車軸 3.42m(半長3.00)／沿車寬 0.00m(半寬1.75) OK(被車擋住)
[selftest] saved res://qa/play_tank_2.png
[play][撞戰車] 從左側走 6 秒：車體座標 沿車軸 0.00m(半長3.00)／沿車寬 2.17m(半寬1.75) OK(被車擋住)
[selftest] saved res://qa/play_tank_3.png
[play][撞戰車] 從右側走 6 秒：車體座標 沿車軸 0.00m(半長3.00)／沿車寬 5.62m(半寬1.75) OK(被車擋住)
[selftest] saved res://qa/play_tank_4.png
[play] FAILS=0
[play] DONE
