Godot Engine v4.7.1.stable.official.a13da4feb - https://godotengine.org
Vulkan 1.4.329 - Forward+ - Using Device #0: NVIDIA - NVIDIA GeForce RTX 5060 Laptop GPU

[GameData] nations=14 classes=17 maps=25 story=15
[stress] 1 主選單 → 劇情戰役
[stress] 2 章節 03
[stress] 3 簡報 → 出擊
[stress] 4 對話：連點推進 (st=3)
[diff] 地形加碼（×0.15）：彈坑 +1、工事 +1
[poles] 桿=0 電線段=0
[look] spawn mg side=1 player_side=0 mp=res://assets/models/chars/hr_m_Suit.fbx
[rig] mg 重定向骨對數=20
[look] spawn at side=1 player_side=0 mp=res://assets/models/chars/hr_m_Suit.fbx
[rig] at 重定向骨對數=20
[look] spawn sniper side=1 player_side=0 mp=res://assets/models/chars/hr_m_Suit.fbx
[rig] sniper 重定向骨對數=20
[look] spawn assault side=1 player_side=0 mp=res://assets/models/chars/hr_m_Suit.fbx
[rig] assault 重定向骨對數=20
[look] spawn rifleman side=1 player_side=0 mp=res://assets/models/chars/hr_m_Suit.fbx
[rig] rifleman 重定向骨對數=20
[diff] 第 3 章：敵步兵 5、敵載具 0、掩體 0.20 集火 0.00 側翼 0.00 地形 0.15
[stress]   對話結束 st=4 (應為 DEPLOY=4)
[stress] 5 部署：點卡片 → 點藍框放置
[look] spawn sniper side=0 player_side=0 mp=res://assets/models/chars/sniper-hero.glb
[look] spawn mg side=0 player_side=0 mp=res://assets/models/chars/mg-hero.glb
[look] spawn rifleman side=0 player_side=0 mp=res://assets/models/chars/rifleman-hero.glb
[stress]   已部署數=3 OK
[stress] 6 開始戰鬥
[stress]   st=5 (應為 CMD=5)
[terrchk] 實戰 wrap：wade=0.00m slope=0.32 elev=-0.06m crater=false
[weather] 回合 2 11:00 → 晴
[stress] 回合1 我方開火累計0 我方HP300 敵方HP540 最近敵距18.2m
[stress] 回合2 我方開火累計1 我方HP300 敵方HP451 最近敵距4.8m
[weather] 回合 4 10:00 → 雨
[stress] 回合3 我方開火累計4 我方HP249 敵方HP410 最近敵距5.5m
[weather] 回合 5 11:00 → 晴
[stress] 回合4 我方開火累計7 我方HP169 敵方HP378 最近敵距5.5m
[stress] 回合5 我方開火累計9 我方HP61 敵方HP366 最近敵距5.5m
[weather] 回合 7 10:00 → 雨
[stress] 回合6 我方開火累計10 我方HP24 敵方HP354 最近敵距5.5m
[stress] ch03 回合=7 我方存活=0 敵方存活=4 取樣=313 最差幀=1009ms 結局=打完
[selftest] saved res://qa/stress_ch03_end.png
[stress] ch03 FAILS=0
[stress] DONE
