Godot Engine v4.7.1.stable.official.a13da4feb - https://godotengine.org
Vulkan 1.4.329 - Forward+ - Using Device #0: NVIDIA - NVIDIA GeForce RTX 5060 Laptop GPU

[GameData] nations=14 classes=17 maps=25 story=15
[stress] 1 主選單 → 劇情戰役
[stress] 2 章節 11
[stress] 3 簡報 → 出擊
[stress] 4 對話：連點推進 (st=3)
[diff] 地形加碼（×0.70）：彈坑 +5、工事 +4
[poles] 桿=3 電線段=24
[edgeclr] 邊界帶內丟棄障礙 1 個（帶寬 1.6m）
[look] spawn mg side=1 player_side=0 mp=res://assets/models/chars/hr_m_Suit.fbx
[rig] mg 重定向骨對數=20
[look] spawn at side=1 player_side=0 mp=res://assets/models/chars/hr_m_Suit.fbx
[rig] at 重定向骨對數=20
[look] spawn sniper side=1 player_side=0 mp=res://assets/models/chars/hr_m_Suit.fbx
[rig] sniper 重定向骨對數=20
[look] spawn assault side=1 player_side=0 mp=res://assets/models/chars/hr_m_Suit.fbx
[rig] assault 重定向骨對數=20
[look] spawn rifleman side=1 player_side=0 mp=res://assets/models/chars/hr_m_Suit.fbx
[rig] rifleman 重定向骨對數=20
[look] spawn rifleman side=1 player_side=0 mp=res://assets/models/chars/hr_m_Suit.fbx
[rig] rifleman 重定向骨對數=20
[look] spawn engineer side=1 player_side=0 mp=res://assets/models/chars/hr_m_Suit.fbx
[rig] engineer 重定向骨對數=20
[look] spawn mortar side=1 player_side=0 mp=res://assets/models/chars/hr_m_Suit.fbx
[rig] mortar 重定向骨對數=20
[look] spawn specops side=1 player_side=0 mp=res://assets/models/chars/hr_m_Suit.fbx
[rig] specops 重定向骨對數=20
[look] spawn sam side=1 player_side=0 mp=res://assets/models/chars/hr_m_Suit.fbx
[rig] sam 重定向骨對數=20
ERROR: [diff] 第 11 章要出 2 台敵方載具，但這張圖沒有任何已解鎖的載具可選
   at: push_error (core/variant/variant_utility.cpp:1023)
   GDScript backtrace (most recent call first):
       [0] _ai_deploy (res://scripts/Main.gd:4232)
       [1] _open_deploy (res://scripts/Main.gd:3777)
       [2] <anonymous lambda> (res://scripts/Main.gd:3765)
       [3] _dlg_step (res://scripts/UI.gd:461)
       [4] _input (res://scripts/UI.gd:580)
       [5] _send_click (res://scripts/Main.gd:1952)
       [6] _boot_to_battle (res://scripts/Main.gd:1777)
[diff] 第 11 章：敵步兵 10、敵載具 2、掩體 0.57 集火 0.48 側翼 0.36 地形 0.70
[stress]   對話結束 st=4 (應為 DEPLOY=4)
[stress] 5 部署：點卡片 → 點藍框放置
[look] spawn sniper side=0 player_side=0 mp=res://assets/models/chars/hr_w_Swat.fbx
[rig] sniper 重定向骨對數=20
[look] spawn mg side=0 player_side=0 mp=res://assets/models/chars/hr_m_Adventurer.fbx
[rig] mg 重定向骨對數=20
[look] spawn rifleman side=0 player_side=0 mp=res://assets/models/chars/hr_m_Soldier.fbx
[rig] rifleman 重定向骨對數=20
[stress]   已部署數=3 OK
[stress] 6 開始戰鬥
[stress]   st=5 (應為 CMD=5)
[terrchk] 實戰 wrap：wade=0.00m slope=0.04 elev=-0.12m crater=false
[stress] 回合1 我方開火累計0 我方HP300 敵方HP1050 最近敵距56.0m
[stress] 回合2 我方開火累計0 我方HP300 敵方HP1050 最近敵距24.7m
[stress] 回合3 我方開火累計0 我方HP200 敵方HP1050 最近敵距10.2m
[stress] 回合4 我方開火累計2 我方HP200 敵方HP960 最近敵距31.8m
[stress] 回合5 我方開火累計2 我方HP200 敵方HP960 最近敵距10.9m
[stress] 回合6 我方開火累計3 我方HP11 敵方HP950 最近敵距4.3m
[stress] ch11 回合=7 我方存活=0 敵方存活=9 取樣=330 最差幀=77ms 結局=打完
[selftest] saved res://qa/stress_ch11_end.png
[stress] ch11 FAILS=0
[stress] DONE
