BATCH-20260805-001132
Godot Engine v4.7.1.stable.official.a13da4feb - https://godotengine.org
Vulkan 1.4.329 - Forward+ - Using Device #0: NVIDIA - NVIDIA GeForce RTX 5060 Laptop GPU

[GameData] nations=14 classes=11 maps=25 story=15
[test] 固定亂數種子 20260804（測試結果要可重現）
[stress] 1 主選單 → 劇情戰役
[stress] 2 章節 06
[stress] 3 簡報 → 出擊
[stress] 4 對話：連點推進 (st=3)
[diff] 地形加碼（×0.33）：彈坑 +2、工事 +2
[water] 深水圍欄 29 根樁（水深 > 1.05m 的邊界）
[poles] 桿=5 電線段=36
[edge] 剔除邊界帶障礙 0 個（安全帶 1.62m，深水圍欄不剔）
[rockmat] 型別=ORMMaterial3D albedo_tex=true normal_tex=true triplanar=true tint=(0.3166, 0.2986, 0.2575, 1.0)
[look] spawn mg side=0 player_side=1 mp=res://assets/models/chars/hr_m_Suit.fbx
[rig] mg 重定向骨對數=20
[look] spawn at side=0 player_side=1 mp=res://assets/models/chars/hr_m_Suit.fbx
[rig] at 重定向骨對數=20
[look] spawn sniper side=0 player_side=1 mp=res://assets/models/chars/hr_m_Suit.fbx
[rig] sniper 重定向骨對數=20
[look] spawn assault side=0 player_side=1 mp=res://assets/models/chars/hr_m_Suit.fbx
[rig] assault 重定向骨對數=20
[look] spawn rifleman side=0 player_side=1 mp=res://assets/models/chars/hr_m_Suit.fbx
[rig] rifleman 重定向骨對數=20
[look] spawn rifleman side=0 player_side=1 mp=res://assets/models/chars/hr_m_Suit.fbx
[rig] rifleman 重定向骨對數=20
[look] spawn engineer side=0 player_side=1 mp=res://assets/models/chars/hr_m_Suit.fbx
[rig] engineer 重定向骨對數=20
[diff] 敵方載具池：{ "land": ["tank"], "air": ["drone"] }（依作戰域輪流取：["land", "air"]）
[look] spawn tank side=0 player_side=1 mp=res://assets/models/chars/soldier.glb
[vehart] tank 引擎內切分砲塔：車體 27897 面／砲塔 15591 面（切面 46% 高）
[vehart] tank 用立繪生成模型（車體+砲塔，車長 6.2m，縮放 4.248，實體 8.1×3.1×2.4m）
[diff] 第 6 章：敵步兵 7、敵載具 1/1（實際/難度表）、掩體 0.34 集火 0.21 側翼 0.06 地形 0.33
[stress]   對話結束 st=4 (應為 DEPLOY=4)
[stress] 5 部署：點卡片 → 點藍框放置
[look] spawn sniper side=1 player_side=1 mp=res://assets/models/chars/hr_w_Swat.fbx
[rig] sniper 重定向骨對數=20
[look] spawn mg side=1 player_side=1 mp=res://assets/models/chars/hr_m_Adventurer.fbx
[rig] mg 重定向骨對數=20
[look] spawn rifleman side=1 player_side=1 mp=res://assets/models/chars/hr_m_Soldier.fbx
[rig] rifleman 重定向骨對數=20
[stress]   已部署數=3 OK
[stress] 6 開始戰鬥
[stress]   st=5 (應為 CMD=5)
[terrchk] 實戰 wrap：wade=0.00m slope=0.03 elev=0.31m crater=false
[veh] tank 頂著障礙空轉，停車改路 px=(326,677)
[weather] 回合 2 10:00 → 大雨
[stress] 回合1 我方開火累計0 我方HP300 敵方HP1330 最近敵距32.5m
[veh] tank 頂著障礙空轉，停車改路 px=(326,677)
[fire] rifleman(敵方) → sniper(我方) 距離 6.4m
[weather] 回合 3 10:00 → 濃霧
[stress] 回合2 我方開火累計0 我方HP300 敵方HP1330 最近敵距6.4m
[fire] sniper(我方) → rifleman(敵方) 距離 0.9m
[fire] mg(我方) → rifleman(敵方) 距離 0.7m
[veh] tank 頂著障礙空轉，停車改路 px=(326,677)
[fire] at(敵方) → sniper(我方) 距離 8.1m
[fire] sniper(敵方) → mg(我方) 距離 17.2m
[stress] 回合3 我方開火累計2 我方HP66 敵方HP1278 最近敵距0.7m
[fire] mg(我方) → rifleman(敵方) 距離 0.7m
[veh] tank 頂著障礙空轉，停車改路 px=(326,677)
[stress] 回合4 我方開火累計3 我方HP66 敵方HP1265 最近敵距0.7m
[fire] mg(我方) → rifleman(敵方) 距離 0.7m
[veh] tank 頂著障礙空轉，停車改路 px=(326,677)
[fire] rifleman(敵方) → mg(我方) 距離 8.6m
[weather] 回合 6 10:00 → 雨
[stress] 回合5 我方開火累計4 我方HP66 敵方HP1265 最近敵距0.7m
[fire] mg(我方) → rifleman(敵方) 距離 0.7m
[veh] tank 頂著障礙空轉，停車改路 px=(326,677)
[weather] 回合 7 10:00 → 濃霧
[stress] 回合6 我方開火累計5 我方HP66 敵方HP1230 最近敵距5.9m
[fire] mg(我方) → at(敵方) 距離 0.7m
[veh] tank 頂著障礙空轉，停車改路 px=(326,677)
[fire] assault(敵方) → mg(我方) 距離 4.9m
[stress] 回合7 我方開火累計6 我方HP55 敵方HP1230 最近敵距0.7m
[fire] mg(我方) → at(敵方) 距離 0.7m
[veh] tank 頂著障礙空轉，停車改路 px=(326,677)
[stress] 回合8 我方開火累計7 我方HP55 敵方HP1225 最近敵距0.7m
[fire] mg(我方) → at(敵方) 距離 0.7m
[veh] tank 頂著障礙空轉，停車改路 px=(326,677)
[fire] assault(敵方) → mg(我方) 距離 4.9m
[weather] 回合 10 10:00 → 雨
[stress] 回合9 我方開火累計8 我方HP44 敵方HP1225 最近敵距0.7m
[fire] mg(我方) → at(敵方) 距離 0.7m
[veh] tank 頂著障礙空轉，停車改路 px=(326,677)
[weather] 回合 11 10:00 → 濃霧
[stress] 回合10 我方開火累計9 我方HP44 敵方HP1217 最近敵距0.7m
[fire] mg(我方) → at(敵方) 距離 0.7m
[veh] tank 頂著障礙空轉，停車改路 px=(326,677)
[stress] 回合11 我方開火累計10 我方HP38 敵方HP1217 最近敵距0.7m
[fire] mg(我方) → at(敵方) 距離 0.7m
[veh] tank 頂著障礙空轉，停車改路 px=(326,677)
[fire] rifleman(敵方) → mg(我方) 距離 8.2m
[stress] 回合12 我方開火累計11 我方HP32 敵方HP1209 最近敵距0.7m
[stress] ch06 回合=12 我方存活=1 敵方存活=7 取樣=187 最差幀=156ms 結局=回合上限
[selftest] saved res://qa/stress_ch06_end.png
[stress] ch06 FAILS=0
[stress] DONE
