Godot Engine v4.7.1.stable.official.a13da4feb - https://godotengine.org
Vulkan 1.4.329 - Forward+ - Using Device #0: NVIDIA - NVIDIA GeForce RTX 5060 Laptop GPU

[GameData] nations=14 classes=17 maps=25 story=15
[stress] 1 主選單 → 劇情戰役
[stress] 2 章節 12
[stress] 3 簡報 → 出擊
[stress] 4 對話：連點推進 (st=3)
[diff] 地形加碼（×0.77）：彈坑 +5、工事 +4
[poles] 桿=8 電線段=84
[rig] mg 重定向骨對數=20
[rig] at 重定向骨對數=20
[rig] sniper 重定向骨對數=20
[rig] assault 重定向骨對數=20
[rig] rifleman 重定向骨對數=20
[rig] rifleman 重定向骨對數=20
[rig] engineer 重定向骨對數=20
[rig] mortar 重定向骨對數=20
[rig] specops 重定向骨對數=20
[rig] sam 重定向骨對數=20
ERROR: [diff] 第 12 章要出 3 台敵方載具，但這張圖沒有任何已解鎖的載具可選
   at: push_error (core/variant/variant_utility.cpp:1023)
   GDScript backtrace (most recent call first):
       [0] _ai_deploy (res://scripts/Main.gd:3887)
       [1] _open_deploy (res://scripts/Main.gd:3432)
       [2] <anonymous lambda> (res://scripts/Main.gd:3420)
       [3] _dlg_step (res://scripts/UI.gd:461)
       [4] _input (res://scripts/UI.gd:580)
       [5] _send_click (res://scripts/Main.gd:1607)
       [6] _boot_to_battle (res://scripts/Main.gd:1432)
[diff] 第 12 章：敵步兵 10、敵載具 3、掩體 0.61 集火 0.54 側翼 0.42 地形 0.77
[stress]   對話結束 st=4 (應為 DEPLOY=4)
[stress] 5 部署：點卡片 → 點藍框放置
[rig] sniper 重定向骨對數=20
[rig] mg 重定向骨對數=20
[rig] rifleman 重定向骨對數=20
[stress]   已部署數=3 OK
[stress] 6 開始戰鬥
[stress]   st=5 (應為 CMD=5)
[terrchk] 實戰 wrap：wade=0.00m slope=0.08 elev=0.21m crater=false
[weather] 回合 2 17:00 → 大雨
[stress] 回合1 我方開火累計0 我方HP300 敵方HP1050 最近敵距65.6m
[stress] 回合2 我方開火累計0 我方HP300 敵方HP1050 最近敵距46.0m
[stress] 回合3 我方開火累計0 我方HP300 敵方HP1050 最近敵距28.5m
[weather] 回合 5 20:00 → 晴
[stress] 回合4 我方開火累計0 我方HP300 敵方HP1050 最近敵距17.4m
[stress] 回合5 我方開火累計1 我方HP300 敵方HP1050 最近敵距10.1m
[stress] 回合6 我方開火累計2 我方HP300 敵方HP1050 最近敵距8.0m
[weather] 回合 8 17:00 → 雨
[stress] 回合7 我方開火累計3 我方HP300 敵方HP970 最近敵距8.1m
[stress] 回合8 我方開火累計4 我方HP300 敵方HP892 最近敵距9.5m
[stress] 回合9 我方開火累計5 我方HP300 敵方HP809 最近敵距13.3m
[weather] 回合 11 20:00 → 晴
[stress] 回合10 我方開火累計6 我方HP300 敵方HP728 最近敵距30.1m
[stress] 回合11 我方開火累計6 我方HP300 敵方HP728 最近敵距22.8m
[stress] 回合12 我方開火累計6 我方HP300 敵方HP728 最近敵距15.6m
[stress] ch12 回合=12 我方存活=3 敵方存活=9 取樣=532 最差幀=68ms 結局=回合上限
[selftest] saved res://qa/stress_ch12_end.png
[stress] ch12 FAILS=0
[stress] DONE
