BATCH-20260805-001132
Godot Engine v4.7.1.stable.official.a13da4feb - https://godotengine.org
Vulkan 1.4.329 - Forward+ - Using Device #0: NVIDIA - NVIDIA GeForce RTX 5060 Laptop GPU

[GameData] nations=14 classes=11 maps=25 story=15
[test] 固定亂數種子 20260804（測試結果要可重現）
[stress] 1 主選單 → 劇情戰役
[stress] 2 章節 09
[stress] 3 簡報 → 出擊
[stress] 4 對話：連點推進 (st=3)
[diff] 地形加碼（×0.55）：彈坑 +4、工事 +3
[water] 深水圍欄 90 根樁（水深 > 1.05m 的邊界）
[poles] 桿=6 電線段=48
[edge] 剔除邊界帶障礙 0 個（安全帶 1.62m，深水圍欄不剔）
[rockmat] 型別=ORMMaterial3D albedo_tex=true normal_tex=true triplanar=true tint=(0.6388, 0.5776, 0.4969, 1.0)
[look] spawn mg side=1 player_side=0 mp=res://assets/models/chars/hr_m_Suit.fbx
[rig] mg 重定向骨對數=20
[look] spawn at side=1 player_side=0 mp=res://assets/models/chars/hr_m_Suit.fbx
[rig] at 重定向骨對數=20
[look] spawn sniper side=1 player_side=0 mp=res://assets/models/chars/hr_m_Suit.fbx
[rig] sniper 重定向骨對數=20
[look] spawn assault side=1 player_side=0 mp=res://assets/models/chars/hr_m_Suit.fbx
[rig] assault 重定向骨對數=20
[look] spawn rifleman side=1 player_side=0 mp=res://assets/models/chars/hr_m_Suit.fbx
[rig] rifleman 重定向骨對數=20
[look] spawn rifleman side=1 player_side=0 mp=res://assets/models/chars/hr_m_Suit.fbx
[rig] rifleman 重定向骨對數=20
[look] spawn engineer side=1 player_side=0 mp=res://assets/models/chars/hr_m_Suit.fbx
[rig] engineer 重定向骨對數=20
[look] spawn mortar side=1 player_side=0 mp=res://assets/models/chars/hr_m_Suit.fbx
[rig] mortar 重定向骨對數=20
[diff] 敵方載具池：{ "land": ["tank"], "air": ["drone"] }（依作戰域輪流取：["land", "air"]）
[diff] tank 落點外移 80px（4m）找到合法地形（mob=tracked）
[look] spawn tank side=1 player_side=0 mp=res://assets/models/chars/soldier.glb
[vehart] tank 引擎內切分砲塔：車體 27897 面／砲塔 15591 面（切面 46% 高）
[vehart] tank 用立繪生成模型（車體+砲塔，車長 6.2m，縮放 4.248，實體 8.1×3.1×2.4m）
[look] spawn drone side=1 player_side=0 mp=res://assets/models/chars/soldier.glb
[diff] 第 9 章：敵步兵 8、敵載具 2/2（實際/難度表）、掩體 0.48 集火 0.37 側翼 0.24 地形 0.55
[stress]   對話結束 st=4 (應為 DEPLOY=4)
[stress] 5 部署：點卡片 → 點藍框放置
[look] spawn sniper side=0 player_side=0 mp=res://assets/models/chars/hr_w_Swat.fbx
[rig] sniper 重定向骨對數=20
[look] spawn mg side=0 player_side=0 mp=res://assets/models/chars/hr_m_Adventurer.fbx
[rig] mg 重定向骨對數=20
[look] spawn rifleman side=0 player_side=0 mp=res://assets/models/chars/hr_m_Soldier.fbx
[rig] rifleman 重定向骨對數=20
[stress]   已部署數=3 OK
[stress] 6 開始戰鬥
[stress]   st=5 (應為 CMD=5)
[terrchk] 實戰 wrap：wade=0.00m slope=0.10 elev=0.16m crater=false
[fire] sniper(我方) → rifleman(敵方) 距離 0.8m
[fire] mg(我方) → rifleman(敵方) 距離 0.7m
[fire] rifleman(我方) → assault(敵方) 距離 0.8m
[fire] rifleman(敵方) → sniper(我方) 距離 4.5m
[weather] 回合 2 11:00 → 晴
[stress] 回合1 我方開火累計3 我方HP228 敵方HP1260 最近敵距0.7m
[fire] sniper(我方) → rifleman(敵方) 距離 0.7m
[fire] mg(我方) → rifleman(敵方) 距離 0.7m
[fire] rifleman(我方) → rifleman(敵方) 距離 0.7m
[fire] engineer(敵方) → rifleman(我方) 距離 4.2m
[fire] mortar(敵方) → rifleman(我方) 距離 3.9m
[stress] 回合2 我方開火累計6 我方HP108 敵方HP1176 最近敵距0.7m
[fire] mg(我方) → rifleman(敵方) 距離 0.7m
[fire] rifleman(我方) → rifleman(敵方) 距離 0.7m
[fire] rifleman(敵方) → rifleman(我方) 距離 1.3m
[fire] mortar(敵方) → mg(我方) 距離 5.5m
[weather] 回合 4 10:00 → 濃霧
[stress] 回合3 我方開火累計8 我方HP93 敵方HP1128 最近敵距2.3m
[fire] mg(我方) → at(敵方) 距離 0.8m
[fire] drone(敵方) → mg(我方) 距離 6.8m
[fire] engineer(敵方) → mg(我方) 距離 6.3m
[weather] 回合 5 11:00 → 晴
[stress] 回合4 我方開火累計9 我方HP93 敵方HP1092 最近敵距0.8m
[fire] mg(我方) → at(敵方) 距離 0.7m
[fire] engineer(敵方) → mg(我方) 距離 6.4m
[fire] rifleman(敵方) → mg(我方) 距離 6.4m
[stress] 回合5 我方開火累計10 我方HP65 敵方HP1067 最近敵距0.7m
[fire] mg(我方) → at(敵方) 距離 0.7m
[fire] engineer(敵方) → mg(我方) 距離 6.2m
[weather] 回合 7 10:00 → 濃霧
[stress] 回合6 我方開火累計11 我方HP65 敵方HP1060 最近敵距0.7m
[fire] mg(我方) → at(敵方) 距離 0.7m
[fire] engineer(敵方) → mg(我方) 距離 6.6m
[fire] rifleman(敵方) → mg(我方) 距離 6.2m
[weather] 回合 8 11:00 → 晴
[stress] 回合7 我方開火累計12 我方HP48 敵方HP1047 最近敵距0.7m
[fire] mg(我方) → at(敵方) 距離 0.7m
[fire] drone(敵方) → mg(我方) 距離 10.5m
[fire] rifleman(敵方) → mg(我方) 距離 6.5m
[fire] engineer(敵方) → mg(我方) 距離 6.5m
[stress] 回合8 我方開火累計13 我方HP48 敵方HP1018 最近敵距0.7m
[fire] mg(我方) → at(敵方) 距離 0.7m
[fire] at(敵方) → mg(我方) 距離 1.5m
[stress] 回合9 我方開火累計14 我方HP0 敵方HP1011 最近敵距50000000000000000.0m
[stress] ch09 回合=9 我方存活=0 敵方存活=7 取樣=22 最差幀=57ms 結局=打完
[selftest] saved res://qa/stress_ch09_end.png
[stress] ch09 FAILS=0
[stress] DONE
