BATCH-20260802-111331
Godot Engine v4.7.1.stable.official.a13da4feb - https://godotengine.org
Vulkan 1.4.329 - Forward+ - Using Device #0: NVIDIA - NVIDIA GeForce RTX 5060 Laptop GPU

[GameData] nations=14 classes=17 maps=25 story=15
[stress] 1 主選單 → 劇情戰役
[stress] 2 章節 07
[stress] 3 簡報 → 出擊
[stress] 4 對話：連點推進 (st=3)
[diff] 地形加碼（×0.40）：彈坑 +3、工事 +2
[water] 深水圍欄 112 根樁（水深 > 1.05m 的邊界）
[poles] 桿=9 電線段=72
[edge] 剔除邊界帶障礙 0 個（安全帶 1.62m，深水圍欄不剔）
[city] 街廓建築 68 棟、網格 3 種
[look] spawn mg side=1 player_side=0 mp=res://assets/models/chars/hr_m_Suit.fbx
[rig] mg 重定向骨對數=20
[look] spawn at side=1 player_side=0 mp=res://assets/models/chars/hr_m_Suit.fbx
[rig] at 重定向骨對數=20
[look] spawn sniper side=1 player_side=0 mp=res://assets/models/chars/hr_m_Suit.fbx
[rig] sniper 重定向骨對數=20
[look] spawn assault side=1 player_side=0 mp=res://assets/models/chars/hr_m_Suit.fbx
[rig] assault 重定向骨對數=20
[look] spawn rifleman side=1 player_side=0 mp=res://assets/models/chars/hr_m_Suit.fbx
[rig] rifleman 重定向骨對數=20
[look] spawn rifleman side=1 player_side=0 mp=res://assets/models/chars/hr_m_Suit.fbx
[rig] rifleman 重定向骨對數=20
[look] spawn engineer side=1 player_side=0 mp=res://assets/models/chars/hr_m_Suit.fbx
[rig] engineer 重定向骨對數=20
[diff] tank 落點外移 40px 找到合法地形（mob=tracked）
[look] spawn tank side=1 player_side=0 mp=res://assets/models/chars/soldier.glb
[vehart] tank 用立繪生成模型（車體+砲塔，車長 6.2m，縮放 3.107）
[diff] 第 7 章：敵步兵 7、敵載具 1/1（實際/難度表）、掩體 0.39 集火 0.26 側翼 0.12 地形 0.40
[stress]   對話結束 st=4 (應為 DEPLOY=4)
[stress] 5 部署：點卡片 → 點藍框放置
[look] spawn sniper side=0 player_side=0 mp=res://assets/models/chars/hr_w_Swat.fbx
[rig] sniper 重定向骨對數=20
[look] spawn mg side=0 player_side=0 mp=res://assets/models/chars/hr_m_Adventurer.fbx
[rig] mg 重定向骨對數=20
[look] spawn rifleman side=0 player_side=0 mp=res://assets/models/chars/hr_m_Soldier.fbx
[rig] rifleman 重定向骨對數=20
[stress]   已部署數=3 OK
[stress] 6 開始戰鬥
[stress]   st=5 (應為 CMD=5)
[terrchk] 實戰 wrap：wade=0.00m slope=0.02 elev=-0.06m crater=false
[stress] 回合1 我方開火累計0 我方HP300 敵方HP1330 最近敵距40.4m
[stress] 回合2 我方開火累計0 我方HP300 敵方HP1330 最近敵距22.4m
[stress] 回合3 我方開火累計1 我方HP300 敵方HP1330 最近敵距14.2m
[stress] 回合4 我方開火累計3 我方HP300 敵方HP1250 最近敵距8.9m
[stress] 回合5 我方開火累計6 我方HP284 敵方HP1136 最近敵距7.9m
[stress] 回合6 我方開火累計7 我方HP284 敵方HP1095 最近敵距28.5m
[stress] 回合7 我方開火累計7 我方HP284 敵方HP1095 最近敵距21.5m
[stress] 回合8 我方開火累計7 我方HP220 敵方HP1095 最近敵距16.9m
[stress] 回合9 我方開火累計7 我方HP220 敵方HP1095 最近敵距16.9m
[stress] 回合10 我方開火累計7 我方HP220 敵方HP1095 最近敵距16.9m
[stress] 回合11 我方開火累計7 我方HP220 敵方HP1095 最近敵距16.9m
[stress] 回合12 我方開火累計7 我方HP220 敵方HP1095 最近敵距16.9m
[stress] ch07 回合=12 我方存活=2 敵方存活=7 取樣=408 最差幀=94ms 結局=回合上限
[selftest] saved res://qa/stress_ch07_end.png
[stress] ch07 FAILS=0
[stress] DONE
