Godot Engine v4.7.1.stable.official.a13da4feb - https://godotengine.org
Vulkan 1.4.329 - Forward+ - Using Device #0: NVIDIA - NVIDIA GeForce RTX 5060 Laptop GPU

[GameData] nations=14 classes=17 maps=25 story=15
[stress] 1 主選單 → 劇情戰役
[stress] 2 章節 10
[stress] 3 簡報 → 出擊
[stress] 4 對話：連點推進 (st=3)
[diff] 地形加碼（×0.62）：彈坑 +4、工事 +3
[water] 深水圍欄 94 根樁（水深 > 1.05m 的邊界）
[poles] 桿=10 電線段=108
[rig] mg 重定向骨對數=20
[rig] at 重定向骨對數=20
[rig] sniper 重定向骨對數=20
[rig] assault 重定向骨對數=20
[rig] rifleman 重定向骨對數=20
[rig] rifleman 重定向骨對數=20
[rig] engineer 重定向骨對數=20
[rig] mortar 重定向骨對數=20
[rig] specops 重定向骨對數=20
ERROR: [diff] 第 10 章要出 2 台敵方載具，但這張圖沒有任何已解鎖的載具可選
   at: push_error (core/variant/variant_utility.cpp:1023)
   GDScript backtrace (most recent call first):
       [0] _ai_deploy (res://scripts/Main.gd:3887)
       [1] _open_deploy (res://scripts/Main.gd:3432)
       [2] <anonymous lambda> (res://scripts/Main.gd:3420)
       [3] _dlg_step (res://scripts/UI.gd:461)
       [4] _input (res://scripts/UI.gd:580)
       [5] _send_click (res://scripts/Main.gd:1607)
       [6] _boot_to_battle (res://scripts/Main.gd:1432)
[diff] 第 10 章：敵步兵 9、敵載具 2、掩體 0.53 集火 0.43 側翼 0.30 地形 0.62
[stress]   對話結束 st=4 (應為 DEPLOY=4)
[stress] 5 部署：點卡片 → 點藍框放置
[rig] sniper 重定向骨對數=20
[rig] mg 重定向骨對數=20
[rig] rifleman 重定向骨對數=20
[stress]   已部署數=3 OK
[stress] 6 開始戰鬥
[stress]   st=5 (應為 CMD=5)
[terrchk] 實戰 wrap：wade=0.00m slope=0.08 elev=0.05m crater=false
[weather] 回合 2 23:00 → 晴
[stress] 回合1 我方開火累計0 我方HP300 敵方HP930 最近敵距49.7m
[weather] 回合 3 22:00 → 濃霧
[stress] 回合2 我方開火累計0 我方HP300 敵方HP930 最近敵距35.6m
[weather] 回合 4 23:00 → 晴
[stress] 回合3 我方開火累計0 我方HP300 敵方HP930 最近敵距31.1m
[weather] 回合 5 22:00 → 濃霧
[stress] 回合4 我方開火累計0 我方HP300 敵方HP930 最近敵距31.1m
[weather] 回合 6 23:00 → 晴
[stress] 回合5 我方開火累計0 我方HP300 敵方HP930 最近敵距31.1m
[weather] 回合 7 22:00 → 濃霧
[stress] 回合6 我方開火累計0 我方HP300 敵方HP930 最近敵距31.1m
[weather] 回合 8 23:00 → 晴
[stress] 回合7 我方開火累計0 我方HP300 敵方HP930 最近敵距31.1m
[weather] 回合 9 22:00 → 濃霧
[stress] 回合8 我方開火累計0 我方HP300 敵方HP930 最近敵距31.1m
[weather] 回合 10 23:00 → 晴
[stress] 回合9 我方開火累計0 我方HP300 敵方HP930 最近敵距31.1m
[weather] 回合 11 22:00 → 濃霧
[stress] 回合10 我方開火累計0 我方HP300 敵方HP930 最近敵距31.1m
[weather] 回合 12 23:00 → 晴
[stress] 回合11 我方開火累計0 我方HP300 敵方HP930 最近敵距29.6m
[weather] 回合 13 22:00 → 濃霧
[stress] 回合12 我方開火累計0 我方HP300 敵方HP930 最近敵距27.4m
[stress] ch10 回合=12 我方存活=3 敵方存活=9 取樣=444 最差幀=79ms 結局=回合上限
[selftest] saved res://qa/stress_ch10_end.png
[stress] ch10 FAILS=0
[stress] DONE
