Godot Engine v4.7.1.stable.official.a13da4feb - https://godotengine.org
Vulkan 1.4.329 - Forward+ - Using Device #0: NVIDIA - NVIDIA GeForce RTX 5060 Laptop GPU

[GameData] nations=14 classes=17 maps=25 story=15
[stress] 1 主選單 → 劇情戰役
[stress] 2 章節 01
[stress] 3 簡報 → 出擊
[stress] 4 對話：連點推進 (st=3)
[water] 深水圍欄 68 根樁（水深 > 1.05m 的邊界）
[rig] mg 重定向骨對數=20
[rig] at 重定向骨對數=20
[rig] sniper 重定向骨對數=20
[diff] 第 1 章：敵步兵 3、敵載具 0、掩體 0.00 集火 0.00 側翼 0.00 地形 0.00
[stress]   對話結束 st=4 (應為 DEPLOY=4)
[stress] 5 部署：點卡片 → 點藍框放置
[rig] sniper 重定向骨對數=20
[rig] rifleman 重定向骨對數=20
[rig] engineer 重定向骨對數=20
[stress]   已部署數=3 OK
[stress] 6 開始戰鬥
[stress]   st=5 (應為 CMD=5)
[terrchk] 實戰 wrap：wade=0.00m slope=0.13 elev=0.13m crater=false
[stress] ch01 回合=12 我方存活=3 敵方存活=3 取樣=433 最差幀=30ms 結局=回合上限
[selftest] saved res://qa/stress_ch01_end.png
[stress] ch01 FAILS=0
[stress] DONE
