BATCH-20260801-202601
Godot Engine v4.7.1.stable.official.a13da4feb - https://godotengine.org
Vulkan 1.4.329 - Forward+ - Using Device #0: NVIDIA - NVIDIA GeForce RTX 5060 Laptop GPU

[GameData] nations=14 classes=17 maps=25 story=15
[stress] 1 主選單 → 劇情戰役
[stress] 2 章節 02
[stress] 3 簡報 → 出擊
[stress] 4 對話：連點推進 (st=3)
[water] 這張圖沒有深過 1.05m 的水，不需要深水圍欄
[poles] 桿=2 電線段=0
[edgeclr] 邊界帶內丟棄障礙 0 個（帶寬 1.6m，深水圍欄不丟）
[look] spawn mg side=1 player_side=0 mp=res://assets/models/chars/hr_m_Suit.fbx
[rig] mg 重定向骨對數=20
[look] spawn at side=1 player_side=0 mp=res://assets/models/chars/hr_m_Suit.fbx
[rig] at 重定向骨對數=20
[look] spawn sniper side=1 player_side=0 mp=res://assets/models/chars/hr_m_Suit.fbx
[rig] sniper 重定向骨對數=20
[diff] 第 2 章：敵步兵 3、敵載具 0、掩體 0.00 集火 0.00 側翼 0.00 地形 0.00
[stress]   對話結束 st=4 (應為 DEPLOY=4)
[stress] 5 部署：點卡片 → 點藍框放置
[look] spawn sniper side=0 player_side=0 mp=res://assets/models/chars/hr_w_Swat.fbx
[rig] sniper 重定向骨對數=20
[look] spawn mg side=0 player_side=0 mp=res://assets/models/chars/hr_m_Adventurer.fbx
[rig] mg 重定向骨對數=20
[look] spawn rifleman side=0 player_side=0 mp=res://assets/models/chars/hr_m_Soldier.fbx
[rig] rifleman 重定向骨對數=20
[stress]   已部署數=3 OK
[stress] 6 開始戰鬥
[stress]   st=5 (應為 CMD=5)
[terrchk] 實戰 wrap：wade=0.00m slope=0.11 elev=0.02m crater=false
[stress] 回合1 我方開火累計0 我方HP300 敵方HP310 最近敵距45.6m
[stress] 回合2 我方開火累計0 我方HP300 敵方HP310 最近敵距20.6m
[stress] 回合3 我方開火累計1 我方HP221 敵方HP232 最近敵距17.2m
[stress] 回合4 我方開火累計2 我方HP221 敵方HP152 最近敵距19.3m
[stress] 回合5 我方開火累計3 我方HP221 敵方HP120 最近敵距24.5m
[stress] 回合6 我方開火累計3 我方HP221 敵方HP120 最近敵距17.0m
[stress] 回合7 我方開火累計3 我方HP221 敵方HP120 最近敵距9.9m
[stress] 回合8 我方開火累計5 我方HP134 敵方HP0 最近敵距50000000000000000.0m
[stress] ch02 回合=8 我方存活=2 敵方存活=0 取樣=432 最差幀=15ms 結局=打完
[selftest] saved res://qa/stress_ch02_end.png
[stress] ch02 FAILS=0
[stress] DONE
