Godot Engine v4.7.1.stable.official.a13da4feb - https://godotengine.org
Vulkan 1.4.329 - Forward+ - Using Device #0: NVIDIA - NVIDIA GeForce RTX 5060 Laptop GPU

[GameData] nations=14 classes=17 maps=25 story=15
[stress] 1 主選單 → 劇情戰役
[stress] 2 章節 13
[stress] 3 簡報 → 出擊
[stress] 4 對話：連點推進 (st=3)
[diff] 地形加碼（×0.85）：彈坑 +6、工事 +4
[water] 深水圍欄 74 根樁（水深 > 1.05m 的邊界）
[poles] 桿=6 電線段=60
[edge] 剔除邊界帶障礙 1 個（安全帶 1.62m）
[edgeclr] 邊界帶內丟棄障礙 0 個（帶寬 1.6m，深水圍欄不丟）
ERROR: UVs are required to generate tangents.
   at: generate_tangents (scene/resources/surface_tool.cpp:1157)
   GDScript backtrace (most recent call first):
       [0] build_rock_protos (res://scripts/Trees.gd:253)
       [1] _scatter_rocks (res://scripts/Main.gd:7161)
       [2] _scatter_trees (res://scripts/Main.gd:7865)
       [3] _build_ground (res://scripts/Main.gd:7007)
       [4] _open_deploy (res://scripts/Main.gd:3824)
       [5] <anonymous lambda> (res://scripts/Main.gd:3814)
       [6] _dlg_step (res://scripts/UI.gd:461)
       [7] _input (res://scripts/UI.gd:580)
       [8] _send_click (res://scripts/Main.gd:2001)
       [9] _boot_to_battle (res://scripts/Main.gd:1826)
ERROR: UVs are required to generate tangents.
   at: generate_tangents (scene/resources/surface_tool.cpp:1157)
   GDScript backtrace (most recent call first):
       [0] build_rock_protos (res://scripts/Trees.gd:253)
       [1] _scatter_rocks (res://scripts/Main.gd:7161)
       [2] _scatter_trees (res://scripts/Main.gd:7865)
       [3] _build_ground (res://scripts/Main.gd:7007)
       [4] _open_deploy (res://scripts/Main.gd:3824)
       [5] <anonymous lambda> (res://scripts/Main.gd:3814)
       [6] _dlg_step (res://scripts/UI.gd:461)
       [7] _input (res://scripts/UI.gd:580)
       [8] _send_click (res://scripts/Main.gd:2001)
       [9] _boot_to_battle (res://scripts/Main.gd:1826)
ERROR: UVs are required to generate tangents.
   at: generate_tangents (scene/resources/surface_tool.cpp:1157)
   GDScript backtrace (most recent call first):
       [0] build_rock_protos (res://scripts/Trees.gd:253)
       [1] _scatter_rocks (res://scripts/Main.gd:7161)
       [2] _scatter_trees (res://scripts/Main.gd:7865)
       [3] _build_ground (res://scripts/Main.gd:7007)
       [4] _open_deploy (res://scripts/Main.gd:3824)
       [5] <anonymous lambda> (res://scripts/Main.gd:3814)
       [6] _dlg_step (res://scripts/UI.gd:461)
       [7] _input (res://scripts/UI.gd:580)
       [8] _send_click (res://scripts/Main.gd:2001)
       [9] _boot_to_battle (res://scripts/Main.gd:1826)
ERROR: UVs are required to generate tangents.
   at: generate_tangents (scene/resources/surface_tool.cpp:1157)
   GDScript backtrace (most recent call first):
       [0] build_rock_protos (res://scripts/Trees.gd:253)
       [1] _scatter_rocks (res://scripts/Main.gd:7161)
       [2] _scatter_trees (res://scripts/Main.gd:7865)
       [3] _build_ground (res://scripts/Main.gd:7007)
       [4] _open_deploy (res://scripts/Main.gd:3824)
       [5] <anonymous lambda> (res://scripts/Main.gd:3814)
       [6] _dlg_step (res://scripts/UI.gd:461)
       [7] _input (res://scripts/UI.gd:580)
       [8] _send_click (res://scripts/Main.gd:2001)
       [9] _boot_to_battle (res://scripts/Main.gd:1826)
ERROR: UVs are required to generate tangents.
   at: generate_tangents (scene/resources/surface_tool.cpp:1157)
   GDScript backtrace (most recent call first):
       [0] build_rock_protos (res://scripts/Trees.gd:253)
       [1] _scatter_rocks (res://scripts/Main.gd:7161)
       [2] _scatter_trees (res://scripts/Main.gd:7865)
       [3] _build_ground (res://scripts/Main.gd:7007)
       [4] _open_deploy (res://scripts/Main.gd:3824)
       [5] <anonymous lambda> (res://scripts/Main.gd:3814)
       [6] _dlg_step (res://scripts/UI.gd:461)
       [7] _input (res://scripts/UI.gd:580)
       [8] _send_click (res://scripts/Main.gd:2001)
       [9] _boot_to_battle (res://scripts/Main.gd:1826)
[rockmat] 型別=ORMMaterial3D albedo_tex=true normal_tex=true triplanar=true tint=(0.6388, 0.5776, 0.4969, 1.0)
[look] spawn mg side=1 player_side=0 mp=res://assets/models/chars/hr_m_Suit.fbx
[rig] mg 重定向骨對數=20
[look] spawn at side=1 player_side=0 mp=res://assets/models/chars/hr_m_Suit.fbx
[rig] at 重定向骨對數=20
[look] spawn sniper side=1 player_side=0 mp=res://assets/models/chars/hr_m_Suit.fbx
[rig] sniper 重定向骨對數=20
[look] spawn assault side=1 player_side=0 mp=res://assets/models/chars/hr_m_Suit.fbx
[rig] assault 重定向骨對數=20
[look] spawn rifleman side=1 player_side=0 mp=res://assets/models/chars/hr_m_Suit.fbx
[rig] rifleman 重定向骨對數=20
[look] spawn rifleman side=1 player_side=0 mp=res://assets/models/chars/hr_m_Suit.fbx
[rig] rifleman 重定向骨對數=20
[look] spawn engineer side=1 player_side=0 mp=res://assets/models/chars/hr_m_Suit.fbx
[rig] engineer 重定向骨對數=20
[look] spawn mortar side=1 player_side=0 mp=res://assets/models/chars/hr_m_Suit.fbx
[rig] mortar 重定向骨對數=20
[look] spawn specops side=1 player_side=0 mp=res://assets/models/chars/hr_m_Suit.fbx
[rig] specops 重定向骨對數=20
[look] spawn sam side=1 player_side=0 mp=res://assets/models/chars/hr_m_Suit.fbx
[rig] sam 重定向骨對數=20
[look] spawn rifleman side=1 player_side=0 mp=res://assets/models/chars/hr_m_Suit.fbx
[rig] rifleman 重定向骨對數=20
ERROR: [diff] 第 13 章要出 3 台敵方載具，但這張圖沒有任何已解鎖的載具可選
   at: push_error (core/variant/variant_utility.cpp:1023)
   GDScript backtrace (most recent call first):
       [0] _ai_deploy (res://scripts/Main.gd:4282)
       [1] _open_deploy (res://scripts/Main.gd:3826)
       [2] <anonymous lambda> (res://scripts/Main.gd:3814)
       [3] _dlg_step (res://scripts/UI.gd:461)
       [4] _input (res://scripts/UI.gd:580)
       [5] _send_click (res://scripts/Main.gd:2001)
       [6] _boot_to_battle (res://scripts/Main.gd:1826)
[diff] 第 13 章：敵步兵 11、敵載具 3、掩體 0.66 集火 0.59 側翼 0.48 地形 0.85
[stress]   對話結束 st=4 (應為 DEPLOY=4)
[stress] 5 部署：點卡片 → 點藍框放置
[look] spawn sniper side=0 player_side=0 mp=res://assets/models/chars/hr_w_Swat.fbx
[rig] sniper 重定向骨對數=20
[look] spawn mg side=0 player_side=0 mp=res://assets/models/chars/hr_m_Adventurer.fbx
[rig] mg 重定向骨對數=20
[look] spawn rifleman side=0 player_side=0 mp=res://assets/models/chars/hr_m_Soldier.fbx
[rig] rifleman 重定向骨對數=20
[stress]   已部署數=3 OK
[stress] 6 開始戰鬥
[stress]   st=5 (應為 CMD=5)
[terrchk] 實戰 wrap：wade=0.00m slope=0.02 elev=-0.00m crater=false
[stress] 回合1 我方開火累計0 我方HP300 敵方HP1150 最近敵距41.3m
[stress] 回合2 我方開火累計0 我方HP300 敵方HP1150 最近敵距22.5m
[weather] 回合 4 10:00 → 濃霧
[stress] 回合3 我方開火累計0 我方HP300 敵方HP1150 最近敵距18.2m
[stress] 回合4 我方開火累計2 我方HP240 敵方HP1040 最近敵距5.4m
[stress] 回合5 我方開火累計5 我方HP190 敵方HP1020 最近敵距2.6m
[stress] 回合6 我方開火累計7 我方HP174 敵方HP917 最近敵距0.7m
[weather] 回合 8 14:00 → 晴
[stress] 回合7 我方開火累計9 我方HP130 敵方HP847 最近敵距0.7m
[stress] 回合8 我方開火累計10 我方HP40 敵方HP832 最近敵距0.7m
[weather] 回合 10 10:00 → 雨
[stress] 回合9 我方開火累計11 我方HP40 敵方HP817 最近敵距0.7m
[stress] 回合10 我方開火累計12 我方HP40 敵方HP757 最近敵距6.4m
[stress] 回合11 我方開火累計13 我方HP10 敵方HP667 最近敵距14.5m
[weather] 回合 13 10:00 → 濃霧
[stress] 回合12 我方開火累計14 我方HP10 敵方HP645 最近敵距6.9m
[stress] ch13 回合=12 我方存活=1 敵方存活=8 取樣=382 最差幀=64ms 結局=回合上限
[selftest] saved res://qa/stress_ch13_end.png
[stress] ch13 FAILS=0
[stress] DONE
