BATCH-20260802-111331
Godot Engine v4.7.1.stable.official.a13da4feb - https://godotengine.org
Vulkan 1.4.329 - Forward+ - Using Device #0: NVIDIA - NVIDIA GeForce RTX 5060 Laptop GPU

[GameData] nations=14 classes=17 maps=25 story=15
[stress] 1 主選單 → 劇情戰役
[stress] 2 章節 04
[stress] 3 簡報 → 出擊
[stress] 4 對話：連點推進 (st=3)
[diff] 地形加碼（×0.15）：彈坑 +1、工事 +1
[poles] 桿=0 電線段=0
[edge] 剔除邊界帶障礙 0 個（安全帶 1.62m，深水圍欄不剔）
[city] 街廓建築 68 棟、網格 3 種
[look] spawn mg side=1 player_side=0 mp=res://assets/models/chars/hr_m_Suit.fbx
[rig] mg 重定向骨對數=20
[look] spawn at side=1 player_side=0 mp=res://assets/models/chars/hr_m_Suit.fbx
[rig] at 重定向骨對數=20
[look] spawn sniper side=1 player_side=0 mp=res://assets/models/chars/hr_m_Suit.fbx
[rig] sniper 重定向骨對數=20
[look] spawn assault side=1 player_side=0 mp=res://assets/models/chars/hr_m_Suit.fbx
[rig] assault 重定向骨對數=20
[look] spawn rifleman side=1 player_side=0 mp=res://assets/models/chars/hr_m_Suit.fbx
[rig] rifleman 重定向骨對數=20
[diff] 第 4 章：敵步兵 5、敵載具 0/0（實際/難度表）、掩體 0.20 集火 0.00 側翼 0.00 地形 0.15
[stress]   對話結束 st=4 (應為 DEPLOY=4)
[stress] 5 部署：點卡片 → 點藍框放置
[look] spawn sniper side=0 player_side=0 mp=res://assets/models/chars/hr_w_Swat.fbx
[rig] sniper 重定向骨對數=20
[look] spawn mg side=0 player_side=0 mp=res://assets/models/chars/hr_m_Adventurer.fbx
[rig] mg 重定向骨對數=20
[look] spawn rifleman side=0 player_side=0 mp=res://assets/models/chars/hr_m_Soldier.fbx
[rig] rifleman 重定向骨對數=20
[stress]   已部署數=3 OK
[stress] 6 開始戰鬥
[stress]   st=5 (應為 CMD=5)
[terrchk] 實戰 wrap：wade=0.00m slope=0.03 elev=-0.04m crater=false
[stress] 回合1 我方開火累計0 我方HP300 敵方HP540 最近敵距16.5m
[stress] 回合2 我方開火累計3 我方HP289 敵方HP475 最近敵距4.9m
[stress] 回合3 我方開火累計6 我方HP227 敵方HP475 最近敵距0.7m
[stress] 回合4 我方開火累計9 我方HP201 敵方HP466 最近敵距0.7m
[stress] 回合5 我方開火累計12 我方HP173 敵方HP440 最近敵距0.7m
[stress] 回合6 我方開火累計14 我方HP156 敵方HP440 最近敵距0.7m
[stress] 回合7 我方開火累計16 我方HP146 敵方HP388 最近敵距0.7m
[weather] 回合 9 10:00 → 雨
[stress] 回合8 我方開火累計18 我方HP133 敵方HP310 最近敵距1.5m
[weather] 回合 10 11:00 → 晴
[stress] 回合9 我方開火累計20 我方HP133 敵方HP310 最近敵距0.7m
[stress] 回合10 我方開火累計22 我方HP133 敵方HP303 最近敵距0.7m
[stress] 回合11 我方開火累計24 我方HP133 敵方HP281 最近敵距0.7m
[stress] 回合12 我方開火累計26 我方HP133 敵方HP259 最近敵距0.7m
[stress] ch04 回合=12 我方存活=2 敵方存活=3 取樣=129 最差幀=57ms 結局=回合上限
[selftest] saved res://qa/stress_ch04_end.png
[stress] ch04 FAILS=0
[stress] DONE
