BATCH-20260805-001132
Godot Engine v4.7.1.stable.official.a13da4feb - https://godotengine.org
Vulkan 1.4.329 - Forward+ - Using Device #0: NVIDIA - NVIDIA GeForce RTX 5060 Laptop GPU

[GameData] nations=14 classes=11 maps=25 story=15
[test] 固定亂數種子 20260804（測試結果要可重現）
[stress] 1 主選單 → 劇情戰役
[stress] 2 章節 15
[stress] 3 簡報 → 出擊
[stress] 4 對話：連點推進 (st=3)
[diff] 地形加碼（×1.00）：彈坑 +7、工事 +5
[poles] 桿=4 電線段=36
[edge] 剔除邊界帶障礙 0 個（安全帶 1.62m，深水圍欄不剔）
[city] 街廓建築 68 棟、網格 3 種
[look] spawn mg side=1 player_side=0 mp=res://assets/models/chars/hr_m_Suit.fbx
[rig] mg 重定向骨對數=20
[look] spawn at side=1 player_side=0 mp=res://assets/models/chars/hr_m_Suit.fbx
[rig] at 重定向骨對數=20
[look] spawn sniper side=1 player_side=0 mp=res://assets/models/chars/hr_m_Suit.fbx
[rig] sniper 重定向骨對數=20
[look] spawn assault side=1 player_side=0 mp=res://assets/models/chars/hr_m_Suit.fbx
[rig] assault 重定向骨對數=20
[look] spawn rifleman side=1 player_side=0 mp=res://assets/models/chars/hr_m_Suit.fbx
[rig] rifleman 重定向骨對數=20
[look] spawn rifleman side=1 player_side=0 mp=res://assets/models/chars/hr_m_Suit.fbx
[rig] rifleman 重定向骨對數=20
[look] spawn engineer side=1 player_side=0 mp=res://assets/models/chars/hr_m_Suit.fbx
[rig] engineer 重定向骨對數=20
[look] spawn mortar side=1 player_side=0 mp=res://assets/models/chars/hr_m_Suit.fbx
[rig] mortar 重定向骨對數=20
[look] spawn specops side=1 player_side=0 mp=res://assets/models/chars/hr_m_Suit.fbx
[rig] specops 重定向骨對數=20
[look] spawn sam side=1 player_side=0 mp=res://assets/models/chars/hr_m_Suit.fbx
[rig] sam 重定向骨對數=20
[look] spawn rifleman side=1 player_side=0 mp=res://assets/models/chars/hr_m_Suit.fbx
[rig] rifleman 重定向骨對數=20
[look] spawn assault side=1 player_side=0 mp=res://assets/models/chars/hr_m_Suit.fbx
[rig] assault 重定向骨對數=20
[diff] 敵方載具池：{ "land": ["tank"], "air": ["drone"] }（依作戰域輪流取：["land", "air"]）
[look] spawn tank side=1 player_side=0 mp=res://assets/models/chars/soldier.glb
[vehart] tank 引擎內切分砲塔：車體 27897 面／砲塔 15591 面（切面 46% 高）
[vehart] tank 用立繪生成模型（車體+砲塔，車長 6.2m，縮放 4.248，實體 8.1×3.1×2.4m）
[look] spawn drone side=1 player_side=0 mp=res://assets/models/chars/soldier.glb
[diff] tank 落點外移 40px（2m）找到合法地形（mob=tracked）
[look] spawn tank side=1 player_side=0 mp=res://assets/models/chars/soldier.glb
[vehart] tank 引擎內切分砲塔：車體 27897 面／砲塔 15591 面（切面 46% 高）
[vehart] tank 用立繪生成模型（車體+砲塔，車長 6.2m，縮放 4.248，實體 8.1×3.1×2.4m）
[diff] 第 15 章：敵步兵 12、敵載具 3/3（實際/難度表）、掩體 0.75 集火 0.70 側翼 0.60 地形 1.00
[stress]   對話結束 st=4 (應為 DEPLOY=4)
[stress] 5 部署：點卡片 → 點藍框放置
[look] spawn sniper side=0 player_side=0 mp=res://assets/models/chars/hr_w_Swat.fbx
[rig] sniper 重定向骨對數=20
[look] spawn mg side=0 player_side=0 mp=res://assets/models/chars/hr_m_Adventurer.fbx
[rig] mg 重定向骨對數=20
[look] spawn rifleman side=0 player_side=0 mp=res://assets/models/chars/hr_m_Soldier.fbx
[rig] rifleman 重定向骨對數=20
[stress]   已部署數=3 OK
[stress] 6 開始戰鬥
[stress]   st=5 (應為 CMD=5)
[terrchk] 實戰 wrap：wade=0.00m slope=0.13 elev=0.02m crater=false
[veh] tank 頂著障礙空轉，停車改路 px=(1923,381)
[stress] 回合1 我方開火累計0 我方HP300 敵方HP2570 最近敵距47.0m
[veh] tank 頂著障礙空轉，停車改路 px=(1084,362)
[veh] tank 頂著障礙空轉，停車改路 px=(1922,381)
[stress] 回合2 我方開火累計0 我方HP300 敵方HP2570 最近敵距33.5m
[veh] tank 頂著障礙空轉，停車改路 px=(1083,362)
[veh] tank 頂著障礙空轉，停車改路 px=(1922,381)
[stress] 回合3 我方開火累計0 我方HP300 敵方HP2570 最近敵距26.0m
[veh] tank 頂著障礙空轉，停車改路 px=(1083,363)
[veh] tank 頂著障礙空轉，停車改路 px=(1921,382)
[fire] rifleman(敵方) → sniper(我方) 距離 10.4m
[stress] 回合4 我方開火累計0 我方HP300 敵方HP2570 最近敵距10.0m
[fire] sniper(我方) → rifleman(敵方) 距離 3.0m
[fire] mg(我方) → rifleman(敵方) 距離 2.6m
[veh] tank 頂著障礙空轉，停車改路 px=(1083,363)
[veh] tank 頂著障礙空轉，停車改路 px=(1920,382)
[stress] 回合5 我方開火累計2 我方HP222 敵方HP2470 最近敵距19.0m
[veh] tank 頂著障礙空轉，停車改路 px=(1083,363)
[veh] tank 頂著障礙空轉，停車改路 px=(1919,383)
[stress] 回合6 我方開火累計2 我方HP222 敵方HP2470 最近敵距11.4m
[fire] sniper(我方) → tank(敵方) 距離 4.0m
[fire] mg(我方) → tank(敵方) 距離 3.6m
[veh] tank 頂著障礙空轉，停車改路 px=(1919,383)
[fire] mortar(敵方) → sniper(我方) 距離 9.0m
[weather] 回合 8 06:00 → 雨
[stress] 回合7 我方開火累計4 我方HP100 敵方HP2469 最近敵距6.8m
[fire] rifleman(我方) → tank(敵方) 距離 3.8m
[veh] tank 頂著障礙空轉，停車改路 px=(1918,384)
[stress] 回合8 我方開火累計5 我方HP64 敵方HP2469 最近敵距3.8m
[fire] rifleman(我方) → tank(敵方) 距離 3.8m
[veh] tank 頂著障礙空轉，停車改路 px=(1917,384)
[stress] 回合9 我方開火累計6 我方HP40 敵方HP2468 最近敵距3.8m
[fire] rifleman(我方) → tank(敵方) 距離 3.8m
[veh] tank 頂著障礙空轉，停車改路 px=(1916,385)
[stress] 回合10 我方開火累計7 我方HP34 敵方HP2467 最近敵距3.8m
[fire] rifleman(我方) → tank(敵方) 距離 3.8m
[veh] tank 頂著障礙空轉，停車改路 px=(1915,385)
[weather] 回合 12 10:00 → 晴
[stress] 回合11 我方開火累計8 我方HP4 敵方HP2467 最近敵距3.8m
[stress] ch15 回合=12 我方存活=0 敵方存活=14 取樣=407 最差幀=69ms 結局=打完
[selftest] saved res://qa/stress_ch15_end.png
[stress] ch15 FAILS=0
[stress] DONE
