Godot Engine v4.7.1.stable.official.a13da4feb - https://godotengine.org
Vulkan 1.4.329 - Forward+ - Using Device #0: NVIDIA - NVIDIA GeForce RTX 5060 Laptop GPU

[GameData] nations=14 classes=17 maps=25 story=15
[stress] 1 主選單 → 劇情戰役
[stress] 2 章節 14
[stress] 3 簡報 → 出擊
[stress] 4 對話：連點推進 (st=3)
[diff] 地形加碼（×0.93）：彈坑 +7、工事 +5
[poles] 桿=36 電線段=384
[city] 街廓建築 68 棟、網格 3 種
[rig] mg 重定向骨對數=20
[rig] at 重定向骨對數=20
[rig] sniper 重定向骨對數=20
[rig] assault 重定向骨對數=20
[rig] rifleman 重定向骨對數=20
[rig] rifleman 重定向骨對數=20
[rig] engineer 重定向骨對數=20
[rig] mortar 重定向骨對數=20
[rig] specops 重定向骨對數=20
[rig] sam 重定向骨對數=20
[rig] rifleman 重定向骨對數=20
ERROR: [diff] 第 14 章要出 3 台敵方載具，但這張圖沒有任何已解鎖的載具可選
   at: push_error (core/variant/variant_utility.cpp:1023)
   GDScript backtrace (most recent call first):
       [0] _ai_deploy (res://scripts/Main.gd:3887)
       [1] _open_deploy (res://scripts/Main.gd:3432)
       [2] <anonymous lambda> (res://scripts/Main.gd:3420)
       [3] _dlg_step (res://scripts/UI.gd:461)
       [4] _input (res://scripts/UI.gd:580)
       [5] _send_click (res://scripts/Main.gd:1607)
       [6] _boot_to_battle (res://scripts/Main.gd:1432)
[diff] 第 14 章：敵步兵 11、敵載具 3、掩體 0.71 集火 0.65 側翼 0.54 地形 0.93
[stress]   對話結束 st=4 (應為 DEPLOY=4)
[stress] 5 部署：點卡片 → 點藍框放置
[rig] sniper 重定向骨對數=20
[rig] mg 重定向骨對數=20
[rig] rifleman 重定向骨對數=20
[stress]   已部署數=3 OK
[stress] 6 開始戰鬥
[stress]   st=5 (應為 CMD=5)
[terrchk] 實戰 wrap：wade=0.00m slope=0.03 elev=-0.20m crater=false
[stress] 回合1 我方開火累計0 我方HP300 敵方HP1150 最近敵距64.9m
[stress] 回合2 我方開火累計0 我方HP300 敵方HP1150 最近敵距60.6m
[stress] 回合3 我方開火累計0 我方HP300 敵方HP1150 最近敵距49.0m
[stress] 回合4 我方開火累計0 我方HP300 敵方HP1150 最近敵距28.0m
[stress] 回合5 我方開火累計0 我方HP300 敵方HP1150 最近敵距13.6m
[stress] 回合6 我方開火累計0 我方HP300 敵方HP1150 最近敵距9.9m
[stress] 回合7 我方開火累計2 我方HP100 敵方HP1040 最近敵距13.4m
[stress] ch14 回合=8 我方存活=0 敵方存活=10 取樣=336 最差幀=87ms 結局=打完
[selftest] saved res://qa/stress_ch14_end.png
[stress] ch14 FAILS=0
[stress] DONE
