BATCH-20260805-001132
Godot Engine v4.7.1.stable.official.a13da4feb - https://godotengine.org
Vulkan 1.4.329 - Forward+ - Using Device #0: NVIDIA - NVIDIA GeForce RTX 5060 Laptop GPU

[GameData] nations=14 classes=11 maps=25 story=15
[test] 固定亂數種子 20260804（測試結果要可重現）
[stress] 1 主選單 → 劇情戰役
[stress] 2 章節 05
[stress] 3 簡報 → 出擊
[stress] 4 對話：連點推進 (st=3)
[diff] 地形加碼（×0.25）：彈坑 +2、工事 +1
[poles] 桿=8 電線段=84
[edge] 剔除邊界帶障礙 0 個（安全帶 1.62m，深水圍欄不剔）
[rockmat] 型別=ORMMaterial3D albedo_tex=true normal_tex=true triplanar=true tint=(0.6761, 0.5815, 0.466, 1.0)
[look] spawn mg side=1 player_side=0 mp=res://assets/models/chars/hr_m_Suit.fbx
[rig] mg 重定向骨對數=20
[look] spawn at side=1 player_side=0 mp=res://assets/models/chars/hr_m_Suit.fbx
[rig] at 重定向骨對數=20
[look] spawn sniper side=1 player_side=0 mp=res://assets/models/chars/hr_m_Suit.fbx
[rig] sniper 重定向骨對數=20
[look] spawn assault side=1 player_side=0 mp=res://assets/models/chars/hr_m_Suit.fbx
[rig] assault 重定向骨對數=20
[look] spawn rifleman side=1 player_side=0 mp=res://assets/models/chars/hr_m_Suit.fbx
[rig] rifleman 重定向骨對數=20
[look] spawn rifleman side=1 player_side=0 mp=res://assets/models/chars/hr_m_Suit.fbx
[rig] rifleman 重定向骨對數=20
[diff] 敵方載具池：{ "land": ["tank"], "air": ["drone"] }（依作戰域輪流取：["land", "air"]）
[look] spawn tank side=1 player_side=0 mp=res://assets/models/chars/soldier.glb
[vehart] tank 引擎內切分砲塔：車體 27897 面／砲塔 15591 面（切面 46% 高）
[vehart] tank 用立繪生成模型（車體+砲塔，車長 6.2m，縮放 4.248，實體 8.1×3.1×2.4m）
[diff] 第 5 章：敵步兵 6、敵載具 1/1（實際/難度表）、掩體 0.30 集火 0.15 側翼 0.00 地形 0.25
[stress]   對話結束 st=4 (應為 DEPLOY=4)
[stress] 5 部署：點卡片 → 點藍框放置
[look] spawn sniper side=0 player_side=0 mp=res://assets/models/chars/hr_w_Swat.fbx
[rig] sniper 重定向骨對數=20
[look] spawn mg side=0 player_side=0 mp=res://assets/models/chars/hr_m_Adventurer.fbx
[rig] mg 重定向骨對數=20
[look] spawn rifleman side=0 player_side=0 mp=res://assets/models/chars/hr_m_Soldier.fbx
[rig] rifleman 重定向骨對數=20
[stress]   已部署數=3 OK
[stress] 6 開始戰鬥
[stress]   st=5 (應為 CMD=5)
[terrchk] 實戰 wrap：wade=0.00m slope=0.17 elev=1.16m crater=false
[veh] tank 頂著障礙空轉，停車改路 px=(1559,1005)
[stress] 回合1 我方開火累計0 我方HP300 敵方HP1240 最近敵距43.4m
[veh] tank 頂著障礙空轉，停車改路 px=(1559,1005)
[stress] 回合2 我方開火累計0 我方HP300 敵方HP1240 最近敵距32.0m
[veh] tank 頂著障礙空轉，停車改路 px=(1558,1004)
[fire] rifleman(敵方) → sniper(我方) 距離 9.7m
[stress] 回合3 我方開火累計0 我方HP300 敵方HP1240 最近敵距9.7m
[fire] sniper(我方) → rifleman(敵方) 距離 2.3m
[fire] mg(我方) → rifleman(敵方) 距離 3.7m
[fire] rifleman(我方) → rifleman(敵方) 距離 3.9m
[veh] tank 頂著障礙空轉，停車改路 px=(1558,1003)
[fire] assault(敵方) → mg(我方) 距離 4.9m
[stress] 回合4 我方開火累計3 我方HP230 敵方HP1135 最近敵距4.1m
[fire] sniper(我方) → assault(敵方) 距離 0.9m
[fire] mg(我方) → assault(敵方) 距離 0.7m
[fire] rifleman(我方) → assault(敵方) 距離 0.7m
[veh] tank 頂著障礙空轉，停車改路 px=(1558,1003)
[fire] at(敵方) → mg(我方) 距離 6.1m
[stress] 回合5 我方開火累計6 我方HP82 敵方HP1010 最近敵距6.8m
[fire] sniper(我方) → at(敵方) 距離 0.7m
[fire] rifleman(我方) → at(敵方) 距離 0.8m
[veh] tank 頂著障礙空轉，停車改路 px=(1557,1002)
[fire] rifleman(敵方) → sniper(我方) 距離 7.4m
[stress] 回合6 我方開火累計8 我方HP82 敵方HP1006 最近敵距0.7m
[fire] sniper(我方) → at(敵方) 距離 0.7m
[fire] rifleman(我方) → at(敵方) 距離 0.7m
[veh] tank 頂著障礙空轉，停車改路 px=(1557,1000)
[fire] sniper(敵方) → rifleman(我方) 距離 17.2m
[stress] 回合7 我方開火累計10 我方HP82 敵方HP890 最近敵距10.9m
[fire] sniper(我方) → rifleman(敵方) 距離 4.5m
[fire] rifleman(我方) → rifleman(敵方) 距離 3.8m
[veh] tank 頂著障礙空轉，停車改路 px=(1556,998)
[fire] sniper(敵方) → sniper(我方) 距離 17.2m
[stress] 回合8 我方開火累計12 我方HP19 敵方HP800 最近敵距17.2m
[fire] sniper(我方) → sniper(敵方) 距離 10.0m
[veh] tank 頂著障礙空轉，停車改路 px=(1554,996)
[stress] 回合9 我方開火累計13 我方HP19 敵方HP720 最近敵距45.5m
[veh] tank 頂著障礙空轉，停車改路 px=(1553,994)
[stress] 回合10 我方開火累計13 我方HP19 敵方HP720 最近敵距38.4m
[veh] tank 頂著障礙空轉，停車改路 px=(1550,990)
[stress] 回合11 我方開火累計13 我方HP19 敵方HP720 最近敵距30.8m
[veh] tank 頂著障礙空轉，停車改路 px=(1508,954)
[stress] 回合12 我方開火累計13 我方HP19 敵方HP720 最近敵距23.7m
[stress] ch05 回合=12 我方存活=2 敵方存活=2 取樣=367 最差幀=54ms 結局=回合上限
[selftest] saved res://qa/stress_ch05_end.png
[stress] ch05 FAILS=0
[stress] DONE
