BATCH-20260805-001132
Godot Engine v4.7.1.stable.official.a13da4feb - https://godotengine.org
Vulkan 1.4.329 - Forward+ - Using Device #0: NVIDIA - NVIDIA GeForce RTX 5060 Laptop GPU

[GameData] nations=14 classes=11 maps=25 story=15
[test] 固定亂數種子 20260804（測試結果要可重現）
[stress] 1 主選單 → 劇情戰役
[stress] 2 章節 01
[stress] 3 簡報 → 出擊
[stress] 4 對話：連點推進 (st=3)
[water] 深水圍欄 74 根樁（水深 > 1.05m 的邊界）
[poles] 桿=1 電線段=0
[edge] 剔除邊界帶障礙 0 個（安全帶 1.62m，深水圍欄不剔）
[rockmat] 型別=ORMMaterial3D albedo_tex=true normal_tex=true triplanar=true tint=(0.6388, 0.5776, 0.4969, 1.0)
[look] spawn mg side=0 player_side=1 mp=res://assets/models/chars/hr_m_Suit.fbx
[rig] mg 重定向骨對數=20
[look] spawn at side=0 player_side=1 mp=res://assets/models/chars/hr_m_Suit.fbx
[rig] at 重定向骨對數=20
[look] spawn sniper side=0 player_side=1 mp=res://assets/models/chars/hr_m_Suit.fbx
[rig] sniper 重定向骨對數=20
[diff] 第 1 章：敵步兵 3、敵載具 0/0（實際/難度表）、掩體 0.00 集火 0.00 側翼 0.00 地形 0.00
[stress]   對話結束 st=4 (應為 DEPLOY=4)
[stress] 5 部署：點卡片 → 點藍框放置
[look] spawn sniper side=1 player_side=1 mp=res://assets/models/chars/hr_w_Swat.fbx
[rig] sniper 重定向骨對數=20
[look] spawn rifleman side=1 player_side=1 mp=res://assets/models/chars/hr_m_Soldier.fbx
[rig] rifleman 重定向骨對數=20
[look] spawn engineer side=1 player_side=1 mp=res://assets/models/chars/hr_m_Worker.fbx
[rig] engineer 重定向骨對數=20
[stress]   已部署數=3 OK
[stress] 6 開始戰鬥
[stress]   st=5 (應為 CMD=5)
[terrchk] 實戰 wrap：wade=0.00m slope=0.13 elev=0.13m crater=false
[stress] 回合1 我方開火累計0 我方HP270 敵方HP310 最近敵距14.2m
[fire] rifleman(我方) → sniper(敵方) 距離 6.8m
[fire] sniper(敵方) → sniper(我方) 距離 17.2m
[fire] at(敵方) → rifleman(我方) 距離 6.0m
[stress] 回合2 我方開火累計1 我方HP93 敵方HP291 最近敵距3.5m
[fire] sniper(我方) → sniper(敵方) 距離 9.8m
[fire] engineer(我方) → at(敵方) 距離 0.7m
[stress] 回合3 我方開火累計3 我方HP93 敵方HP213 最近敵距0.7m
[fire] engineer(我方) → at(敵方) 距離 0.7m
[stress] 回合4 我方開火累計4 我方HP93 敵方HP204 最近敵距0.7m
[fire] engineer(我方) → at(敵方) 距離 0.7m
[weather] 回合 6 06:00 → 濃霧
[stress] 回合5 我方開火累計5 我方HP93 敵方HP195 最近敵距0.7m
[fire] sniper(我方) → at(敵方) 距離 0.8m
[fire] engineer(我方) → at(敵方) 距離 0.7m
[stress] 回合6 我方開火累計7 我方HP93 敵方HP195 最近敵距0.7m
[fire] sniper(我方) → at(敵方) 距離 0.7m
[fire] engineer(我方) → mg(敵方) 距離 4.6m
[fire] mg(敵方) → engineer(我方) 距離 4.7m
[weather] 回合 8 08:00 → 晴
[stress] 回合7 我方開火累計9 我方HP63 敵方HP120 最近敵距4.7m
[fire] sniper(我方) → mg(敵方) 距離 5.3m
[fire] engineer(我方) → mg(敵方) 距離 0.8m
[fire] mg(敵方) → engineer(我方) 距離 1.9m
[stress] 回合8 我方開火累計11 我方HP51 敵方HP40 最近敵距1.8m
[fire] engineer(我方) → mg(敵方) 距離 0.7m
[fire] mg(敵方) → engineer(我方) 距離 2.4m
[stress] 回合9 我方開火累計12 我方HP42 敵方HP40 最近敵距2.4m
[fire] engineer(我方) → mg(敵方) 距離 0.7m
[fire] mg(敵方) → engineer(我方) 距離 2.2m
[stress] 回合10 我方開火累計13 我方HP24 敵方HP40 最近敵距2.2m
[fire] engineer(我方) → mg(敵方) 距離 0.7m
[fire] mg(敵方) → engineer(我方) 距離 2.4m
[stress] 回合11 我方開火累計14 我方HP6 敵方HP40 最近敵距2.4m
[stress] ch01 回合=12 我方存活=0 敵方存活=1 取樣=320 最差幀=46ms 結局=打完
[selftest] saved res://qa/stress_ch01_end.png
[stress] ch01 FAILS=0
[stress] DONE
