Godot Engine v4.7.1.stable.official.a13da4feb - https://godotengine.org
Vulkan 1.4.329 - Forward+ - Using Device #0: NVIDIA - NVIDIA GeForce RTX 5060 Laptop GPU

[GameData] nations=14 classes=17 maps=25 story=15
[walk] 1 主選單 → 劇情戰役
[walk] 2 章節 06
[walk] 3 簡報 → 出擊
[walk] 4 對話：連點推進 (st=3)
[diff] 地形加碼（×0.33）：彈坑 +2、工事 +2
[water] 深水圍欄 29 根樁（水深 > 1.05m 的邊界）
[poles] 桿=5 電線段=36
[edgeclr] 邊界帶內丟棄障礙 0 個（帶寬 1.6m，深水圍欄不丟）
ERROR: UVs are required to generate tangents.
   at: generate_tangents (scene/resources/surface_tool.cpp:1157)
   GDScript backtrace (most recent call first):
       [0] build_rock_protos (res://scripts/Trees.gd:253)
       [1] _scatter_rocks (res://scripts/Main.gd:7161)
       [2] _scatter_trees (res://scripts/Main.gd:7865)
       [3] _build_ground (res://scripts/Main.gd:7007)
       [4] _open_deploy (res://scripts/Main.gd:3824)
       [5] <anonymous lambda> (res://scripts/Main.gd:3814)
       [6] _dlg_step (res://scripts/UI.gd:461)
       [7] _input (res://scripts/UI.gd:580)
       [8] _send_click (res://scripts/Main.gd:2001)
       [9] _boot_to_battle (res://scripts/Main.gd:1826)
ERROR: UVs are required to generate tangents.
   at: generate_tangents (scene/resources/surface_tool.cpp:1157)
   GDScript backtrace (most recent call first):
       [0] build_rock_protos (res://scripts/Trees.gd:253)
       [1] _scatter_rocks (res://scripts/Main.gd:7161)
       [2] _scatter_trees (res://scripts/Main.gd:7865)
       [3] _build_ground (res://scripts/Main.gd:7007)
       [4] _open_deploy (res://scripts/Main.gd:3824)
       [5] <anonymous lambda> (res://scripts/Main.gd:3814)
       [6] _dlg_step (res://scripts/UI.gd:461)
       [7] _input (res://scripts/UI.gd:580)
       [8] _send_click (res://scripts/Main.gd:2001)
       [9] _boot_to_battle (res://scripts/Main.gd:1826)
ERROR: UVs are required to generate tangents.
   at: generate_tangents (scene/resources/surface_tool.cpp:1157)
   GDScript backtrace (most recent call first):
       [0] build_rock_protos (res://scripts/Trees.gd:253)
       [1] _scatter_rocks (res://scripts/Main.gd:7161)
       [2] _scatter_trees (res://scripts/Main.gd:7865)
       [3] _build_ground (res://scripts/Main.gd:7007)
       [4] _open_deploy (res://scripts/Main.gd:3824)
       [5] <anonymous lambda> (res://scripts/Main.gd:3814)
       [6] _dlg_step (res://scripts/UI.gd:461)
       [7] _input (res://scripts/UI.gd:580)
       [8] _send_click (res://scripts/Main.gd:2001)
       [9] _boot_to_battle (res://scripts/Main.gd:1826)
ERROR: UVs are required to generate tangents.
   at: generate_tangents (scene/resources/surface_tool.cpp:1157)
   GDScript backtrace (most recent call first):
       [0] build_rock_protos (res://scripts/Trees.gd:253)
       [1] _scatter_rocks (res://scripts/Main.gd:7161)
       [2] _scatter_trees (res://scripts/Main.gd:7865)
       [3] _build_ground (res://scripts/Main.gd:7007)
       [4] _open_deploy (res://scripts/Main.gd:3824)
       [5] <anonymous lambda> (res://scripts/Main.gd:3814)
       [6] _dlg_step (res://scripts/UI.gd:461)
       [7] _input (res://scripts/UI.gd:580)
       [8] _send_click (res://scripts/Main.gd:2001)
       [9] _boot_to_battle (res://scripts/Main.gd:1826)
ERROR: UVs are required to generate tangents.
   at: generate_tangents (scene/resources/surface_tool.cpp:1157)
   GDScript backtrace (most recent call first):
       [0] build_rock_protos (res://scripts/Trees.gd:253)
       [1] _scatter_rocks (res://scripts/Main.gd:7161)
       [2] _scatter_trees (res://scripts/Main.gd:7865)
       [3] _build_ground (res://scripts/Main.gd:7007)
       [4] _open_deploy (res://scripts/Main.gd:3824)
       [5] <anonymous lambda> (res://scripts/Main.gd:3814)
       [6] _dlg_step (res://scripts/UI.gd:461)
       [7] _input (res://scripts/UI.gd:580)
       [8] _send_click (res://scripts/Main.gd:2001)
       [9] _boot_to_battle (res://scripts/Main.gd:1826)
[rockmat] 型別=ORMMaterial3D albedo_tex=true normal_tex=true triplanar=true tint=(0.3166, 0.2986, 0.2575, 1.0)
[look] spawn mg side=0 player_side=1 mp=res://assets/models/chars/hr_m_Suit.fbx
[rig] mg 重定向骨對數=20
[look] spawn at side=0 player_side=1 mp=res://assets/models/chars/hr_m_Suit.fbx
[rig] at 重定向骨對數=20
[look] spawn sniper side=0 player_side=1 mp=res://assets/models/chars/hr_m_Suit.fbx
[rig] sniper 重定向骨對數=20
[look] spawn assault side=0 player_side=1 mp=res://assets/models/chars/hr_m_Suit.fbx
[rig] assault 重定向骨對數=20
[look] spawn rifleman side=0 player_side=1 mp=res://assets/models/chars/hr_m_Suit.fbx
[rig] rifleman 重定向骨對數=20
[look] spawn rifleman side=0 player_side=1 mp=res://assets/models/chars/hr_m_Suit.fbx
[rig] rifleman 重定向骨對數=20
[look] spawn engineer side=0 player_side=1 mp=res://assets/models/chars/hr_m_Suit.fbx
[rig] engineer 重定向骨對數=20
ERROR: [diff] 第 6 章要出 1 台敵方載具，但這張圖沒有任何已解鎖的載具可選
   at: push_error (core/variant/variant_utility.cpp:1023)
   GDScript backtrace (most recent call first):
       [0] _ai_deploy (res://scripts/Main.gd:4282)
       [1] _open_deploy (res://scripts/Main.gd:3826)
       [2] <anonymous lambda> (res://scripts/Main.gd:3814)
       [3] _dlg_step (res://scripts/UI.gd:461)
       [4] _input (res://scripts/UI.gd:580)
       [5] _send_click (res://scripts/Main.gd:2001)
       [6] _boot_to_battle (res://scripts/Main.gd:1826)
[diff] 第 6 章：敵步兵 7、敵載具 1、掩體 0.34 集火 0.21 側翼 0.06 地形 0.33
[walk]   對話結束 st=4 (應為 DEPLOY=4)
[walk] 5 部署：點卡片 → 點藍框放置
[look] spawn sniper side=1 player_side=1 mp=res://assets/models/chars/hr_w_Swat.fbx
[rig] sniper 重定向骨對數=20
[walk]   已部署數=1 OK
[walk] 6 開始戰鬥
[walk]   st=5 (應為 CMD=5)
[walk] 路線 204 個取樣點（12 列 × 17 行，間距 5.5m），地圖 93×65 m
[walk] 起點 px(18,18)（第 0 個點；前面的都在海裡或障礙裡）
[walk] 走完 203 段，抵達 114 段；共 7659 次取樣檢查
[walk][陷進實體(人在障礙裡)] 0 次 OK
[walk][浮空或陷地(>0.3m)] 0 次 OK
[walk][走進深水(>1.35m)] 0 次 OK
[walk][卡死(目標是空地卻走不到)] 0 次 OK
[walk][鏡頭穿牆] 0 次 OK
[walk][走出地圖] 0 次 OK
[walk] ch06 FAILS=0（拍了 0 張現場照）
[walk] DONE
