Godot Engine v4.7.1.stable.official.a13da4feb - https://godotengine.org
Vulkan 1.4.329 - Forward+ - Using Device #0: NVIDIA - NVIDIA GeForce RTX 5060 Laptop GPU

[GameData] nations=14 classes=17 maps=25 story=15
[walk] 1 主選單 → 劇情戰役
[walk] 2 章節 14
[walk] 3 簡報 → 出擊
[walk] 4 對話：連點推進 (st=3)
[diff] 地形加碼（×0.93）：彈坑 +7、工事 +5
[poles] 桿=23 電線段=216
[edgeclr] 邊界帶內丟棄障礙 13 個（帶寬 1.6m）
[city] 街廓建築 68 棟、網格 3 種
[look] spawn mg side=1 player_side=0 mp=res://assets/models/chars/hr_m_Suit.fbx
[rig] mg 重定向骨對數=20
[look] spawn at side=1 player_side=0 mp=res://assets/models/chars/hr_m_Suit.fbx
[rig] at 重定向骨對數=20
[look] spawn sniper side=1 player_side=0 mp=res://assets/models/chars/hr_m_Suit.fbx
[rig] sniper 重定向骨對數=20
[look] spawn assault side=1 player_side=0 mp=res://assets/models/chars/hr_m_Suit.fbx
[rig] assault 重定向骨對數=20
[look] spawn rifleman side=1 player_side=0 mp=res://assets/models/chars/hr_m_Suit.fbx
[rig] rifleman 重定向骨對數=20
[look] spawn rifleman side=1 player_side=0 mp=res://assets/models/chars/hr_m_Suit.fbx
[rig] rifleman 重定向骨對數=20
[look] spawn engineer side=1 player_side=0 mp=res://assets/models/chars/hr_m_Suit.fbx
[rig] engineer 重定向骨對數=20
[look] spawn mortar side=1 player_side=0 mp=res://assets/models/chars/hr_m_Suit.fbx
[rig] mortar 重定向骨對數=20
[look] spawn specops side=1 player_side=0 mp=res://assets/models/chars/hr_m_Suit.fbx
[rig] specops 重定向骨對數=20
[look] spawn sam side=1 player_side=0 mp=res://assets/models/chars/hr_m_Suit.fbx
[rig] sam 重定向骨對數=20
[look] spawn rifleman side=1 player_side=0 mp=res://assets/models/chars/hr_m_Suit.fbx
[rig] rifleman 重定向骨對數=20
ERROR: [diff] 第 14 章要出 3 台敵方載具，但這張圖沒有任何已解鎖的載具可選
   at: push_error (core/variant/variant_utility.cpp:1023)
   GDScript backtrace (most recent call first):
       [0] _ai_deploy (res://scripts/Main.gd:4233)
       [1] _open_deploy (res://scripts/Main.gd:3777)
       [2] <anonymous lambda> (res://scripts/Main.gd:3765)
       [3] _dlg_step (res://scripts/UI.gd:461)
       [4] _input (res://scripts/UI.gd:580)
       [5] _send_click (res://scripts/Main.gd:1952)
       [6] _boot_to_battle (res://scripts/Main.gd:1777)
[diff] 第 14 章：敵步兵 11、敵載具 3、掩體 0.71 集火 0.65 側翼 0.54 地形 0.93
[walk]   對話結束 st=4 (應為 DEPLOY=4)
[walk] 5 部署：點卡片 → 點藍框放置
[look] spawn sniper side=0 player_side=0 mp=res://assets/models/chars/hr_w_Swat.fbx
[rig] sniper 重定向骨對數=20
[walk]   已部署數=1 OK
[walk] 6 開始戰鬥
[walk]   st=5 (應為 CMD=5)
[walk] 路線 280 個取樣點（14 列 × 20 行，間距 5.5m），地圖 109×76 m
[walk] 起點 px(18,18)（第 0 個點；前面的都在海裡或障礙裡）
