Godot Engine v4.7.1.stable.official.a13da4feb - https://godotengine.org
Vulkan 1.4.329 - Forward+ - Using Device #0: NVIDIA - NVIDIA GeForce RTX 5060 Laptop GPU

[GameData] nations=14 classes=17 maps=10 story=15
[walk] 1 主選單 → 劇情戰役
[walk] 2 章節 01
[walk] 3 簡報 → 出擊
[walk] 4 對話：連點推進 (st=3)
[water] 深水圍欄 56 根樁（水深 > 1.35m 的邊界）
WARNING: Godot 3.x SpatialMaterial remapped parameter not found: specular
   at: _set (scene/resources/material.cpp:4096)
   GDScript backtrace (most recent call first):
       [0] _scatter_trees (res://scripts/Main.gd:6297)
       [1] _build_ground (res://scripts/Main.gd:5531)
       [2] _open_deploy (res://scripts/Main.gd:2896)
       [3] <anonymous lambda> (res://scripts/Main.gd:2886)
       [4] _dlg_step (res://scripts/UI.gd:390)
       [5] _input (res://scripts/UI.gd:509)
       [6] _send_click (res://scripts/Main.gd:1106)
       [7] _boot_to_battle (res://scripts/Main.gd:960)
[rig] mg 重定向骨對數=20
[rig] at 重定向骨對數=20
[rig] sniper 重定向骨對數=20
[rig] assault 重定向骨對數=20
[walk]   對話結束 st=4 (應為 DEPLOY=4)
[walk] 5 部署：點卡片 → 點藍框放置
[rig] sniper 重定向骨對數=20
[walk]   已部署數=1 OK
[walk] 6 開始戰鬥
[walk]   st=5 (應為 CMD=5)
[walk] 路線 130 個取樣點（10 列 × 13 行，間距 5.5m），地圖 70×50 m
[walk] 起點 px(350,18)（第 3 個點；前面的都在海裡或障礙裡）
[walk] 走完 129 段，抵達 40 段；共 2019 次取樣檢查
[walk][陷進實體(人在障礙裡)] 0 次 OK
[walk][浮空或陷地(>0.3m)] 0 次 OK
[walk][走進深水(>1.35m)] 0 次 OK
[walk][卡死(目標是空地卻走不到)] FAIL 4 次，前 6 筆：
    [(323.3564, 168.9671), (466.6667, 222.2222), 7.64426651000977]
    [(344.9406, 173.3886), (583.3333, 222.2222), 12.1671485900879]
    [(546.4216, 201.0985), (700.0, 222.2222), 7.75121383666992]
    [(958.953, 222.1248), (1050.0, 222.2222), 4.55235252380371]
[walk][鏡頭穿牆] FAIL 6 次，前 6 筆：
    (1169.906, 110.9226)
    (1036.058, 222.1613)
    (1088.502, 222.187)
    (1111.409, 235.3683)
    (1076.214, 235.4524)
    (1071.569, 235.4775)
[walk][走出地圖] 0 次 OK
[selftest] saved res://qa/walk_bad_stuck.png
[selftest] saved res://qa/walk_bad_cam.png
[walk] FAILS=10（拍了 2 張現場照）
[walk] DONE
