Godot Engine v4.7.1.stable.official.a13da4feb - https://godotengine.org
Vulkan 1.4.329 - Forward+ - Using Device #0: NVIDIA - NVIDIA GeForce RTX 5060 Laptop GPU

[GameData] nations=14 classes=17 maps=25 story=15
[walk] 1 主選單 → 劇情戰役
[walk] 2 章節 08
[walk] 3 簡報 → 出擊
[walk] 4 對話：連點推進 (st=3)
[diff] 地形加碼（×0.47）：彈坑 +3、工事 +2
[water] 深水圍欄 68 根樁（水深 > 1.05m 的邊界）
[poles] 桿=4 電線段=36
[rig] mg 重定向骨對數=20
[rig] at 重定向骨對數=20
[rig] sniper 重定向骨對數=20
[rig] assault 重定向骨對數=20
[rig] rifleman 重定向骨對數=20
[rig] rifleman 重定向骨對數=20
[rig] engineer 重定向骨對數=20
[rig] mortar 重定向骨對數=20
ERROR: [diff] 第 8 章要出 2 台敵方載具，但這張圖沒有任何已解鎖的載具可選
   at: push_error (core/variant/variant_utility.cpp:1023)
   GDScript backtrace (most recent call first):
       [0] _ai_deploy (res://scripts/Main.gd:3887)
       [1] _open_deploy (res://scripts/Main.gd:3432)
       [2] <anonymous lambda> (res://scripts/Main.gd:3420)
       [3] _dlg_step (res://scripts/UI.gd:461)
       [4] _input (res://scripts/UI.gd:580)
       [5] _send_click (res://scripts/Main.gd:1607)
       [6] _boot_to_battle (res://scripts/Main.gd:1432)
[diff] 第 8 章：敵步兵 8、敵載具 2、掩體 0.43 集火 0.32 側翼 0.18 地形 0.47
[walk]   對話結束 st=4 (應為 DEPLOY=4)
[walk] 5 部署：點卡片 → 點藍框放置
[rig] sniper 重定向骨對數=20
[walk]   已部署數=1 OK
[walk] 6 開始戰鬥
[walk]   st=5 (應為 CMD=5)
[walk] 路線 234 個取樣點（13 列 × 18 行，間距 5.5m），地圖 97×68 m
[walk] 起點 px(571,18)（第 5 個點；前面的都在海裡或障礙裡）
[walk] 走完 233 段，抵達 10 段；共 12528 次取樣檢查
[walk][陷進實體(人在障礙裡)] 0 次 OK
[walk][浮空或陷地(>0.3m)] 0 次 OK
[walk][走進深水(>1.35m)] 0 次 OK
[walk][卡死(目標是空地卻走不到)] 0 次 OK
[walk][鏡頭穿牆] 0 次 OK
[walk][走出地圖] 0 次 OK
[walk] ch08 FAILS=0（拍了 0 張現場照）
[walk] DONE
