Godot Engine v4.7.1.stable.official.a13da4feb - https://godotengine.org
Vulkan 1.4.329 - Forward+ - Using Device #0: NVIDIA - NVIDIA GeForce RTX 5060 Laptop GPU

[GameData] nations=14 classes=17 maps=25 story=15
[walk] 1 主選單 → 劇情戰役
[walk] 2 章節 04
[walk] 3 簡報 → 出擊
[walk] 4 對話：連點推進 (st=3)
[diff] 地形加碼（×0.15）：彈坑 +1、工事 +1
[poles] 桿=0 電線段=0
[edge] 剔除邊界帶障礙 5 個（安全帶 1.62m）
[edgeclr] 邊界帶內丟棄障礙 0 個（帶寬 1.6m，深水圍欄不丟）
[city] 街廓建築 68 棟、網格 3 種
[look] spawn mg side=1 player_side=0 mp=res://assets/models/chars/hr_m_Suit.fbx
[rig] mg 重定向骨對數=20
[look] spawn at side=1 player_side=0 mp=res://assets/models/chars/hr_m_Suit.fbx
[rig] at 重定向骨對數=20
[look] spawn sniper side=1 player_side=0 mp=res://assets/models/chars/hr_m_Suit.fbx
[rig] sniper 重定向骨對數=20
[look] spawn assault side=1 player_side=0 mp=res://assets/models/chars/hr_m_Suit.fbx
[rig] assault 重定向骨對數=20
[look] spawn rifleman side=1 player_side=0 mp=res://assets/models/chars/hr_m_Suit.fbx
[rig] rifleman 重定向骨對數=20
[diff] 第 4 章：敵步兵 5、敵載具 0、掩體 0.20 集火 0.00 側翼 0.00 地形 0.15
[walk]   對話結束 st=4 (應為 DEPLOY=4)
[walk] 5 部署：點卡片 → 點藍框放置
[look] spawn sniper side=0 player_side=0 mp=res://assets/models/chars/hr_w_Swat.fbx
[rig] sniper 重定向骨對數=20
[walk]   已部署數=1 OK
[walk] 6 開始戰鬥
[walk]   st=5 (應為 CMD=5)
[walk] 路線 176 個取樣點（11 列 × 16 行，間距 5.5m），地圖 85×60 m
[walk] 起點 px(18,18)（第 0 個點；前面的都在海裡或障礙裡）
