Godot Engine v4.7.1.stable.official.a13da4feb - https://godotengine.org
Vulkan 1.4.329 - Forward+ - Using Device #0: NVIDIA - NVIDIA GeForce RTX 5060 Laptop GPU

[GameData] nations=14 classes=17 maps=10 story=15
[walk] 1 主選單 → 劇情戰役
[walk] 2 章節 01
[walk] 3 簡報 → 出擊
[walk] 4 對話：連點推進 (st=3)
WARNING: Godot 3.x SpatialMaterial remapped parameter not found: specular
   at: _set (scene/resources/material.cpp:4096)
   GDScript backtrace (most recent call first):
       [0] _scatter_trees (res://scripts/Main.gd:6258)
       [1] _build_ground (res://scripts/Main.gd:5510)
       [2] _open_deploy (res://scripts/Main.gd:2881)
       [3] <anonymous lambda> (res://scripts/Main.gd:2871)
       [4] _dlg_step (res://scripts/UI.gd:390)
       [5] _input (res://scripts/UI.gd:509)
       [6] _send_click (res://scripts/Main.gd:1091)
       [7] _boot_to_battle (res://scripts/Main.gd:945)
[rig] mg 重定向骨對數=20
[rig] at 重定向骨對數=20
[rig] sniper 重定向骨對數=20
[rig] assault 重定向骨對數=20
[walk]   對話結束 st=4 (應為 DEPLOY=4)
[walk] 5 部署：點卡片 → 點藍框放置
[rig] sniper 重定向骨對數=20
[walk]   已部署數=1 OK
[walk] 6 開始戰鬥
[walk]   st=5 (應為 CMD=5)
[walk] 路線 130 個取樣點（10 列 × 13 行，間距 5.5m），地圖 70×50 m
[walk] 起點 px(350,18)（第 3 個點；前面的都在海裡或障礙裡）
[walk] 走完 129 段，抵達 37 段；共 1651 次取樣檢查
[walk][陷進實體(人在障礙裡)] 0 次 OK
[walk][浮空或陷地(>0.3m)] FAIL 19 次，前 6 筆：
    [(1152.2, 110.9579), 0.5679978012544]
    [(840.1968, 111.8552), 0.54594395877292]
    [(518.0537, 111.1151), 0.44573383561652]
    [(263.4629, 180.3648), 0.47544535661989]
    [(561.4609, 205.6914), 0.57761932009662]
    [(570.3573, 205.9923), 0.34865611126322]
[walk][走進深水(>1.35m)] FAIL 18 次，前 6 筆：
    [(284.7638, 190.6676), 1.36125275737167]
    [(286.156, 190.9091), 1.39045800643105]
    [(287.688, 191.1748), 1.41773233606789]
    [(289.2201, 191.4404), 1.43990874170221]
    [(290.7718, 191.7098), 1.4573427544873]
    [(292.3471, 191.9834), 1.47006541023332]
[walk][卡死(目標是空地卻走不到)] FAIL 40 次，前 6 筆：
    [(284.7638, 190.6676), (350.0, 222.2222), 3.62334594726563]
    [(301.8178, 193.6254), (466.6667, 222.2222), 8.36554260253906]
    [(319.8675, 195.4603), (583.3333, 222.2222), 13.2410751342773]
    [(348.3889, 197.4683), (700.0, 222.2222), 17.6240707397461]
    [(376.7113, 198.9653), (816.6667, 222.2222), 22.028483581543]
    [(938.7679, 218.4544), (1050.0, 222.2222), 5.56479263305664]
[walk][鏡頭穿牆] FAIL 4 次，前 6 筆：
    (1169.481, 110.9327)
    (1029.86, 219.5836)
    (1081.705, 220.1237)
    (1162.761, 809.3674)
[walk][走出地圖] 0 次 OK
[selftest] saved res://qa/walk_bad_air.png
[selftest] saved res://qa/walk_bad_deep.png
[selftest] saved res://qa/walk_bad_stuck.png
[selftest] saved res://qa/walk_bad_cam.png
[walk] FAILS=81（拍了 4 張現場照）
[walk] DONE
