Godot Engine v4.7.1.stable.official.a13da4feb - https://godotengine.org
Vulkan 1.4.329 - Forward+ - Using Device #0: NVIDIA - NVIDIA GeForce RTX 5060 Laptop GPU

[GameData] nations=14 classes=17 maps=25 story=15
[walk] 1 主選單 → 劇情戰役
[walk] 2 章節 12
[walk] 3 簡報 → 出擊
[walk] 4 對話：連點推進 (st=3)
[diff] 地形加碼（×0.77）：彈坑 +5、工事 +4
[poles] 桿=8 電線段=84
[rig] mg 重定向骨對數=20
[rig] at 重定向骨對數=20
[rig] sniper 重定向骨對數=20
[rig] assault 重定向骨對數=20
[rig] rifleman 重定向骨對數=20
[rig] rifleman 重定向骨對數=20
[rig] engineer 重定向骨對數=20
[rig] mortar 重定向骨對數=20
[rig] specops 重定向骨對數=20
[rig] sam 重定向骨對數=20
ERROR: [diff] 第 12 章要出 3 台敵方載具，但這張圖沒有任何已解鎖的載具可選
   at: push_error (core/variant/variant_utility.cpp:1023)
   GDScript backtrace (most recent call first):
       [0] _ai_deploy (res://scripts/Main.gd:3887)
       [1] _open_deploy (res://scripts/Main.gd:3432)
       [2] <anonymous lambda> (res://scripts/Main.gd:3420)
       [3] _dlg_step (res://scripts/UI.gd:461)
       [4] _input (res://scripts/UI.gd:580)
       [5] _send_click (res://scripts/Main.gd:1607)
       [6] _boot_to_battle (res://scripts/Main.gd:1432)
[diff] 第 12 章：敵步兵 10、敵載具 3、掩體 0.61 集火 0.54 側翼 0.42 地形 0.77
[walk]   對話結束 st=4 (應為 DEPLOY=4)
[walk] 5 部署：點卡片 → 點藍框放置
[rig] sniper 重定向骨對數=20
[walk]   已部署數=1 OK
[walk] 6 開始戰鬥
[walk]   st=5 (應為 CMD=5)
[walk] 路線 280 個取樣點（14 列 × 20 行，間距 5.5m），地圖 105×74 m
[walk] 起點 px(18,18)（第 0 個點；前面的都在海裡或障礙裡）
