Godot Engine v4.7.1.stable.official.a13da4feb - https://godotengine.org

[   0% ] [90m[1mfirst_scan_filesystem[22m | Started 專案初始化中 (5 steps)[39m[0m
[   0% ] [90m[1mfirst_scan_filesystem[22m | 正在掃描檔案結構…[39m[0m
[  16% ] [90m[1mfirst_scan_filesystem[22m | 載入全域類別名稱中…[39m[0m
[  33% ] [90m[1mfirst_scan_filesystem[22m | 正在驗證GD擴充功能...[39m[0m
[  50% ] [90m[1mfirst_scan_filesystem[22m | 正在建立自動載入腳本…[39m[0m
[  66% ] [90m[1mfirst_scan_filesystem[22m | 初始化外掛程式...[39m[0m
[  83% ] [90m[1mfirst_scan_filesystem[22m | 開始掃描檔案...[39m[0m
[92m[ DONE ][39m [1mfirst_scan_filesystem[22m
[0m
[   0% ] [90m[1m_update_scan_actions[22m | Started 掃描動作中... (45 steps)[39m[0m
[   0% ] [90m[1m_update_scan_actions[22m | assault.jpg[39m[0m
[   2% ] [90m[1m_update_scan_actions[22m | assault_angry.jpg[39m[0m
[   4% ] [90m[1m_update_scan_actions[22m | assault_hurt.jpg[39m[0m
[   6% ] [90m[1m_update_scan_actions[22m | assault_smile.jpg[39m[0m
[   8% ] [90m[1m_update_scan_actions[22m | at.jpg[39m[0m
[  10% ] [90m[1m_update_scan_actions[22m | attacker.jpg[39m[0m
[  13% ] [90m[1m_update_scan_actions[22m | at_angry.jpg[39m[0m
[  15% ] [90m[1m_update_scan_actions[22m | at_hurt.jpg[39m[0m
[  17% ] [90m[1m_update_scan_actions[22m | at_smile.jpg[39m[0m
[  19% ] [90m[1m_update_scan_actions[22m | destroyer.jpg[39m[0m
[  21% ] [90m[1m_update_scan_actions[22m | engineer.jpg[39m[0m
[  23% ] [90m[1m_update_scan_actions[22m | engineer_angry.jpg[39m[0m
[  26% ] [90m[1m_update_scan_actions[22m | engineer_hurt.jpg[39m[0m
[  28% ] [90m[1m_update_scan_actions[22m | engineer_smile.jpg[39m[0m
[  30% ] [90m[1m_update_scan_actions[22m | fighter.jpg[39m[0m
[  32% ] [90m[1m_update_scan_actions[22m | gunship.jpg[39m[0m
[  34% ] [90m[1m_update_scan_actions[22m | lst.jpg[39m[0m
[  36% ] [90m[1m_update_scan_actions[22m | mg.jpg[39m[0m
[  39% ] [90m[1m_update_scan_actions[22m | mg_angry.jpg[39m[0m
[  41% ] [90m[1m_update_scan_actions[22m | mg_hurt.jpg[39m[0m
[  43% ] [90m[1m_update_scan_actions[22m | mg_smile.jpg[39m[0m
[  45% ] [90m[1m_update_scan_actions[22m | missileboat.jpg[39m[0m
[  47% ] [90m[1m_update_scan_actions[22m | mortar.jpg[39m[0m
[  50% ] [90m[1m_update_scan_actions[22m | mortar_angry.jpg[39m[0m
[  52% ] [90m[1m_update_scan_actions[22m | mortar_hurt.jpg[39m[0m
[  54% ] [90m[1m_update_scan_actions[22m | mortar_smile.jpg[39m[0m
[  56% ] [90m[1m_update_scan_actions[22m | rifleman.jpg[39m[0m
[  58% ] [90m[1m_update_scan_actions[22m | rifleman_angry.jpg[39m[0m
[  60% ] [90m[1m_update_scan_actions[22m | rifleman_hurt.jpg[39m[0m
[  63% ] [90m[1m_update_scan_actions[22m | rifleman_smile.jpg[39m[0m
[  65% ] [90m[1m_update_scan_actions[22m | sam.jpg[39m[0m
[  67% ] [90m[1m_update_scan_actions[22m | sam_angry.jpg[39m[0m
[  69% ] [90m[1m_update_scan_actions[22m | sam_hurt.jpg[39m[0m
[  71% ] [90m[1m_update_scan_actions[22m | sam_smile.jpg[39m[0m
[  73% ] [90m[1m_update_scan_actions[22m | sniper-conceptsheet.jpg[39m[0m
[  76% ] [90m[1m_update_scan_actions[22m | sniper.jpg[39m[0m
[  78% ] [90m[1m_update_scan_actions[22m | sniper_angry.jpg[39m[0m
[  80% ] [90m[1m_update_scan_actions[22m | sniper_hurt.jpg[39m[0m
[  82% ] [90m[1m_update_scan_actions[22m | sniper_smile.jpg[39m[0m
[  84% ] [90m[1m_update_scan_actions[22m | specops.jpg[39m[0m
[  86% ] [90m[1m_update_scan_actions[22m | specops_angry.jpg[39m[0m
[  89% ] [90m[1m_update_scan_actions[22m | specops_hurt.jpg[39m[0m
[  91% ] [90m[1m_update_scan_actions[22m | specops_smile.jpg[39m[0m
[  93% ] [90m[1m_update_scan_actions[22m | submarine.jpg[39m[0m
[  95% ] [90m[1m_update_scan_actions[22m | tank.jpg[39m[0m
[92m[ DONE ][39m [1m_update_scan_actions[22m
[0m
[   0% ] [90m[1msavepack[22m | Started 打包中 (102 steps)[39m[0m
[   1% ] [90m[1msavepack[22m | 儲存檔案：res://.godot/imported/title-bg.jpg-b15a949682f8b13d909090e22046cbbd.ctex[39m[0m
[   1% ] [90m[1msavepack[22m | 儲存檔案：res://assets/art/title-bg.jpg.import[39m[0m
[   1% ] [90m[1msavepack[22m | 儲存檔案：res://.godot/imported/title-key-visual.jpg-3747a514e76f4be1685613ad7f175a55.ctex[39m[0m
[   1% ] [90m[1msavepack[22m | 儲存檔案：res://assets/art/title-key-visual.jpg.import[39m[0m
[   1% ] [90m[1msavepack[22m | 儲存檔案：res://.godot/imported/explosion.wav-f11908070a3c16e9f40ac8490560a261.sample[39m[0m
[   1% ] [90m[1msavepack[22m | 儲存檔案：res://assets/audio/sfx/explosion.wav.import[39m[0m
[   2% ] [90m[1msavepack[22m | 儲存檔案：res://.godot/imported/impact_dirt.wav-df68538e40395deee3090babf6bfac61.sample[39m[0m
[   2% ] [90m[1msavepack[22m | 儲存檔案：res://assets/audio/sfx/impact_dirt.wav.import[39m[0m
[   2% ] [90m[1msavepack[22m | 儲存檔案：res://.godot/imported/impact_metal.wav-17e91e54ed9c8b75ba988284fc4cf6dd.sample[39m[0m
[   2% ] [90m[1msavepack[22m | 儲存檔案：res://assets/audio/sfx/impact_metal.wav.import[39m[0m
[   2% ] [90m[1msavepack[22m | 儲存檔案：res://.godot/imported/impact_wood.wav-7deffb055d21796d9f8ff79f91e03e6b.sample[39m[0m
[   2% ] [90m[1msavepack[22m | 儲存檔案：res://assets/audio/sfx/impact_wood.wav.import[39m[0m
[   3% ] [90m[1msavepack[22m | 儲存檔案：res://.godot/imported/reload.wav-eb2cd6b08841877b53303c7c18c2c55a.sample[39m[0m
[   3% ] [90m[1msavepack[22m | 儲存檔案：res://assets/audio/sfx/reload.wav.import[39m[0m
[   3% ] [90m[1msavepack[22m | 儲存檔案：res://.godot/imported/shot_cannon.wav-12d3aa5cd01f140c84e24bcb3e7ce6c4.sample[39m[0m
[   3% ] [90m[1msavepack[22m | 儲存檔案：res://assets/audio/sfx/shot_cannon.wav.import[39m[0m
[   4% ] [90m[1msavepack[22m | 儲存檔案：res://.godot/imported/shot_carbine.wav-93c00921152625282332a2971c663cfc.sample[39m[0m
[   4% ] [90m[1msavepack[22m | 儲存檔案：res://assets/audio/sfx/shot_carbine.wav.import[39m[0m
[   4% ] [90m[1msavepack[22m | 儲存檔案：res://.godot/imported/shot_lmg.wav-ee65c8c1d0aedb5642bb714fe70420af.sample[39m[0m
[   4% ] [90m[1msavepack[22m | 儲存檔案：res://assets/audio/sfx/shot_lmg.wav.import[39m[0m
[   4% ] [90m[1msavepack[22m | 儲存檔案：res://.godot/imported/shot_rifle.wav-5cb9d5e05031357c3474b2dc0054c134.sample[39m[0m
[   4% ] [90m[1msavepack[22m | 儲存檔案：res://assets/audio/sfx/shot_rifle.wav.import[39m[0m
[   5% ] [90m[1msavepack[22m | 儲存檔案：res://.godot/imported/shot_rocket.wav-4381e0e91c7147c3f2654bc3fc20edb8.sample[39m[0m
[   5% ] [90m[1msavepack[22m | 儲存檔案：res://assets/audio/sfx/shot_rocket.wav.import[39m[0m
[   5% ] [90m[1msavepack[22m | 儲存檔案：res://.godot/imported/shot_sniper.wav-573b5bbb7bcbe1973dd145933887e041.sample[39m[0m
[   5% ] [90m[1msavepack[22m | 儲存檔案：res://assets/audio/sfx/shot_sniper.wav.import[39m[0m
[   6% ] [90m[1msavepack[22m | 儲存檔案：res://.godot/imported/step_1.wav-1a38d111f794c6241861fb5d727a53ae.sample[39m[0m
[   6% ] [90m[1msavepack[22m | 儲存檔案：res://assets/audio/sfx/step_1.wav.import[39m[0m
[   6% ] [90m[1msavepack[22m | 儲存檔案：res://.godot/imported/step_2.wav-cca52b87126e8d8ea7ba29dcf2374b79.sample[39m[0m
[   6% ] [90m[1msavepack[22m | 儲存檔案：res://assets/audio/sfx/step_2.wav.import[39m[0m
[   6% ] [90m[1msavepack[22m | 儲存檔案：res://.godot/imported/step_3.wav-c0987fc0d6b48df24c064129595c3e91.sample[39m[0m
[   6% ] [90m[1msavepack[22m | 儲存檔案：res://assets/audio/sfx/step_3.wav.import[39m[0m
[   7% ] [90m[1msavepack[22m | 儲存檔案：res://.godot/imported/assault_atk.mp3-b49d3a6dca0d17fad18110f484d0efeb.mp3str[39m[0m
[   7% ] [90m[1msavepack[22m | 儲存檔案：res://assets/audio/voice/assault_atk.mp3.import[39m[0m
[   7% ] [90m[1msavepack[22m | 儲存檔案：res://.godot/imported/assault_down.mp3-363c13969e7263db83d72bf2d19ddfb6.mp3str[39m[0m
[   7% ] [90m[1msavepack[22m | 儲存檔案：res://assets/audio/voice/assault_down.mp3.import[39m[0m
[   8% ] [90m[1msavepack[22m | 儲存檔案：res://.godot/imported/assault_sel.mp3-15005e3d6e0875857e59a40f0d51b1ab.mp3str[39m[0m
[   8% ] [90m[1msavepack[22m | 儲存檔案：res://assets/audio/voice/assault_sel.mp3.import[39m[0m
[   8% ] [90m[1msavepack[22m | 儲存檔案：res://.godot/imported/at_atk.mp3-edb3152b7ed9b11bbdf265efb781b098.mp3str[39m[0m
[   8% ] [90m[1msavepack[22m | 儲存檔案：res://assets/audio/voice/at_atk.mp3.import[39m[0m
[   8% ] [90m[1msavepack[22m | 儲存檔案：res://.godot/imported/at_down.mp3-af0b5577f706ec5b9e081998a764ecd6.mp3str[39m[0m
[   8% ] [90m[1msavepack[22m | 儲存檔案：res://assets/audio/voice/at_down.mp3.import[39m[0m
[   9% ] [90m[1msavepack[22m | 儲存檔案：res://.godot/imported/at_sel.mp3-bbb22de308b47db2555eaa8602a3f050.mp3str[39m[0m
[   9% ] [90m[1msavepack[22m | 儲存檔案：res://assets/audio/voice/at_sel.mp3.import[39m[0m
[   9% ] [90m[1msavepack[22m | 儲存檔案：res://.godot/imported/engineer_atk.mp3-90baafc0b75cfa4b29c2c880f1f0c571.mp3str[39m[0m
[   9% ] [90m[1msavepack[22m | 儲存檔案：res://assets/audio/voice/engineer_atk.mp3.import[39m[0m
[   9% ] [90m[1msavepack[22m | 儲存檔案：res://.godot/imported/engineer_down.mp3-5add61dffc817a6c16eccd0541102cac.mp3str[39m[0m
[   9% ] [90m[1msavepack[22m | 儲存檔案：res://assets/audio/voice/engineer_down.mp3.import[39m[0m
[  10% ] [90m[1msavepack[22m | 儲存檔案：res://.godot/imported/engineer_sel.mp3-3834b8527ad8ebf812db8bc3e6d97ec9.mp3str[39m[0m
[  10% ] [90m[1msavepack[22m | 儲存檔案：res://assets/audio/voice/engineer_sel.mp3.import[39m[0m
[  10% ] [90m[1msavepack[22m | 儲存檔案：res://.godot/imported/mg_atk.mp3-e7aeba30a3781e5ab4031f5be875469f.mp3str[39m[0m
[  10% ] [90m[1msavepack[22m | 儲存檔案：res://assets/audio/voice/mg_atk.mp3.import[39m[0m
[  11% ] [90m[1msavepack[22m | 儲存檔案：res://.godot/imported/mg_down.mp3-f979bca478ad46c05f58a2e8e52a238c.mp3str[39m[0m
[  11% ] [90m[1msavepack[22m | 儲存檔案：res://assets/audio/voice/mg_down.mp3.import[39m[0m
[  11% ] [90m[1msavepack[22m | 儲存檔案：res://.godot/imported/mg_sel.mp3-79b25bdc2d6289a06c15d1f5d2f1ad2f.mp3str[39m[0m
[  11% ] [90m[1msavepack[22m | 儲存檔案：res://assets/audio/voice/mg_sel.mp3.import[39m[0m
[  11% ] [90m[1msavepack[22m | 儲存檔案：res://.godot/imported/mortar_atk.mp3-95ef5f7360b88b7b3404ba39c0f27f5f.mp3str[39m[0m
[  11% ] [90m[1msavepack[22m | 儲存檔案：res://assets/audio/voice/mortar_atk.mp3.import[39m[0m
[  12% ] [90m[1msavepack[22m | 儲存檔案：res://.godot/imported/mortar_down.mp3-22452897f650feb7abd1a116d1bc723f.mp3str[39m[0m
[  12% ] [90m[1msavepack[22m | 儲存檔案：res://assets/audio/voice/mortar_down.mp3.import[39m[0m
[  12% ] [90m[1msavepack[22m | 儲存檔案：res://.godot/imported/mortar_sel.mp3-98735cabf97c7435cae6328131192a99.mp3str[39m[0m
[  12% ] [90m[1msavepack[22m | 儲存檔案：res://assets/audio/voice/mortar_sel.mp3.import[39m[0m
[  13% ] [90m[1msavepack[22m | 儲存檔案：res://.godot/imported/rifleman_atk.mp3-e71f0e746d05a841faf0335a8d2259b6.mp3str[39m[0m
[  13% ] [90m[1msavepack[22m | 儲存檔案：res://assets/audio/voice/rifleman_atk.mp3.import[39m[0m
[  13% ] [90m[1msavepack[22m | 儲存檔案：res://.godot/imported/rifleman_down.mp3-2315f56ec3560579361f038d5f390633.mp3str[39m[0m
[  13% ] [90m[1msavepack[22m | 儲存檔案：res://assets/audio/voice/rifleman_down.mp3.import[39m[0m
[  13% ] [90m[1msavepack[22m | 儲存檔案：res://.godot/imported/rifleman_sel.mp3-533cdb4e1baed8cd5dc957b8ac694ce2.mp3str[39m[0m
[  13% ] [90m[1msavepack[22m | 儲存檔案：res://assets/audio/voice/rifleman_sel.mp3.import[39m[0m
[  14% ] [90m[1msavepack[22m | 儲存檔案：res://.godot/imported/sam_atk.mp3-b1e646a3b911e7ac3c20438b0d00aaf6.mp3str[39m[0m
[  14% ] [90m[1msavepack[22m | 儲存檔案：res://assets/audio/voice/sam_atk.mp3.import[39m[0m
[  14% ] [90m[1msavepack[22m | 儲存檔案：res://.godot/imported/sam_down.mp3-4602885ef4ba7e7235389abf2403a502.mp3str[39m[0m
[  14% ] [90m[1msavepack[22m | 儲存檔案：res://assets/audio/voice/sam_down.mp3.import[39m[0m
[  15% ] [90m[1msavepack[22m | 儲存檔案：res://.godot/imported/sam_sel.mp3-7a112ae4a2acb9bd70f3c0d2e5decc1f.mp3str[39m[0m
[  15% ] [90m[1msavepack[22m | 儲存檔案：res://assets/audio/voice/sam_sel.mp3.import[39m[0m
[  15% ] [90m[1msavepack[22m | 儲存檔案：res://.godot/imported/sniper_atk.mp3-b58099fbd9f3f66cef04946647c873c4.mp3str[39m[0m
[  15% ] [90m[1msavepack[22m | 儲存檔案：res://assets/audio/voice/sniper_atk.mp3.import[39m[0m
[  15% ] [90m[1msavepack[22m | 儲存檔案：res://.godot/imported/sniper_down.mp3-d6ab4aac4f276ae8de6d3fb22b67ecb9.mp3str[39m[0m
[  15% ] [90m[1msavepack[22m | 儲存檔案：res://assets/audio/voice/sniper_down.mp3.import[39m[0m
[  16% ] [90m[1msavepack[22m | 儲存檔案：res://.godot/imported/sniper_sel.mp3-6a68f35630c55074a1189c3cb0c06ae8.mp3str[39m[0m
[  16% ] [90m[1msavepack[22m | 儲存檔案：res://assets/audio/voice/sniper_sel.mp3.import[39m[0m
[  16% ] [90m[1msavepack[22m | 儲存檔案：res://.godot/imported/specops_atk.mp3-335ead7c8d76dcbbf90fa524af8257ad.mp3str[39m[0m
[  16% ] [90m[1msavepack[22m | 儲存檔案：res://assets/audio/voice/specops_atk.mp3.import[39m[0m
[  17% ] [90m[1msavepack[22m | 儲存檔案：res://.godot/imported/specops_down.mp3-554182e622eedb26fbd19088bfeac338.mp3str[39m[0m
[  17% ] [90m[1msavepack[22m | 儲存檔案：res://assets/audio/voice/specops_down.mp3.import[39m[0m
[  17% ] [90m[1msavepack[22m | 儲存檔案：res://.godot/imported/specops_sel.mp3-48c98a7a26675a6b2a1eeed9d51368a7.mp3str[39m[0m
[  17% ] [90m[1msavepack[22m | 儲存檔案：res://assets/audio/voice/specops_sel.mp3.import[39m[0m
[  17% ] [90m[1msavepack[22m | 儲存檔案：res://.godot/imported/battle_calm.mp3-29792a6d340578935b983e859149285c.mp3str[39m[0m
[  17% ] [90m[1msavepack[22m | 儲存檔案：res://assets/audio/battle_calm.mp3.import[39m[0m
[  18% ] [90m[1msavepack[22m | 儲存檔案：res://.godot/imported/battle_intense.mp3-bbadb216a4c4fc6e3c3766bfa02b091e.mp3str[39m[0m
[  18% ] [90m[1msavepack[22m | 儲存檔案：res://assets/audio/battle_intense.mp3.import[39m[0m
[  18% ] [90m[1msavepack[22m | 儲存檔案：res://.godot/imported/defeat.mp3-f01dad10637c8b3d020ef767028b9b11.mp3str[39m[0m
[  18% ] [90m[1msavepack[22m | 儲存檔案：res://assets/audio/defeat.mp3.import[39m[0m
[  18% ] [90m[1msavepack[22m | 儲存檔案：res://.godot/imported/menu.mp3-1560ec3e4e0fc9430e46fbe5f17cef8b.mp3str[39m[0m
[  18% ] [90m[1msavepack[22m | 儲存檔案：res://assets/audio/menu.mp3.import[39m[0m
[  19% ] [90m[1msavepack[22m | 儲存檔案：res://.godot/imported/victory.mp3-2c0e4c1c0aa8ee4be09ba0e64d5076dc.mp3str[39m[0m
[  19% ] [90m[1msavepack[22m | 儲存檔案：res://assets/audio/victory.mp3.import[39m[0m
[  19% ] [90m[1msavepack[22m | 儲存檔案：res://.godot/imported/ual_standard.glb-37f74eb5aaaf8f4bcdc3a46aa5fe8b46.scn[39m[0m
[  19% ] [90m[1msavepack[22m | 儲存檔案：res://assets/models/anims/ual_standard.glb.import[39m[0m
[  20% ] [90m[1msavepack[22m | 儲存檔案：res://.godot/imported/assault.glb-327e475dd754747c078c5b5cf26c7eb7.scn[39m[0m
[  20% ] [90m[1msavepack[22m | 儲存檔案：res://assets/models/chars/assault.glb.import[39m[0m
[  20% ] [90m[1msavepack[22m | 儲存檔案：res://.godot/imported/at.glb-25e3983ee69dad08ab42eb9cd9d55cfa.scn[39m[0m
[  20% ] [90m[1msavepack[22m | 儲存檔案：res://assets/models/chars/at.glb.import[39m[0m
[  20% ] [90m[1msavepack[22m | 儲存檔案：res://.godot/imported/barbarian_texture.png-d4fdacf366057a5650a61451432fec78.ctex[39m[0m
[  20% ] [90m[1msavepack[22m | 儲存檔案：res://assets/models/chars/barbarian_texture.png.import[39m[0m
[  21% ] [90m[1msavepack[22m | 儲存檔案：res://.godot/imported/engineer.glb-d99748e99643625da1d27c96e99138d0.scn[39m[0m
[  21% ] [90m[1msavepack[22m | 儲存檔案：res://assets/models/chars/engineer.glb.import[39m[0m
[  21% ] [90m[1msavepack[22m | 儲存檔案：res://.godot/imported/gdbot.glb-5ed59c684cf48066adaa09d81145d401.scn[39m[0m
[  21% ] [90m[1msavepack[22m | 儲存檔案：res://assets/models/chars/gdbot.glb.import[39m[0m
[  22% ] [90m[1msavepack[22m | 儲存檔案：res://.godot/imported/gdbot_diffuse.png-5407235aa9c0901ed1c0c21b3846d0df.ctex[39m[0m
[  22% ] [90m[1msavepack[22m | 儲存檔案：res://assets/models/chars/gdbot_diffuse.png.import[39m[0m
[  22% ] [90m[1msavepack[22m | 儲存檔案：res://.godot/imported/gdbot_Image.png-ab2cc3e2dff05f70012c7483f5590d80.ctex[39m[0m
[  22% ] [90m[1msavepack[22m | 儲存檔案：res://assets/models/chars/gdbot_Image.png.import[39m[0m
[  22% ] [90m[1msavepack[22m | 儲存檔案：res://.godot/imported/gdbot_normal.png-0e7d5835a8d5865b2e6ddff342a2a707.ctex[39m[0m
[  22% ] [90m[1msavepack[22m | 儲存檔案：res://assets/models/chars/gdbot_normal.png.import[39m[0m
[  23% ] [90m[1msavepack[22m | 儲存檔案：res://.godot/imported/gdbot_roughness.png-9275a9cef6766ddc23c692d454e699e1.ctex[39m[0m
[  23% ] [90m[1msavepack[22m | 儲存檔案：res://assets/models/chars/gdbot_roughness.png.import[39m[0m
[  23% ] [90m[1msavepack[22m | 儲存檔案：res://.godot/imported/gdbot_smiley.png-c70b3835f2687f85d21186c7237bee23.ctex[39m[0m
[  23% ] [90m[1msavepack[22m | 儲存檔案：res://assets/models/chars/gdbot_smiley.png.import[39m[0m
[  24% ] [90m[1msavepack[22m | 儲存檔案：res://.godot/imported/hr_m_Adventurer.fbx-a6ae55077766dffd73bcd5ae4e720e75.scn[39m[0m
[  24% ] [90m[1msavepack[22m | 儲存檔案：res://assets/models/chars/hr_m_Adventurer.fbx.import[39m[0m
[  24% ] [90m[1msavepack[22m | 儲存檔案：res://.godot/imported/hr_m_Punk.fbx-5d1f7ec06df6717ec17fb5c5e4a064a5.scn[39m[0m
[  24% ] [90m[1msavepack[22m | 儲存檔案：res://assets/models/chars/hr_m_Punk.fbx.import[39m[0m
[  24% ] [90m[1msavepack[22m | 儲存檔案：res://.godot/imported/hr_m_SciFi.fbx-518ad21f681c77729949e052f6d82b18.scn[39m[0m
[  24% ] [90m[1msavepack[22m | 儲存檔案：res://assets/models/chars/hr_m_SciFi.fbx.import[39m[0m
[  25% ] [90m[1msavepack[22m | 儲存檔案：res://.godot/imported/hr_m_Soldier.fbx-5ae6e538180eab7c77a6a08f29c6c77b.scn[39m[0m
[  25% ] [90m[1msavepack[22m | 儲存檔案：res://assets/models/chars/hr_m_Soldier.fbx.import[39m[0m
[  25% ] [90m[1msavepack[22m | 儲存檔案：res://.godot/imported/hr_m_Suit.fbx-8a02e6aa3ce8a1a4c0c129448fa591ec.scn[39m[0m
[  25% ] [90m[1msavepack[22m | 儲存檔案：res://assets/models/chars/hr_m_Suit.fbx.import[39m[0m
[  26% ] [90m[1msavepack[22m | 儲存檔案：res://.godot/imported/hr_m_Worker.fbx-7d9c6c9337f55b0b1410d82bbaa1ea14.scn[39m[0m
[  26% ] [90m[1msavepack[22m | 儲存檔案：res://assets/models/chars/hr_m_Worker.fbx.import[39m[0m
[  26% ] [90m[1msavepack[22m | 儲存檔案：res://.godot/imported/hr_soldier.fbx-b8ce6309ccf8cf35184a4c763771910f.scn[39m[0m
[  26% ] [90m[1msavepack[22m | 儲存檔案：res://assets/models/chars/hr_soldier.fbx.import[39m[0m
[  26% ] [90m[1msavepack[22m | 儲存檔案：res://.godot/imported/hr_swat.fbx-2749169092cba78bc3738b7c580fd5ea.scn[39m[0m
[  26% ] [90m[1msavepack[22m | 儲存檔案：res://assets/models/chars/hr_swat.fbx.import[39m[0m
[  27% ] [90m[1msavepack[22m | 儲存檔案：res://.godot/imported/hr_w_Casual.fbx-752466ad3241b3d70bce366c204ba860.scn[39m[0m
[  27% ] [90m[1msavepack[22m | 儲存檔案：res://assets/models/chars/hr_w_Casual.fbx.import[39m[0m
[  27% ] [90m[1msavepack[22m | 儲存檔案：res://.godot/imported/hr_w_Farmer.fbx-9b002e5d46a2cfc9291a1a5f5ee5b052.scn[39m[0m
[  27% ] [90m[1msavepack[22m | 儲存檔案：res://assets/models/chars/hr_w_Farmer.fbx.import[39m[0m
[  27% ] [90m[1msavepack[22m | 儲存檔案：res://.godot/imported/hr_w_Spacesuit.fbx-5d502a3e8a2b87726cfd69b71c868714.scn[39m[0m
[  27% ] [90m[1msavepack[22m | 儲存檔案：res://assets/models/chars/hr_w_Spacesuit.fbx.import[39m[0m
[  28% ] [90m[1msavepack[22m | 儲存檔案：res://.godot/imported/hr_w_Swat.fbx-ded5392b76856735a531661275ab09e7.scn[39m[0m
[  28% ] [90m[1msavepack[22m | 儲存檔案：res://assets/models/chars/hr_w_Swat.fbx.import[39m[0m
[  28% ] [90m[1msavepack[22m | 儲存檔案：res://.godot/imported/kk_knight.glb-cfddc95ebf91b85bf28c9b9b31121089.scn[39m[0m
[  28% ] [90m[1msavepack[22m | 儲存檔案：res://assets/models/chars/kk_knight.glb.import[39m[0m
[  29% ] [90m[1msavepack[22m | 儲存檔案：res://.godot/imported/kk_knight_knight_texture.png-dd947efa583a93506afd26798b212080.ctex[39m[0m
[  29% ] [90m[1msavepack[22m | 儲存檔案：res://assets/models/chars/kk_knight_knight_texture.png.import[39m[0m
[  29% ] [90m[1msavepack[22m | 儲存檔案：res://.godot/imported/kk_ranger.glb-48346e76bde5dc3e0542d420d3960dcd.scn[39m[0m
[  29% ] [90m[1msavepack[22m | 儲存檔案：res://assets/models/chars/kk_ranger.glb.import[39m[0m
[  29% ] [90m[1msavepack[22m | 儲存檔案：res://.godot/imported/kk_ranger_ranger_texture.png-4c01148427a1f9b355f18e7523e93b9c.ctex[39m[0m
[  29% ] [90m[1msavepack[22m | 儲存檔案：res://assets/models/chars/kk_ranger_ranger_texture.png.import[39m[0m
[  30% ] [90m[1msavepack[22m | 儲存檔案：res://.godot/imported/knight_texture.png-e3bb7e0de22f9f3508ce41a6e24eafd7.ctex[39m[0m
[  30% ] [90m[1msavepack[22m | 儲存檔案：res://assets/models/chars/knight_texture.png.import[39m[0m
[  30% ] [90m[1msavepack[22m | 儲存檔案：res://.godot/imported/mage_texture.png-c0b52669dc0af29291a6731df0a9e5ee.ctex[39m[0m
[  30% ] [90m[1msavepack[22m | 儲存檔案：res://assets/models/chars/mage_texture.png.import[39m[0m
[  31% ] [90m[1msavepack[22m | 儲存檔案：res://.godot/imported/mg-hero.glb-be2d3f180590c566318ff34dd9837a26.scn[39m[0m
[  31% ] [90m[1msavepack[22m | 儲存檔案：res://assets/models/chars/mg-hero.glb.import[39m[0m
[  31% ] [90m[1msavepack[22m | 儲存檔案：res://assets/models/chars/mg-hero_Color_e9108485-9f43-4c0b-9a3e-38072e7fc16d.jpg.import[39m[0m
[  31% ] [90m[1msavepack[22m | 儲存檔案：res://assets/models/chars/mg-hero_NormalGL_e9108485-9f43-4c0b-9a3e-38072e7fc16d.jpg.import[39m[0m
[  32% ] [90m[1msavepack[22m | 儲存檔案：res://assets/models/chars/mg-hero_ORM_e9108485-9f43-4c0b-9a3e-38072e7fc16d.jpg.import[39m[0m
[  32% ] [90m[1msavepack[22m | 儲存檔案：res://.godot/imported/mg-tripo.glb-fbcda397c7678e167f68762f61a331ea.scn[39m[0m
[  32% ] [90m[1msavepack[22m | 儲存檔案：res://assets/models/chars/mg-tripo.glb.import[39m[0m
[  33% ] [90m[1msavepack[22m | 儲存檔案：res://.godot/imported/mg-tripo_Color_e9108485-9f43-4c0b-9a3e-38072e7fc16d.jpg-784c26aec6d915011d786d4f638e1151.ctex[39m[0m
[  33% ] [90m[1msavepack[22m | 儲存檔案：res://assets/models/chars/mg-tripo_Color_e9108485-9f43-4c0b-9a3e-38072e7fc16d.jpg.import[39m[0m
[  33% ] [90m[1msavepack[22m | 儲存檔案：res://.godot/imported/mg-tripo_NormalGL_e9108485-9f43-4c0b-9a3e-38072e7fc16d.jpg-ad2077db8d62ecf6b78ddcd3132024e7.ctex[39m[0m
[  33% ] [90m[1msavepack[22m | 儲存檔案：res://assets/models/chars/mg-tripo_NormalGL_e9108485-9f43-4c0b-9a3e-38072e7fc16d.jpg.import[39m[0m
[  33% ] [90m[1msavepack[22m | 儲存檔案：res://.godot/imported/mg-tripo_ORM_e9108485-9f43-4c0b-9a3e-38072e7fc16d.jpg-ee1a442d35f29a07c0e6092dfbaf247f.ctex[39m[0m
[  33% ] [90m[1msavepack[22m | 儲存檔案：res://assets/models/chars/mg-tripo_ORM_e9108485-9f43-4c0b-9a3e-38072e7fc16d.jpg.import[39m[0m
[  33% ] [90m[1msavepack[22m | 儲存檔案：res://.godot/imported/mg.glb-ceb48401ac1e004f23e0a3a0adda3f8a.scn[39m[0m
[  33% ] [90m[1msavepack[22m | 儲存檔案：res://assets/models/chars/mg.glb.import[39m[0m
[  33% ] [90m[1msavepack[22m | 儲存檔案：res://.godot/imported/mortar.glb-d609f3c24d65ca9d49e6c979ce5a1d01.scn[39m[0m
[  33% ] [90m[1msavepack[22m | 儲存檔案：res://assets/models/chars/mortar.glb.import[39m[0m
[  33% ] [90m[1msavepack[22m | 儲存檔案：res://.godot/imported/q_soldier.gltf-7411e296f61369574605aa078e78b789.scn[39m[0m
[  33% ] [90m[1msavepack[22m | 儲存檔案：res://assets/models/chars/q_soldier.gltf.import[39m[0m
[  34% ] [90m[1msavepack[22m | 儲存檔案：res://.godot/imported/q_swat.gltf-1ba9c730e3ab99dc620a9a8293c53cbd.scn[39m[0m
[  34% ] [90m[1msavepack[22m | 儲存檔案：res://assets/models/chars/q_swat.gltf.import[39m[0m
[  34% ] [90m[1msavepack[22m | 儲存檔案：res://.godot/imported/ranger_texture.png-e06b79ddb7806dc94344bb08fc4c70bd.ctex[39m[0m
[  34% ] [90m[1msavepack[22m | 儲存檔案：res://assets/models/chars/ranger_texture.png.import[39m[0m
[  35% ] [90m[1msavepack[22m | 儲存檔案：res://.godot/imported/rifleman-hero.glb-5839999d63ce4158958f0b3b20b5f5d2.scn[39m[0m
[  35% ] [90m[1msavepack[22m | 儲存檔案：res://assets/models/chars/rifleman-hero.glb.import[39m[0m
[  35% ] [90m[1msavepack[22m | 儲存檔案：res://assets/models/chars/rifleman-hero_Color_c664f7f8-eb1d-43ce-864b-bb6abea7e0e0.jpg.import[39m[0m
[  35% ] [90m[1msavepack[22m | 儲存檔案：res://assets/models/chars/rifleman-hero_NormalGL_c664f7f8-eb1d-43ce-864b-bb6abea7e0e0.jpg.import[39m[0m
[  36% ] [90m[1msavepack[22m | 儲存檔案：res://assets/models/chars/rifleman-hero_ORM_c664f7f8-eb1d-43ce-864b-bb6abea7e0e0.jpg.import[39m[0m
[  36% ] [90m[1msavepack[22m | 儲存檔案：res://.godot/imported/rifleman-tripo.glb-7e8ec4a12270c25a1ac9e4bca370f58e.scn[39m[0m
[  36% ] [90m[1msavepack[22m | 儲存檔案：res://assets/models/chars/rifleman-tripo.glb.import[39m[0m
[  37% ] [90m[1msavepack[22m | 儲存檔案：res://.godot/imported/rifleman-tripo_Color_c664f7f8-eb1d-43ce-864b-bb6abea7e0e0.jpg-ef5e04afefe9288ef3dc2e92f68b6c15.ctex[39m[0m
[  37% ] [90m[1msavepack[22m | 儲存檔案：res://assets/models/chars/rifleman-tripo_Color_c664f7f8-eb1d-43ce-864b-bb6abea7e0e0.jpg.import[39m[0m
[  37% ] [90m[1msavepack[22m | 儲存檔案：res://.godot/imported/rifleman-tripo_NormalGL_c664f7f8-eb1d-43ce-864b-bb6abea7e0e0.jpg-c3b936cf05d7ad933af4ab2c87a686b6.ctex[39m[0m
[  37% ] [90m[1msavepack[22m | 儲存檔案：res://assets/models/chars/rifleman-tripo_NormalGL_c664f7f8-eb1d-43ce-864b-bb6abea7e0e0.jpg.import[39m[0m
[  37% ] [90m[1msavepack[22m | 儲存檔案：res://.godot/imported/rifleman-tripo_ORM_c664f7f8-eb1d-43ce-864b-bb6abea7e0e0.jpg-891245b91a89dc77977994ba4cf86988.ctex[39m[0m
[  37% ] [90m[1msavepack[22m | 儲存檔案：res://assets/models/chars/rifleman-tripo_ORM_c664f7f8-eb1d-43ce-864b-bb6abea7e0e0.jpg.import[39m[0m
[  38% ] [90m[1msavepack[22m | 儲存檔案：res://.godot/imported/rifleman.glb-294c20cbac2eb0dcd2d72d3ad60787a5.scn[39m[0m
[  38% ] [90m[1msavepack[22m | 儲存檔案：res://assets/models/chars/rifleman.glb.import[39m[0m
[  38% ] [90m[1msavepack[22m | 儲存檔案：res://.godot/imported/rogue_texture.png-d29e966f1760b2dd57aa272a7d0f3ca7.ctex[39m[0m
[  38% ] [90m[1msavepack[22m | 儲存檔案：res://assets/models/chars/rogue_texture.png.import[39m[0m
[  39% ] [90m[1msavepack[22m | 儲存檔案：res://.godot/imported/sam.glb-00bd69ee798c36b597717023c0f6462b.scn[39m[0m
[  39% ] [90m[1msavepack[22m | 儲存檔案：res://assets/models/chars/sam.glb.import[39m[0m
[  39% ] [90m[1msavepack[22m | 儲存檔案：res://.godot/imported/sniper-hero.glb-4c8a16dbb04cc09e69086110dd9a3737.scn[39m[0m
[  39% ] [90m[1msavepack[22m | 儲存檔案：res://assets/models/chars/sniper-hero.glb.import[39m[0m
[  39% ] [90m[1msavepack[22m | 儲存檔案：res://assets/models/chars/sniper-hero_Color_69fe13a6-a602-41b4-8f39-233e35eec012.jpg.import[39m[0m
[  40% ] [90m[1msavepack[22m | 儲存檔案：res://assets/models/chars/sniper-hero_NormalGL_69fe13a6-a602-41b4-8f39-233e35eec012.jpg.import[39m[0m
[  40% ] [90m[1msavepack[22m | 儲存檔案：res://assets/models/chars/sniper-hero_ORM_69fe13a6-a602-41b4-8f39-233e35eec012.jpg.import[39m[0m
[  41% ] [90m[1msavepack[22m | 儲存檔案：res://.godot/imported/sniper-tripo3.glb-0ae7594fc2814d2e271951093550411e.scn[39m[0m
[  41% ] [90m[1msavepack[22m | 儲存檔案：res://assets/models/chars/sniper-tripo3.glb.import[39m[0m
[  41% ] [90m[1msavepack[22m | 儲存檔案：res://.godot/imported/sniper-tripo3_Color_69fe13a6-a602-41b4-8f39-233e35eec012.jpg-2f44bf052482039246f29dc43c059999.ctex[39m[0m
[  41% ] [90m[1msavepack[22m | 儲存檔案：res://assets/models/chars/sniper-tripo3_Color_69fe13a6-a602-41b4-8f39-233e35eec012.jpg.import[39m[0m
[  41% ] [90m[1msavepack[22m | 儲存檔案：res://.godot/imported/sniper-tripo3_NormalGL_69fe13a6-a602-41b4-8f39-233e35eec012.jpg-82bf841e33e5fef901bb016a8f0916c9.ctex[39m[0m
[  41% ] [90m[1msavepack[22m | 儲存檔案：res://assets/models/chars/sniper-tripo3_NormalGL_69fe13a6-a602-41b4-8f39-233e35eec012.jpg.import[39m[0m
[  42% ] [90m[1msavepack[22m | 儲存檔案：res://.godot/imported/sniper-tripo3_ORM_69fe13a6-a602-41b4-8f39-233e35eec012.jpg-ad1b020e1d2887fdfc08442c84978ca7.ctex[39m[0m
[  42% ] [90m[1msavepack[22m | 儲存檔案：res://assets/models/chars/sniper-tripo3_ORM_69fe13a6-a602-41b4-8f39-233e35eec012.jpg.import[39m[0m
[  42% ] [90m[1msavepack[22m | 儲存檔案：res://.godot/imported/sniper.glb-64822be7cd18374cbb4dcbe1d976e98d.scn[39m[0m
[  42% ] [90m[1msavepack[22m | 儲存檔案：res://assets/models/chars/sniper.glb.import[39m[0m
[  42% ] [90m[1msavepack[22m | 儲存檔案：res://.godot/imported/soldier.glb-e9149f857bbc434c98b67cfead152d17.scn[39m[0m
[  42% ] [90m[1msavepack[22m | 儲存檔案：res://assets/models/chars/soldier.glb.import[39m[0m
[  43% ] [90m[1msavepack[22m | 儲存檔案：res://.godot/imported/specops.glb-032c35ed9fb6bdeab3e919488bf492f3.scn[39m[0m
[  43% ] [90m[1msavepack[22m | 儲存檔案：res://assets/models/chars/specops.glb.import[39m[0m
[  43% ] [90m[1msavepack[22m | 儲存檔案：res://.godot/imported/tank.glb-ce34ed3645b92d6d23b1e62e2f803bda.scn[39m[0m
[  43% ] [90m[1msavepack[22m | 儲存檔案：res://assets/models/chars/tank.glb.import[39m[0m
[  44% ] [90m[1msavepack[22m | 儲存檔案：res://.godot/imported/tripo_han.glb-1b9360e733a50657a6449d2db541451b.scn[39m[0m
[  44% ] [90m[1msavepack[22m | 儲存檔案：res://assets/models/chars/tripo_han.glb.import[39m[0m
[  44% ] [90m[1msavepack[22m | 儲存檔案：res://.godot/imported/tripo_han_Color_d669dcf2-74b9-4f59-a03b-1efe044f87a3.jpg-b126d53771879f650f32f7fd2b7d138f.ctex[39m[0m
[  44% ] [90m[1msavepack[22m | 儲存檔案：res://assets/models/chars/tripo_han_Color_d669dcf2-74b9-4f59-a03b-1efe044f87a3.jpg.import[39m[0m
[  44% ] [90m[1msavepack[22m | 儲存檔案：res://.godot/imported/tripo_han_NormalGL_d669dcf2-74b9-4f59-a03b-1efe044f87a3.jpg-e86c47bfb4839316b3f3390b6bdd8ff8.ctex[39m[0m
[  44% ] [90m[1msavepack[22m | 儲存檔案：res://assets/models/chars/tripo_han_NormalGL_d669dcf2-74b9-4f59-a03b-1efe044f87a3.jpg.import[39m[0m
[  45% ] [90m[1msavepack[22m | 儲存檔案：res://.godot/imported/tripo_han_ORM_d669dcf2-74b9-4f59-a03b-1efe044f87a3.jpg-17120fb43eb30f59628c8d89cc81ed7f.ctex[39m[0m
[  45% ] [90m[1msavepack[22m | 儲存檔案：res://assets/models/chars/tripo_han_ORM_d669dcf2-74b9-4f59-a03b-1efe044f87a3.jpg.import[39m[0m
[  45% ] [90m[1msavepack[22m | 儲存檔案：res://.godot/imported/T_Eye_Brown.png-49ca27c39ce1f9ed4092851f45ed824b.ctex[39m[0m
[  45% ] [90m[1msavepack[22m | 儲存檔案：res://assets/models/chars/T_Eye_Brown.png.import[39m[0m
[  46% ] [90m[1msavepack[22m | 儲存檔案：res://.godot/imported/T_Eye_Normal.png-1bc03d27787795708b3b8a7abef3f9d3.ctex[39m[0m
[  46% ] [90m[1msavepack[22m | 儲存檔案：res://assets/models/chars/T_Eye_Normal.png.import[39m[0m
[  46% ] [90m[1msavepack[22m | 儲存檔案：res://.godot/imported/T_Hair_1_BaseColor.png-74ac6a59184d5bc05eeacf76c949d1d4.ctex[39m[0m
[  46% ] [90m[1msavepack[22m | 儲存檔案：res://assets/models/chars/T_Hair_1_BaseColor.png.import[39m[0m
[  46% ] [90m[1msavepack[22m | 儲存檔案：res://.godot/imported/T_Hair_1_Normal.png-f48f938bc13d4f6e8ef92d59a053f620.ctex[39m[0m
[  46% ] [90m[1msavepack[22m | 儲存檔案：res://assets/models/chars/T_Hair_1_Normal.png.import[39m[0m
[  47% ] [90m[1msavepack[22m | 儲存檔案：res://.godot/imported/T_Hair_2_BaseColor.png-3abd2646f8fc33f6a940ccc2e6f494ff.ctex[39m[0m
[  47% ] [90m[1msavepack[22m | 儲存檔案：res://assets/models/chars/T_Hair_2_BaseColor.png.import[39m[0m
[  47% ] [90m[1msavepack[22m | 儲存檔案：res://.godot/imported/T_Hair_2_Normal.png-13a2f720366376d60783d1b8c53b0d93.ctex[39m[0m
[  47% ] [90m[1msavepack[22m | 儲存檔案：res://assets/models/chars/T_Hair_2_Normal.png.import[39m[0m
[  48% ] [90m[1msavepack[22m | 儲存檔案：res://.godot/imported/T_Superhero_Female_Dark_BaseColor.png-568492fb8334d4665fe9c5b798180bc6.ctex[39m[0m
[  48% ] [90m[1msavepack[22m | 儲存檔案：res://assets/models/chars/T_Superhero_Female_Dark_BaseColor.png.import[39m[0m
[  48% ] [90m[1msavepack[22m | 儲存檔案：res://.godot/imported/T_Superhero_Female_Light_BaseColor.png-5c8dfc768a6b877c45ace7c5feac62d7.ctex[39m[0m
[  48% ] [90m[1msavepack[22m | 儲存檔案：res://assets/models/chars/T_Superhero_Female_Light_BaseColor.png.import[39m[0m
[  48% ] [90m[1msavepack[22m | 儲存檔案：res://.godot/imported/T_Superhero_Female_Normal.png-d39ac28eaa4efba298f4d73f1e8b8563.ctex[39m[0m
[  48% ] [90m[1msavepack[22m | 儲存檔案：res://assets/models/chars/T_Superhero_Female_Normal.png.import[39m[0m
[  49% ] [90m[1msavepack[22m | 儲存檔案：res://.godot/imported/T_Superhero_Female_Roughness.png-9391c496ffa863df3782eb4d93075c8b.ctex[39m[0m
[  49% ] [90m[1msavepack[22m | 儲存檔案：res://assets/models/chars/T_Superhero_Female_Roughness.png.import[39m[0m
[  49% ] [90m[1msavepack[22m | 儲存檔案：res://.godot/imported/T_Superhero_Male_Dark.png-3b93bd1dd94e9bc2d17526a3e20f4df0.ctex[39m[0m
[  49% ] [90m[1msavepack[22m | 儲存檔案：res://assets/models/chars/T_Superhero_Male_Dark.png.import[39m[0m
[  50% ] [90m[1msavepack[22m | 儲存檔案：res://.godot/imported/T_Superhero_Male_Ligh.png-8e4552447982ae57cdfcd3c16fbb4862.ctex[39m[0m
[  50% ] [90m[1msavepack[22m | 儲存檔案：res://assets/models/chars/T_Superhero_Male_Ligh.png.import[39m[0m
[  50% ] [90m[1msavepack[22m | 儲存檔案：res://.godot/imported/T_Superhero_Male_Normal.png-5e3a10224c85914293b449bfdbc4a20b.ctex[39m[0m
[  50% ] [90m[1msavepack[22m | 儲存檔案：res://assets/models/chars/T_Superhero_Male_Normal.png.import[39m[0m
[  50% ] [90m[1msavepack[22m | 儲存檔案：res://.godot/imported/T_Superhero_Male_Roughness.png-575516219e0daab98678f6f8b517f113.ctex[39m[0m
[  50% ] [90m[1msavepack[22m | 儲存檔案：res://assets/models/chars/T_Superhero_Male_Roughness.png.import[39m[0m
[  51% ] [90m[1msavepack[22m | 儲存檔案：res://.godot/imported/ubc_male.gltf-8216f040e4b78ff1a58ed616ac0c014d.scn[39m[0m
[  51% ] [90m[1msavepack[22m | 儲存檔案：res://assets/models/chars/ubc_male.gltf.import[39m[0m
[  51% ] [90m[1msavepack[22m | 儲存檔案：res://.godot/imported/Cornice_Trim_Center.gltf-da63a38b4a3668a1cbab9493b83e7ef7.scn[39m[0m
[  51% ] [90m[1msavepack[22m | 儲存檔案：res://assets/models/city/Cornice_Trim_Center.gltf.import[39m[0m
[  51% ] [90m[1msavepack[22m | 儲存檔案：res://.godot/imported/Door_1.gltf-e53f220658b0fd8f793c2d774b818387.scn[39m[0m
[  51% ] [90m[1msavepack[22m | 儲存檔案：res://assets/models/city/Door_1.gltf.import[39m[0m
[  52% ] [90m[1msavepack[22m | 儲存檔案：res://.godot/imported/Prop_ACUnit.gltf-52d50e01eda8fa98b8ed7918c7707a4a.scn[39m[0m
[  52% ] [90m[1msavepack[22m | 儲存檔案：res://assets/models/city/Prop_ACUnit.gltf.import[39m[0m
[  52% ] [90m[1msavepack[22m | 儲存檔案：res://scripts/Unit.gdc[39m[0m
[  53% ] [90m[1msavepack[22m | 儲存檔案：res://scripts/UI.gdc[39m[0m
[  53% ] [90m[1msavepack[22m | 儲存檔案：res://scripts/Terrain.gdc[39m[0m
[  53% ] [90m[1msavepack[22m | 儲存檔案：res://scripts/TankTest.gdc[39m[0m
[  54% ] [90m[1msavepack[22m | 儲存檔案：res://.godot/imported/AssaultRifle_1.obj-c0149836a98e1c653548e981a6908c4b.mesh[39m[0m
[  54% ] [90m[1msavepack[22m | 儲存檔案：res://assets/models/weapons/AssaultRifle_1.obj.import[39m[0m
[  54% ] [90m[1msavepack[22m | 儲存檔案：res://.godot/imported/Pistol_1.obj-3d351db74065b71555e4d7e878d06c0b.mesh[39m[0m
[  54% ] [90m[1msavepack[22m | 儲存檔案：res://assets/models/weapons/Pistol_1.obj.import[39m[0m
[  55% ] [90m[1msavepack[22m | 儲存檔案：res://.godot/imported/Shotgun_1.obj-0afd5a051580740724370f38c3ad8818.mesh[39m[0m
[  55% ] [90m[1msavepack[22m | 儲存檔案：res://assets/models/weapons/Shotgun_1.obj.import[39m[0m
[  55% ] [90m[1msavepack[22m | 儲存檔案：res://.godot/imported/SniperRifle_1.obj-360856d445aa8932cbdc6d5ffcdaa0c2.mesh[39m[0m
[  55% ] [90m[1msavepack[22m | 儲存檔案：res://assets/models/weapons/SniperRifle_1.obj.import[39m[0m
[  55% ] [90m[1msavepack[22m | 儲存檔案：res://.godot/imported/SubmachineGun_1.obj-38f8d5fce1057f562485d8db34cfefcb.mesh[39m[0m
[  55% ] [90m[1msavepack[22m | 儲存檔案：res://assets/models/weapons/SubmachineGun_1.obj.import[39m[0m
[  56% ] [90m[1msavepack[22m | 儲存檔案：res://.godot/imported/bigbuilding.glb-6b48aaeeba2b0a3b84e28eb60a9b19dc.scn[39m[0m
[  56% ] [90m[1msavepack[22m | 儲存檔案：res://assets/models/bigbuilding.glb.import[39m[0m
[  56% ] [90m[1msavepack[22m | 儲存檔案：res://.godot/imported/house-b.glb-536399eff8bddddb0b72ed36e58acb04.scn[39m[0m
[  56% ] [90m[1msavepack[22m | 儲存檔案：res://assets/models/house-b.glb.import[39m[0m
[  57% ] [90m[1msavepack[22m | 儲存檔案：res://.godot/imported/pinetrees.glb-8d0cf85f0ee076023db02aae29e8b3b4.scn[39m[0m
[  57% ] [90m[1msavepack[22m | 儲存檔案：res://assets/models/pinetrees.glb.import[39m[0m
[  57% ] [90m[1msavepack[22m | 儲存檔案：res://.godot/imported/smallbuilding.glb-3aee7e46323d5f7f9ae8999ee6b77a63.scn[39m[0m
[  57% ] [90m[1msavepack[22m | 儲存檔案：res://assets/models/smallbuilding.glb.import[39m[0m
[  57% ] [90m[1msavepack[22m | 儲存檔案：res://.godot/imported/townhouse-b.glb-ad3825a7ab1c97cc899bacbdd68d3cbe.scn[39m[0m
[  57% ] [90m[1msavepack[22m | 儲存檔案：res://assets/models/townhouse-b.glb.import[39m[0m
[  58% ] [90m[1msavepack[22m | 儲存檔案：res://.godot/imported/tree-single.glb-9c0cacb224db68ecf4fc7605986fc433.scn[39m[0m
[  58% ] [90m[1msavepack[22m | 儲存檔案：res://assets/models/tree-single.glb.import[39m[0m
[  58% ] [90m[1msavepack[22m | 儲存檔案：res://.godot/imported/twostory.glb-5479bb18211523455cdd9cebe05eb166.scn[39m[0m
[  58% ] [90m[1msavepack[22m | 儲存檔案：res://assets/models/twostory.glb.import[39m[0m
[  58% ] [90m[1msavepack[22m | 儲存檔案：res://scripts/TacticalCamera.gdc[39m[0m
[  59% ] [90m[1msavepack[22m | 儲存檔案：res://.godot/imported/assault.png-00b30ea6ebcbfec812f3f8d27691ca3d.ctex[39m[0m
[  59% ] [90m[1msavepack[22m | 儲存檔案：res://assets/portraits/assault.png.import[39m[0m
[  59% ] [90m[1msavepack[22m | 儲存檔案：res://scripts/Retarget.gdc[39m[0m
[  60% ] [90m[1msavepack[22m | 儲存檔案：res://.godot/imported/assault_angry.png-5ce0493aa1296ea31bd49b964ba9d7d6.ctex[39m[0m
[  60% ] [90m[1msavepack[22m | 儲存檔案：res://assets/portraits/assault_angry.png.import[39m[0m
[  60% ] [90m[1msavepack[22m | 儲存檔案：res://scripts/Props.gdc[39m[0m
[  60% ] [90m[1msavepack[22m | 儲存檔案：res://.godot/imported/assault_hurt.png-3e60254bb6d33f101dda58c9336a1f2a.ctex[39m[0m
[  60% ] [90m[1msavepack[22m | 儲存檔案：res://assets/portraits/assault_hurt.png.import[39m[0m
[  61% ] [90m[1msavepack[22m | 儲存檔案：res://scripts/PoseProbe.gdc[39m[0m
[  61% ] [90m[1msavepack[22m | 儲存檔案：res://.godot/imported/assault_smile.png-fd1103419b767d7ee07f2b6d2ffe9ae1.ctex[39m[0m
[  61% ] [90m[1msavepack[22m | 儲存檔案：res://assets/portraits/assault_smile.png.import[39m[0m
[  62% ] [90m[1msavepack[22m | 儲存檔案：res://scripts/ObjCheck.gdc[39m[0m
[  62% ] [90m[1msavepack[22m | 儲存檔案：res://.godot/imported/at.png-b34ca9d5d709883e8d93e9851b18b6fe.ctex[39m[0m
[  62% ] [90m[1msavepack[22m | 儲存檔案：res://assets/portraits/at.png.import[39m[0m
[  62% ] [90m[1msavepack[22m | 儲存檔案：res://scripts/ModelView.gdc[39m[0m
[  63% ] [90m[1msavepack[22m | 儲存檔案：res://.godot/imported/attacker.png-76f2ca96f3d02964c44b5cb55d324fd9.ctex[39m[0m
[  63% ] [90m[1msavepack[22m | 儲存檔案：res://assets/portraits/attacker.png.import[39m[0m
[  63% ] [90m[1msavepack[22m | 儲存檔案：res://scripts/Minimap.gdc[39m[0m
[  64% ] [90m[1msavepack[22m | 儲存檔案：res://.godot/imported/at_angry.png-c6aef1c2a9c80a236593bb54ed1e247d.ctex[39m[0m
[  64% ] [90m[1msavepack[22m | 儲存檔案：res://assets/portraits/at_angry.png.import[39m[0m
[  64% ] [90m[1msavepack[22m | 儲存檔案：res://scripts/Mats.gdc[39m[0m
[  64% ] [90m[1msavepack[22m | 儲存檔案：res://.godot/imported/at_hurt.png-c3e78b3531105dee6f686a3a1bfa7ab6.ctex[39m[0m
[  64% ] [90m[1msavepack[22m | 儲存檔案：res://assets/portraits/at_hurt.png.import[39m[0m
[  65% ] [90m[1msavepack[22m | 儲存檔案：res://scripts/MatProbe.gdc[39m[0m
[  65% ] [90m[1msavepack[22m | 儲存檔案：res://.godot/imported/at_smile.png-e304a92790288bfd40c7ec4a65ddab00.ctex[39m[0m
[  65% ] [90m[1msavepack[22m | 儲存檔案：res://assets/portraits/at_smile.png.import[39m[0m
[  66% ] [90m[1msavepack[22m | 儲存檔案：res://scripts/Main.gdc[39m[0m
[  66% ] [90m[1msavepack[22m | 儲存檔案：res://.godot/imported/destroyer.png-f350ba8d8a3da7434186197526d88c67.ctex[39m[0m
[  66% ] [90m[1msavepack[22m | 儲存檔案：res://assets/portraits/destroyer.png.import[39m[0m
[  66% ] [90m[1msavepack[22m | 儲存檔案：res://scripts/LivePortraitTest.gdc[39m[0m
[  66% ] [90m[1msavepack[22m | 儲存檔案：res://.godot/imported/engineer.png-3c8268697e1f6862f007f4f95c77d41e.ctex[39m[0m
[  66% ] [90m[1msavepack[22m | 儲存檔案：res://assets/portraits/engineer.png.import[39m[0m
[  66% ] [90m[1msavepack[22m | 儲存檔案：res://scripts/GunTest.gdc[39m[0m
[  66% ] [90m[1msavepack[22m | 儲存檔案：res://.godot/imported/engineer_angry.png-cccd2782abf5bbca45d0b3feadbbc520.ctex[39m[0m
[  66% ] [90m[1msavepack[22m | 儲存檔案：res://assets/portraits/engineer_angry.png.import[39m[0m
[  67% ] [90m[1msavepack[22m | 儲存檔案：res://scripts/GlbDecimate.gdc[39m[0m
[  67% ] [90m[1msavepack[22m | 儲存檔案：res://.godot/imported/engineer_hurt.png-ff06a489a3f07c21b29939e043705706.ctex[39m[0m
[  67% ] [90m[1msavepack[22m | 儲存檔案：res://assets/portraits/engineer_hurt.png.import[39m[0m
[  68% ] [90m[1msavepack[22m | 儲存檔案：res://scripts/GameData.gdc[39m[0m
[  68% ] [90m[1msavepack[22m | 儲存檔案：res://.godot/imported/engineer_smile.png-7b36b92bfd86a8ea854caee5894f7bd2.ctex[39m[0m
[  68% ] [90m[1msavepack[22m | 儲存檔案：res://assets/portraits/engineer_smile.png.import[39m[0m
[  68% ] [90m[1msavepack[22m | 儲存檔案：res://scripts/Fortify.gdc[39m[0m
[  69% ] [90m[1msavepack[22m | 儲存檔案：res://.godot/imported/fighter.png-442e70cb60b96eccb25d7569a7440b83.ctex[39m[0m
[  69% ] [90m[1msavepack[22m | 儲存檔案：res://assets/portraits/fighter.png.import[39m[0m
[  69% ] [90m[1msavepack[22m | 儲存檔案：res://scripts/FacingTest.gdc[39m[0m
[  70% ] [90m[1msavepack[22m | 儲存檔案：res://.godot/imported/gunship.png-fadddbfecd6098770152acdfb45e9bcd.ctex[39m[0m
[  70% ] [90m[1msavepack[22m | 儲存檔案：res://assets/portraits/gunship.png.import[39m[0m
[  70% ] [90m[1msavepack[22m | 儲存檔案：res://scripts/BuildingTest.gdc[39m[0m
[  70% ] [90m[1msavepack[22m | 儲存檔案：res://.godot/imported/lst.png-1381a7dd63d3aba7f746f69b514dd32f.ctex[39m[0m
[  70% ] [90m[1msavepack[22m | 儲存檔案：res://assets/portraits/lst.png.import[39m[0m
[  71% ] [90m[1msavepack[22m | 儲存檔案：res://scripts/Building.gdc[39m[0m
[  71% ] [90m[1msavepack[22m | 儲存檔案：res://.godot/imported/mg.png-b40892af05f96d9e72481f856bc5ddd0.ctex[39m[0m
[  71% ] [90m[1msavepack[22m | 儲存檔案：res://assets/portraits/mg.png.import[39m[0m
[  72% ] [90m[1msavepack[22m | 儲存檔案：res://scripts/Biome.gdc[39m[0m
[  72% ] [90m[1msavepack[22m | 儲存檔案：res://.godot/imported/mg_angry.png-9d4b77a4bd210ead7bdd9e6007443bf4.ctex[39m[0m
[  72% ] [90m[1msavepack[22m | 儲存檔案：res://assets/portraits/mg_angry.png.import[39m[0m
[  72% ] [90m[1msavepack[22m | 儲存檔案：res://scripts/Audio.gdc[39m[0m
[  73% ] [90m[1msavepack[22m | 儲存檔案：res://.godot/imported/mg_hurt.png-71bb1038c833490a21abc6032589ca92.ctex[39m[0m
[  73% ] [90m[1msavepack[22m | 儲存檔案：res://assets/portraits/mg_hurt.png.import[39m[0m
[  73% ] [90m[1msavepack[22m | 儲存檔案：res://scripts/AniProbe.gdc[39m[0m
[  74% ] [90m[1msavepack[22m | 儲存檔案：res://.godot/imported/mg_smile.png-6f29ce9c1edd84305961cf3d1adbdc0c.ctex[39m[0m
[  74% ] [90m[1msavepack[22m | 儲存檔案：res://assets/portraits/mg_smile.png.import[39m[0m
[  74% ] [90m[1msavepack[22m | 儲存檔案：res://scripts/ActionTest.gdc[39m[0m
[  74% ] [90m[1msavepack[22m | 儲存檔案：res://.godot/imported/missileboat.png-f74172c06317d0416c15de14b897cfcc.ctex[39m[0m
[  74% ] [90m[1msavepack[22m | 儲存檔案：res://assets/portraits/missileboat.png.import[39m[0m
[  75% ] [90m[1msavepack[22m | 儲存檔案：res://scripts/_aniprobe.gdc[39m[0m
[  75% ] [90m[1msavepack[22m | 儲存檔案：res://.godot/imported/mortar.png-51bbad35799c783d8d6c4fc16bb2d264.ctex[39m[0m
[  75% ] [90m[1msavepack[22m | 儲存檔案：res://assets/portraits/mortar.png.import[39m[0m
[  75% ] [90m[1msavepack[22m | 儲存檔案：res://.godot/imported/T_RedBrick_Normal.png-a851c12f89b9603faf130fa4aec35a81.ctex[39m[0m
[  75% ] [90m[1msavepack[22m | 儲存檔案：res://assets/textures/T_RedBrick_Normal.png.import[39m[0m
[  76% ] [90m[1msavepack[22m | 儲存檔案：res://.godot/imported/mortar_angry.png-f03d3da63f6ea01fcb2f21400c90882e.ctex[39m[0m
[  76% ] [90m[1msavepack[22m | 儲存檔案：res://assets/portraits/mortar_angry.png.import[39m[0m
[  76% ] [90m[1msavepack[22m | 儲存檔案：res://.godot/imported/T_RedBrick_ORM.png-ca7377072307ce1e7425e1999231a16d.ctex[39m[0m
[  76% ] [90m[1msavepack[22m | 儲存檔案：res://assets/textures/T_RedBrick_ORM.png.import[39m[0m
[  77% ] [90m[1msavepack[22m | 儲存檔案：res://.godot/imported/mortar_hurt.png-1749907f757e004ad5f10293d0e9df4f.ctex[39m[0m
[  77% ] [90m[1msavepack[22m | 儲存檔案：res://assets/portraits/mortar_hurt.png.import[39m[0m
[  77% ] [90m[1msavepack[22m | 儲存檔案：res://.godot/imported/T_RoofSlate_BaseColor.png-37ca8e30ce20361f32d3afc341c48bc1.ctex[39m[0m
[  77% ] [90m[1msavepack[22m | 儲存檔案：res://assets/textures/T_RoofSlate_BaseColor.png.import[39m[0m
[  77% ] [90m[1msavepack[22m | 儲存檔案：res://.godot/imported/mortar_smile.png-e6a2e9a342fe903cd766a67b311444bd.ctex[39m[0m
[  77% ] [90m[1msavepack[22m | 儲存檔案：res://assets/portraits/mortar_smile.png.import[39m[0m
[  78% ] [90m[1msavepack[22m | 儲存檔案：res://.godot/imported/T_RoofSlate_Normal.png-5aab802461d673dbe49c876429047551.ctex[39m[0m
[  78% ] [90m[1msavepack[22m | 儲存檔案：res://assets/textures/T_RoofSlate_Normal.png.import[39m[0m
[  78% ] [90m[1msavepack[22m | 儲存檔案：res://.godot/imported/rifleman.png-068915aced4f9b4ce031cf2ac4b3b054.ctex[39m[0m
[  78% ] [90m[1msavepack[22m | 儲存檔案：res://assets/portraits/rifleman.png.import[39m[0m
[  79% ] [90m[1msavepack[22m | 儲存檔案：res://.godot/exported/133200997/export-9090772a5e07b26a0a31cf07b07cd8f9-ObjCheck.scn[39m[0m
[  79% ] [90m[1msavepack[22m | 儲存檔案：res://.godot/imported/rifleman_angry.png-298ae8595ee185330108982fe5d2e761.ctex[39m[0m
[  79% ] [90m[1msavepack[22m | 儲存檔案：res://assets/portraits/rifleman_angry.png.import[39m[0m
[  79% ] [90m[1msavepack[22m | 儲存檔案：res://.godot/exported/133200997/export-a1bc73c95d9f80fa3cfd5629a9a92b12-ModelView.scn[39m[0m
[  80% ] [90m[1msavepack[22m | 儲存檔案：res://.godot/imported/rifleman_hurt.png-d0a72c1bf6f333323696a8383cbe7e96.ctex[39m[0m
[  80% ] [90m[1msavepack[22m | 儲存檔案：res://assets/portraits/rifleman_hurt.png.import[39m[0m
[  80% ] [90m[1msavepack[22m | 儲存檔案：res://.godot/imported/T_RoofSlate_ORM.png-13f8f1b87c2644d6dce7c9c4405cbe2d.ctex[39m[0m
[  80% ] [90m[1msavepack[22m | 儲存檔案：res://assets/textures/T_RoofSlate_ORM.png.import[39m[0m
[  81% ] [90m[1msavepack[22m | 儲存檔案：res://.godot/imported/rifleman_smile.png-d73623625fb6ca01bd48e8fbebb1d7b4.ctex[39m[0m
[  81% ] [90m[1msavepack[22m | 儲存檔案：res://assets/portraits/rifleman_smile.png.import[39m[0m
[  81% ] [90m[1msavepack[22m | 儲存檔案：res://.godot/exported/133200997/export-4a24720ee5e787dbe30abc634fa3679d-Main.scn[39m[0m
[  81% ] [90m[1msavepack[22m | 儲存檔案：res://.godot/imported/sam.png-4991b5d6066b3082fa4c56229947ada6.ctex[39m[0m
[  81% ] [90m[1msavepack[22m | 儲存檔案：res://assets/portraits/sam.png.import[39m[0m
[  82% ] [90m[1msavepack[22m | 儲存檔案：res://.godot/imported/T_Trim_BaseColor.png-04dfb8d5d4437443c9d806406748dc4a.ctex[39m[0m
[  82% ] [90m[1msavepack[22m | 儲存檔案：res://assets/textures/T_Trim_BaseColor.png.import[39m[0m
[  82% ] [90m[1msavepack[22m | 儲存檔案：res://.godot/imported/sam_angry.png-740603ff787852d182169d908e5a699d.ctex[39m[0m
[  82% ] [90m[1msavepack[22m | 儲存檔案：res://assets/portraits/sam_angry.png.import[39m[0m
[  82% ] [90m[1msavepack[22m | 儲存檔案：res://.godot/imported/T_Trim_Normal.png-56e0fd05d3e230d028ee8864b7622106.ctex[39m[0m
[  82% ] [90m[1msavepack[22m | 儲存檔案：res://assets/textures/T_Trim_Normal.png.import[39m[0m
[  83% ] [90m[1msavepack[22m | 儲存檔案：res://.godot/imported/sam_hurt.png-1e9869bba89b4f9151725b51da337035.ctex[39m[0m
[  83% ] [90m[1msavepack[22m | 儲存檔案：res://assets/portraits/sam_hurt.png.import[39m[0m
[  83% ] [90m[1msavepack[22m | 儲存檔案：res://.godot/exported/133200997/export-5040737f1102fe1df0dc749d7df95bb5-GlbTool.scn[39m[0m
[  84% ] [90m[1msavepack[22m | 儲存檔案：res://.godot/imported/sam_smile.png-8aca06039c8ae9eb7a4a3c332f2f8231.ctex[39m[0m
[  84% ] [90m[1msavepack[22m | 儲存檔案：res://assets/portraits/sam_smile.png.import[39m[0m
[  84% ] [90m[1msavepack[22m | 儲存檔案：res://.godot/imported/T_Trim_ORM.png-4e7a7b52548c72abc95374d0900a6bb4.ctex[39m[0m
[  84% ] [90m[1msavepack[22m | 儲存檔案：res://assets/textures/T_Trim_ORM.png.import[39m[0m
[  84% ] [90m[1msavepack[22m | 儲存檔案：res://.godot/imported/sniper-conceptsheet.png-5dbd00de0e39e8c30f82232c653cb354.ctex[39m[0m
[  84% ] [90m[1msavepack[22m | 儲存檔案：res://assets/portraits/sniper-conceptsheet.png.import[39m[0m
[  85% ] [90m[1msavepack[22m | 儲存檔案：res://data/vehicle_unlock.json[39m[0m
[  85% ] [90m[1msavepack[22m | 儲存檔案：res://.godot/imported/sniper.png-2f77e9220098a3756ead2da0ef7e6700.ctex[39m[0m
[  85% ] [90m[1msavepack[22m | 儲存檔案：res://assets/portraits/sniper.png.import[39m[0m
[  86% ] [90m[1msavepack[22m | 儲存檔案：res://data/weapons.json[39m[0m
[  86% ] [90m[1msavepack[22m | 儲存檔案：res://.godot/imported/sniper_angry.png-f81774dfd6eea6f1ea2f9401983da294.ctex[39m[0m
[  86% ] [90m[1msavepack[22m | 儲存檔案：res://assets/portraits/sniper_angry.png.import[39m[0m
[  86% ] [90m[1msavepack[22m | 儲存檔案：res://data/characters.json[39m[0m
[  87% ] [90m[1msavepack[22m | 儲存檔案：res://.godot/imported/sniper_hurt.png-c487776c6b895bea7e7d394bdba4aa9c.ctex[39m[0m
[  87% ] [90m[1msavepack[22m | 儲存檔案：res://assets/portraits/sniper_hurt.png.import[39m[0m
[  87% ] [90m[1msavepack[22m | 儲存檔案：res://data/char_look.json[39m[0m
[  88% ] [90m[1msavepack[22m | 儲存檔案：res://.godot/imported/sniper_smile.png-1c354a354217e0a664355c77dd204a9a.ctex[39m[0m
[  88% ] [90m[1msavepack[22m | 儲存檔案：res://assets/portraits/sniper_smile.png.import[39m[0m
[  88% ] [90m[1msavepack[22m | 儲存檔案：res://.godot/imported/T_RedBrick_BaseColor.png-9c3726df2c8e1268cb6e931c1f84a66b.ctex[39m[0m
[  88% ] [90m[1msavepack[22m | 儲存檔案：res://assets/textures/T_RedBrick_BaseColor.png.import[39m[0m
[  88% ] [90m[1msavepack[22m | 儲存檔案：res://.godot/imported/specops.png-1d737c69bacb2a63995aebfc4867744c.ctex[39m[0m
[  88% ] [90m[1msavepack[22m | 儲存檔案：res://assets/portraits/specops.png.import[39m[0m
[  89% ] [90m[1msavepack[22m | 儲存檔案：res://data/class_base.json[39m[0m
[  89% ] [90m[1msavepack[22m | 儲存檔案：res://.godot/imported/specops_angry.png-919e9c0ffba16f2a8bdc848dfcf8460c.ctex[39m[0m
[  89% ] [90m[1msavepack[22m | 儲存檔案：res://assets/portraits/specops_angry.png.import[39m[0m
[  90% ] [90m[1msavepack[22m | 儲存檔案：res://data/maps.json[39m[0m
[  90% ] [90m[1msavepack[22m | 儲存檔案：res://.godot/imported/specops_hurt.png-ec142a744d89db9be92b766113eaa087.ctex[39m[0m
[  90% ] [90m[1msavepack[22m | 儲存檔案：res://assets/portraits/specops_hurt.png.import[39m[0m
[  90% ] [90m[1msavepack[22m | 儲存檔案：res://data/nations.json[39m[0m
[  91% ] [90m[1msavepack[22m | 儲存檔案：res://.godot/imported/specops_smile.png-974e8d04ad541c15e407de3089ded3c0.ctex[39m[0m
[  91% ] [90m[1msavepack[22m | 儲存檔案：res://assets/portraits/specops_smile.png.import[39m[0m
[  91% ] [90m[1msavepack[22m | 儲存檔案：res://data/story.json[39m[0m
[  91% ] [90m[1msavepack[22m | 儲存檔案：res://.godot/imported/submarine.png-e366b16d42f17ae60094ee786d9a208c.ctex[39m[0m
[  91% ] [90m[1msavepack[22m | 儲存檔案：res://assets/portraits/submarine.png.import[39m[0m
[  92% ] [90m[1msavepack[22m | 儲存檔案：res://data/terrain_mobility.json[39m[0m
[  92% ] [90m[1msavepack[22m | 儲存檔案：res://.godot/imported/tank.png-7963cee13c8628574e664918e2c57036.ctex[39m[0m
[  92% ] [90m[1msavepack[22m | 儲存檔案：res://assets/portraits/tank.png.import[39m[0m
[  93% ] [90m[1msavepack[22m | 儲存檔案：res://.godot/imported/T_Concrete_Asphalt_BaseColor.png-eed946822232df90c98698efe797fae2.ctex[39m[0m
[  93% ] [90m[1msavepack[22m | 儲存檔案：res://assets/textures/T_Concrete_Asphalt_BaseColor.png.import[39m[0m
[  93% ] [90m[1msavepack[22m | 儲存檔案：res://.godot/imported/T_Concrete_BaseColor.png-bf9fb2b91d524e05169b6b8ddd4dc3da.ctex[39m[0m
[  93% ] [90m[1msavepack[22m | 儲存檔案：res://assets/textures/T_Concrete_BaseColor.png.import[39m[0m
[  93% ] [90m[1msavepack[22m | 儲存檔案：res://.godot/imported/T_Concrete_Normal.png-3125666055a035a8a38d311345b0641a.ctex[39m[0m
[  93% ] [90m[1msavepack[22m | 儲存檔案：res://assets/textures/T_Concrete_Normal.png.import[39m[0m
[  94% ] [90m[1msavepack[22m | 儲存檔案：res://.godot/imported/T_Concrete_ORM.png-96dae7d87dd8e5c018a1ebd246aa5653.ctex[39m[0m
[  94% ] [90m[1msavepack[22m | 儲存檔案：res://assets/textures/T_Concrete_ORM.png.import[39m[0m
[  94% ] [90m[1msavepack[22m | 儲存檔案：res://.godot/imported/T_Dirt_BaseColor.png-3d3f6cf612ded2c304933d082897f75d.ctex[39m[0m
[  94% ] [90m[1msavepack[22m | 儲存檔案：res://assets/textures/T_Dirt_BaseColor.png.import[39m[0m
[  95% ] [90m[1msavepack[22m | 儲存檔案：res://.godot/imported/T_Dirt_Normal.png-08e1fc5d4a535da715a82e979c118e00.ctex[39m[0m
[  95% ] [90m[1msavepack[22m | 儲存檔案：res://assets/textures/T_Dirt_Normal.png.import[39m[0m
[  95% ] [90m[1msavepack[22m | 儲存檔案：res://.godot/imported/T_Dirt_ORM.png-2b1046aa4990402e92a5fe09014a3522.ctex[39m[0m
[  95% ] [90m[1msavepack[22m | 儲存檔案：res://assets/textures/T_Dirt_ORM.png.import[39m[0m
[  95% ] [90m[1msavepack[22m | 儲存檔案：res://.godot/imported/T_MarbleFloor_BaseColor.png-85c0b4445bbdf87d7059279c5826c5ae.ctex[39m[0m
[  95% ] [90m[1msavepack[22m | 儲存檔案：res://assets/textures/T_MarbleFloor_BaseColor.png.import[39m[0m
[  96% ] [90m[1msavepack[22m | 儲存檔案：res://.godot/imported/T_MarbleFloor_ORM.png-c90c7d9c4bc31efad325b85c679e485d.ctex[39m[0m
[  96% ] [90m[1msavepack[22m | 儲存檔案：res://assets/textures/T_MarbleFloor_ORM.png.import[39m[0m
[  96% ] [90m[1msavepack[22m | 儲存檔案：res://.godot/imported/T_MetalConcrete_BaseColor.png-fce6ad29557a99233a1bdfe60b434af0.ctex[39m[0m
[  96% ] [90m[1msavepack[22m | 儲存檔案：res://assets/textures/T_MetalConcrete_BaseColor.png.import[39m[0m
[  97% ] [90m[1msavepack[22m | 儲存檔案：res://.godot/imported/T_MetalConcrete_Normal.png-7a2b77921268f76c4261a12087e7de57.ctex[39m[0m
[  97% ] [90m[1msavepack[22m | 儲存檔案：res://assets/textures/T_MetalConcrete_Normal.png.import[39m[0m
[  97% ] [90m[1msavepack[22m | 儲存檔案：res://.godot/imported/T_MetalConcrete_ORM.png-2d8656fbc5cbb4b04bf910e2500c8e20.ctex[39m[0m
[  97% ] [90m[1msavepack[22m | 儲存檔案：res://assets/textures/T_MetalConcrete_ORM.png.import[39m[0m
[  97% ] [90m[1msavepack[22m | 儲存檔案：res://.godot/imported/T_Ornaments_BaseColor.png-19a78b16311679cbd8c4e9221ee33761.ctex[39m[0m
[  97% ] [90m[1msavepack[22m | 儲存檔案：res://assets/textures/T_Ornaments_BaseColor.png.import[39m[0m
[  98% ] [90m[1msavepack[22m | 儲存檔案：res://.godot/imported/T_Ornaments_Normal.png-28974050832ed8af05b8e0eb0eb8bdf7.ctex[39m[0m
[  98% ] [90m[1msavepack[22m | 儲存檔案：res://assets/textures/T_Ornaments_Normal.png.import[39m[0m
[  98% ] [90m[1msavepack[22m | 儲存檔案：res://.godot/imported/T_Ornaments_ORM.png-ce6f308561c699363f668e452cc865a1.ctex[39m[0m
[  98% ] [90m[1msavepack[22m | 儲存檔案：res://assets/textures/T_Ornaments_ORM.png.import[39m[0m
[  98% ] [90m[1msavepack[22m | 儲存檔案：res://scripts/Unit.gd.remap[39m[0m
[  98% ] [90m[1msavepack[22m | 儲存檔案：res://scripts/UI.gd.remap[39m[0m
[  98% ] [90m[1msavepack[22m | 儲存檔案：res://scripts/Terrain.gd.remap[39m[0m
[  98% ] [90m[1msavepack[22m | 儲存檔案：res://scripts/TankTest.gd.remap[39m[0m
[  98% ] [90m[1msavepack[22m | 儲存檔案：res://scripts/TacticalCamera.gd.remap[39m[0m
[  98% ] [90m[1msavepack[22m | 儲存檔案：res://scripts/Retarget.gd.remap[39m[0m
[  98% ] [90m[1msavepack[22m | 儲存檔案：res://scripts/Props.gd.remap[39m[0m
[  98% ] [90m[1msavepack[22m | 儲存檔案：res://scripts/PoseProbe.gd.remap[39m[0m
[  98% ] [90m[1msavepack[22m | 儲存檔案：res://scripts/ObjCheck.gd.remap[39m[0m
[  98% ] [90m[1msavepack[22m | 儲存檔案：res://scripts/ModelView.gd.remap[39m[0m
[  98% ] [90m[1msavepack[22m | 儲存檔案：res://scripts/Minimap.gd.remap[39m[0m
[  98% ] [90m[1msavepack[22m | 儲存檔案：res://scripts/Mats.gd.remap[39m[0m
[  98% ] [90m[1msavepack[22m | 儲存檔案：res://scripts/MatProbe.gd.remap[39m[0m
[  98% ] [90m[1msavepack[22m | 儲存檔案：res://scripts/Main.gd.remap[39m[0m
[  98% ] [90m[1msavepack[22m | 儲存檔案：res://scripts/LivePortraitTest.gd.remap[39m[0m
[  98% ] [90m[1msavepack[22m | 儲存檔案：res://scripts/GunTest.gd.remap[39m[0m
[  98% ] [90m[1msavepack[22m | 儲存檔案：res://scripts/GlbDecimate.gd.remap[39m[0m
[  98% ] [90m[1msavepack[22m | 儲存檔案：res://scripts/GameData.gd.remap[39m[0m
[  98% ] [90m[1msavepack[22m | 儲存檔案：res://scripts/Fortify.gd.remap[39m[0m
[  98% ] [90m[1msavepack[22m | 儲存檔案：res://scripts/FacingTest.gd.remap[39m[0m
[  98% ] [90m[1msavepack[22m | 儲存檔案：res://scripts/BuildingTest.gd.remap[39m[0m
[  98% ] [90m[1msavepack[22m | 儲存檔案：res://scripts/Building.gd.remap[39m[0m
[  98% ] [90m[1msavepack[22m | 儲存檔案：res://scripts/Biome.gd.remap[39m[0m
[  98% ] [90m[1msavepack[22m | 儲存檔案：res://scripts/Audio.gd.remap[39m[0m
[  98% ] [90m[1msavepack[22m | 儲存檔案：res://scripts/AniProbe.gd.remap[39m[0m
[  98% ] [90m[1msavepack[22m | 儲存檔案：res://scripts/ActionTest.gd.remap[39m[0m
[  98% ] [90m[1msavepack[22m | 儲存檔案：res://scripts/_aniprobe.gd.remap[39m[0m
[  98% ] [90m[1msavepack[22m | 儲存檔案：res://scenes/ObjCheck.tscn.remap[39m[0m
[  98% ] [90m[1msavepack[22m | 儲存檔案：res://scenes/ModelView.tscn.remap[39m[0m
[  98% ] [90m[1msavepack[22m | 儲存檔案：res://scenes/Main.tscn.remap[39m[0m
[  98% ] [90m[1msavepack[22m | 儲存檔案：res://scenes/GlbTool.tscn.remap[39m[0m
[  98% ] [90m[1msavepack[22m | 儲存檔案：res://.godot/global_script_class_cache.cfg[39m[0m
[  98% ] [90m[1msavepack[22m | 儲存檔案：res://.godot/uid_cache.bin[39m[0m
[  98% ] [90m[1msavepack[22m | 儲存檔案：res://project.binary[39m[0m
[92m[ DONE ][39m [1msavepack[22m
[0m
